Enter password: ********
Welcome to the MySQL monitor.  Commands end with ; or \g.
Your MySQL connection id is 8
Server version: 8.0.32 MySQL Community Server - GPL

Copyright (c) 2000, 2023, Oracle and/or its affiliates.

Oracle is a registered trademark of Oracle Corporation and/or its
affiliates. Other names may be trademarks of their respective
owners.

Type 'help;' or '\h' for help. Type '\c' to clear the current input statement.

mysql> use practicedb;
Database changed
mysql> select * from myemp limit 10;
+--------+------------+-----------+----------+------------+------------+----------+----------------+--------+--------+
| EMP_ID | FIRST_NAME | LAST_NAME | EMAIL    | HIRE_DATE  | JOB_ID     | SALARY   | COMMISSION_PCT | MGR_ID | DEP_ID |
+--------+------------+-----------+----------+------------+------------+----------+----------------+--------+--------+
|    100 | Steven     | King      | SKING    | 1998-06-17 | AD_PRES    | 24000.00 |           0.00 |      0 |     90 |
|    101 | Neena      | Kochhar   | NKOCHHAR | 1987-06-18 | AD_VP      | 17000.00 |           0.00 |    100 |     90 |
|    102 | Lex        | De Haan   | LDEHAAN  | 1987-06-19 | AD_VP      | 17000.00 |           0.00 |    100 |     90 |
|    103 | Alexander  | Hunold    | AHUNOLD  | 1976-06-20 | IT_PROG    |  9000.00 |           0.00 |    102 |     60 |
|    104 | Bruce      | Ernst     | BERNST   | 1987-06-21 | IT_PROG    |  6000.00 |           0.00 |    103 |     60 |
|    105 | David      | Austin    | DAUSTIN  | 1987-06-22 | IT_PROG    |  4800.00 |           0.00 |    103 |     60 |
|    106 | Valli      | Pataballa | VPATABAL | 1980-06-23 | IT_PROG    |  4800.00 |           0.00 |    103 |     60 |
|    107 | Diana      | Lorentz   | DLORENTZ | 1987-06-24 | IT_PROG    |  4200.00 |           0.00 |    103 |     60 |
|    108 | Nancy      | Greenberg | NGREENBE | 1987-06-25 | FI_MGR     | 12000.00 |           0.00 |    101 |    100 |
|    109 | Daniel     | Faviet    | DFAVIET  | 1992-06-26 | FI_ACCOUNT |  9000.00 |           0.00 |    108 |    100 |
+--------+------------+-----------+----------+------------+------------+----------+----------------+--------+--------+
10 rows in set (2.05 sec)

mysql> select * from myemp order by salary;
+--------+-------------+-------------+----------+------------+------------+----------+----------------+--------+--------+
| EMP_ID | FIRST_NAME  | LAST_NAME   | EMAIL    | HIRE_DATE  | JOB_ID     | SALARY   | COMMISSION_PCT | MGR_ID | DEP_ID |
+--------+-------------+-------------+----------+------------+------------+----------+----------------+--------+--------+
|    132 | TJ          | Olson       | TJOLSON  | 1987-07-19 | ST_CLERK   |  2100.00 |           0.00 |    121 |     50 |
|    128 | Steven      | Markle      | SMARKLE  | 1987-07-15 | ST_CLERK   |  2200.00 |           0.00 |    120 |     50 |
|    136 | Hazel       | Philtanker  | HPHILTAN | 1990-07-23 | ST_CLERK   |  2200.00 |           0.00 |    122 |     50 |
|    127 | James       | Landry      | JLANDRY  | 1978-07-14 | ST_CLERK   |  2400.00 |           0.00 |    120 |     50 |
|    135 | Ki          | Gee         | KGEE     | 1987-07-22 | ST_CLERK   |  2400.00 |           0.00 |    122 |     50 |
|    119 | Karen       | Colmenares  | KCOLMENA | 1987-07-06 | PU_CLERK   |  2500.00 |           0.00 |    114 |     30 |
|    131 | James       | Marlow      | JAMRLOW  | 1987-07-18 | ST_CLERK   |  2500.00 |           0.00 |    121 |     50 |
|    140 | Joshua      | Patel       | JPATEL   | 2011-07-27 | ST_CLERK   |  2500.00 |           0.00 |    123 |     50 |
|    144 | Peter       | Vargas      | PVARGAS  | 1998-07-31 | ST_CLERK   |  2500.00 |           0.00 |    124 |     50 |
|    182 | Martha      | Sullivan    | MSULLIVA | 1987-09-07 | SH_CLERK   |  2500.00 |           0.00 |    120 |     50 |
|    191 | Randall     | Perkins     | RPERKINS | 1987-09-16 | SH_CLERK   |  2500.00 |           0.00 |    122 |     50 |
|    118 | Guy         | Himuro      | GHIMURO  | 1995-07-05 | PU_CLERK   |  2600.00 |           0.00 |    114 |     30 |
|    143 | Randall     | Matos       | RMATOS   | 1987-07-30 | ST_CLERK   |  2600.00 |           0.00 |    124 |     50 |
|    198 | Donald      | OConnell    | DOCONNEL | 1997-09-23 | SH_CLERK   |  2600.00 |           0.00 |    124 |     50 |
|    199 | Douglas     | Grant       | DGRANT   | 1987-09-24 | SH_CLERK   |  2600.00 |           0.00 |    124 |     50 |
|    126 | Irene       | Mikkilineni | IMIKKILI | 1987-07-13 | ST_CLERK   |  2700.00 |           0.00 |    120 |     50 |
|    139 | John        | Seo         | JSEO     | 1989-07-26 | ST_CLERK   |  2700.00 |           0.00 |    123 |     50 |
|    117 | Sigal       | Tobias      | STOBIAS  | 1987-07-04 | PU_CLERK   |  2800.00 |           0.00 |    114 |     30 |
|    130 | Mozhe       | Atkinson    | MATKINSO | 1983-07-17 | ST_CLERK   |  2800.00 |           0.00 |    121 |     50 |
|    183 | Girard      | Geoni       | GGEONI   | 1987-09-08 | SH_CLERK   |  2800.00 |           0.00 |    120 |     50 |
|    195 | Vance       | Jones       | VJONES   | 1996-09-20 | SH_CLERK   |  2800.00 |           0.00 |    123 |     50 |
|    116 | Shelli      | Baida       | SBAIDA   | 1987-07-03 | PU_CLERK   |  2900.00 |           0.00 |    114 |     30 |
|    134 | Michael     | Rogers      | MROGERS  | 1987-07-21 | ST_CLERK   |  2900.00 |           0.00 |    122 |     50 |
|    190 | Timothy     | Gates       | TGATES   | 1987-09-15 | SH_CLERK   |  2900.00 |           0.00 |    122 |     50 |
|    187 | Anthony     | Cabrio      | ACABRIO  | 2007-09-12 | SH_CLERK   |  3000.00 |           0.00 |    121 |     50 |
|    197 | Kevin       | Feeney      | KFEENEY  | 1987-09-22 | SH_CLERK   |  3000.00 |           0.00 |    124 |     50 |
|    115 | Alexander   | Khoo        | AKHOO    | 1983-07-02 | PU_CLERK   |  3100.00 |           0.00 |    114 |     30 |
|    142 | Curtis      | Davies      | CDAVIES  | 1986-07-29 | ST_CLERK   |  3100.00 |           0.00 |    124 |     50 |
|    181 | Jean        | Fleaur      | JFLEAUR  | 1987-09-06 | SH_CLERK   |  3100.00 |           0.00 |    120 |     50 |
|    196 | Alana       | Walsh       | AWALSH   | 1987-09-21 | SH_CLERK   |  3100.00 |           0.00 |    124 |     50 |
|    125 | Julia       | Nayer       | JNAYER   | 1987-07-12 | ST_CLERK   |  3200.00 |           0.00 |    120 |     50 |
|    138 | Stephen     | Stiles      | SSTILES  | 1987-07-25 | ST_CLERK   |  3200.00 |           0.00 |    123 |     50 |
|    180 | Winston     | Taylor      | WTAYLOR  | 1987-09-05 | SH_CLERK   |  3200.00 |           0.00 |    120 |     50 |
|    194 | Samuel      | McCain      | SMCCAIN  | 2000-09-19 | SH_CLERK   |  3200.00 |           0.00 |    123 |     50 |
|    129 | Laura       | Bissot      | LBISSOT  | 1987-07-16 | ST_CLERK   |  3300.00 |           0.00 |    121 |     50 |
|    133 | Jason       | Mallin      | JMALLIN  | 1985-07-20 | ST_CLERK   |  3300.00 |           0.00 |    122 |     50 |
|    186 | Julia       | Dellinger   | JDELLING | 1987-09-11 | SH_CLERK   |  3400.00 |           0.00 |    121 |     50 |
|    141 | Trenna      | Rajs        | TRAJS    | 1987-07-28 | ST_CLERK   |  3500.00 |           0.00 |    124 |     50 |
|    137 | Renske      | Ladwig      | RLADWIG  | 2000-07-24 | ST_CLERK   |  3600.00 |           0.00 |    123 |     50 |
|    189 | Jennifer    | Dilly       | JDILLY   | 1987-09-14 | SH_CLERK   |  3600.00 |           0.00 |    122 |     50 |
|    188 | Kelly       | Chung       | KCHUNG   | 1987-09-13 | SH_CLERK   |  3800.00 |           0.00 |    122 |     50 |
|    193 | Britney     | Everett     | BEVERETT | 1987-09-18 | SH_CLERK   |  3900.00 |           0.00 |    123 |     50 |
|    192 | Sarah       | Bell        | SBELL    | 1987-09-17 | SH_CLERK   |  4000.00 |           0.00 |    123 |     50 |
|    185 | Alexis      | Bull        | ABULL    | 1987-09-10 | SH_CLERK   |  4100.00 |           0.00 |    121 |     50 |
|    107 | Diana       | Lorentz     | DLORENTZ | 1987-06-24 | IT_PROG    |  4200.00 |           0.00 |    103 |     60 |
|    184 | Nandita     | Sarchand    | NSARCHAN | 2012-09-09 | SH_CLERK   |  4200.00 |           0.00 |    121 |     50 |
|    200 | Jennifer    | Whalen      | JWHALEN  | 1988-09-25 | AD_ASST    |  4400.00 |           0.00 |    101 |     10 |
|    105 | David       | Austin      | DAUSTIN  | 1987-06-22 | IT_PROG    |  4800.00 |           0.00 |    103 |     60 |
|    106 | Valli       | Pataballa   | VPATABAL | 1980-06-23 | IT_PROG    |  4800.00 |           0.00 |    103 |     60 |
|    124 | Kevin       | Mourgos     | KMOURGOS | 1997-07-11 | ST_MAN     |  5800.00 |           0.00 |    100 |     50 |
|    104 | Bruce       | Ernst       | BERNST   | 1987-06-21 | IT_PROG    |  6000.00 |           0.00 |    103 |     60 |
|    202 | Pat         | Fay         | PFAY     | 1987-09-27 | MK_REP     |  6000.00 |           0.00 |    201 |     20 |
|    173 | Sundita     | Kumar       | SKUMAR   | 1987-08-29 | SA_REP     |  6100.00 |           0.10 |    148 |     80 |
|    167 | Amit        | Banda       | ABANDA   | 1987-08-23 | SA_REP     |  6200.00 |           0.10 |    147 |     80 |
|    179 | Charles     | Johnson     | CJOHNSON | 1999-09-04 | SA_REP     |  6200.00 |           0.10 |    149 |     80 |
|    166 | Sundar      | Ande        | SANDE    | 1987-08-22 | SA_REP     |  6400.00 |           0.10 |    147 |     80 |
|    123 | Shanta      | Vollman     | SVOLLMAN | 1987-07-10 | ST_MAN     |  6500.00 |           0.00 |    100 |     50 |
|    203 | Susan       | Mavris      | SMAVRIS  | 1989-09-28 | HR_REP     |  6500.00 |           0.00 |    101 |     40 |
|    165 | David       | Lee         | DLEE     | 1987-08-21 | SA_REP     |  6800.00 |           0.10 |    147 |     80 |
|    113 | Luis        | Popp        | LPOPP    | 1987-06-30 | FI_ACCOUNT |  6900.00 |           0.00 |    108 |    100 |
|    155 | Oliver      | Tuvault     | OTUVAULT | 1987-08-11 | SA_REP     |  7000.00 |           0.15 |    145 |     80 |
|    161 | Sarath      | Sewall      | SSEWALL  | 1987-08-17 | SA_REP     |  7000.00 |           0.25 |    146 |     80 |
|    164 | Mattea      | Marvins     | MMARVINS | 2007-08-20 | SA_REP     |  7200.00 |           0.10 |    147 |     80 |
|    172 | Elizabeth   | Bates       | EBATES   | 1987-08-28 | SA_REP     |  7300.00 |           0.15 |    148 |     80 |
|    171 | William     | Smith       | WSMITH   | 1987-08-27 | SA_REP     |  7400.00 |           0.15 |    148 |     80 |
|    154 | Nanette     | Cambrault   | NCAMBRAU | 1987-08-10 | SA_REP     |  7500.00 |           0.20 |    145 |     80 |
|    160 | Louise      | Doran       | LDORAN   | 2003-08-16 | SA_REP     |  7500.00 |           0.30 |    146 |     80 |
|    111 | Ismael      | Sciarra     | ISCIARRA | 1987-06-28 | FI_ACCOUNT |  7700.00 |           0.00 |    108 |    100 |
|    112 | Jose Manuel | Urman       | JMURMAN  | 1981-06-29 | FI_ACCOUNT |  7800.00 |           0.00 |    108 |    100 |
|    122 | Payam       | Kaufling    | PKAUFLIN | 1987-07-09 | ST_MAN     |  7900.00 |           0.00 |    100 |     50 |
|    120 | Matthew     | Weiss       | MWEISS   | 1987-07-07 | ST_MAN     |  8000.00 |           0.00 |    100 |     50 |
|    153 | Christopher | Olsen       | COLSEN   | 1987-08-09 | SA_REP     |  8000.00 |           0.20 |    145 |     80 |
|    159 | Lindsey     | Smith       | LSMITH   | 1987-08-15 | SA_REP     |  8000.00 |           0.30 |    146 |     80 |
|    110 | John        | Chen        | JCHEN    | 1987-06-27 | FI_ACCOUNT |  8200.00 |           0.00 |    108 |    100 |
|    121 | Adam        | Fripp       | AFRIPP   | 1990-07-08 | ST_MAN     |  8200.00 |           0.00 |    100 |     50 |
|    206 | William     | Gietz       | WGIETZ   | 1997-10-01 | AC_ACCOUNT |  8300.00 |           0.00 |    205 |    110 |
|    177 | Jack        | Livingston  | JLIVINGS | 1987-09-02 | SA_REP     |  8400.00 |           0.20 |    149 |     80 |
|    176 | Jonathon    | Taylor      | JTAYLOR  | 1987-09-01 | SA_REP     |  8600.00 |           0.20 |    149 |     80 |
|    175 | Alyssa      | Hutton      | AHUTTON  | 1996-08-31 | SA_REP     |  8800.00 |           0.25 |    149 |     80 |
|    103 | Alexander   | Hunold      | AHUNOLD  | 1976-06-20 | IT_PROG    |  9000.00 |           0.00 |    102 |     60 |
|    109 | Daniel      | Faviet      | DFAVIET  | 1992-06-26 | FI_ACCOUNT |  9000.00 |           0.00 |    108 |    100 |
|    152 | Peter       | Hall        | PHALL    | 1987-08-08 | SA_REP     |  9000.00 |           0.25 |    145 |     80 |
|    158 | Allan       | McEwen      | AMCEWEN  | 1987-08-14 | SA_REP     |  9000.00 |           0.35 |    146 |     80 |
|    151 | David       | Bernstein   | DBERNSTE | 2013-08-07 | SA_REP     |  9500.00 |           0.25 |    145 |     80 |
|    157 | Patrick     | Sully       | PSULLY   | 2002-08-13 | SA_REP     |  9500.00 |           0.35 |    146 |     80 |
|    163 | Danielle    | Greene      | DGREENE  | 1987-08-19 | SA_REP     |  9500.00 |           0.15 |    147 |     80 |
|    170 | Tayler      | Fox         | TFOX     | 1987-08-26 | SA_REP     |  9600.00 |           0.20 |    148 |     80 |
|    150 | Peter       | Tucker      | PTUCKER  | 1987-08-06 | SA_REP     | 10000.00 |           0.30 |    145 |     80 |
|    156 | Janette     | King        | JKING    | 1987-08-12 | SA_REP     | 10000.00 |           0.35 |    146 |     80 |
|    169 | Harrison    | Bloom       | HBLOOM   | 1999-08-25 | SA_REP     | 10000.00 |           0.20 |    148 |     80 |
|    204 | Hermann     | Baer        | HBAER    | 1987-09-29 | PR_REP     | 10000.00 |           0.00 |    101 |     70 |
|    149 | Eleni       | Zlotkey     | EZLOTKEY | 1987-08-05 | SA_MAN     | 10500.00 |           0.20 |    100 |     80 |
|    162 | Clara       | Vishney     | CVISHNEY | 1987-08-18 | SA_REP     | 10500.00 |           0.25 |    147 |     80 |
|    114 | Den         | Raphaely    | DRAPHEAL | 1987-07-01 | PU_MAN     | 11000.00 |           0.00 |    100 |     30 |
|    148 | Gerald      | Cambrault   | GCAMBRAU | 2015-08-04 | SA_MAN     | 11000.00 |           0.30 |    100 |     80 |
|    174 | Ellen       | Abel        | EABEL    | 1987-08-30 | SA_REP     | 11000.00 |           0.30 |    149 |     80 |
|    168 | Lisa        | Ozer        | LOZER    | 1987-08-24 | SA_REP     | 11500.00 |           0.25 |    148 |     80 |
|    108 | Nancy       | Greenberg   | NGREENBE | 1987-06-25 | FI_MGR     | 12000.00 |           0.00 |    101 |    100 |
|    147 | Alberto     | Errazuriz   | AERRAZUR | 1987-08-03 | SA_MAN     | 12000.00 |           0.30 |    100 |     80 |
|    205 | Shelley     | Higgins     | SHIGGINS | 1987-09-30 | AC_MGR     | 12000.00 |           0.00 |    101 |    110 |
|    201 | Michael     | Hartstein   | MHARTSTE | 1987-09-26 | MK_MAN     | 13000.00 |           0.00 |    100 |     20 |
|    146 | Karen       | Partners    | KPARTNER | 2019-08-02 | SA_MAN     | 13500.00 |           0.30 |    100 |     80 |
|    145 | John        | Russell     | JRUSSEL  | 1991-08-01 | SA_MAN     | 14000.00 |           0.40 |    100 |     80 |
|    101 | Neena       | Kochhar     | NKOCHHAR | 1987-06-18 | AD_VP      | 17000.00 |           0.00 |    100 |     90 |
|    102 | Lex         | De Haan     | LDEHAAN  | 1987-06-19 | AD_VP      | 17000.00 |           0.00 |    100 |     90 |
|    100 | Steven      | King        | SKING    | 1998-06-17 | AD_PRES    | 24000.00 |           0.00 |      0 |     90 |
+--------+-------------+-------------+----------+------------+------------+----------+----------------+--------+--------+
106 rows in set (0.07 sec)

mysql> select * from myemp order by first_name;
+--------+-------------+-------------+----------+------------+------------+----------+----------------+--------+--------+
| EMP_ID | FIRST_NAME  | LAST_NAME   | EMAIL    | HIRE_DATE  | JOB_ID     | SALARY   | COMMISSION_PCT | MGR_ID | DEP_ID |
+--------+-------------+-------------+----------+------------+------------+----------+----------------+--------+--------+
|    121 | Adam        | Fripp       | AFRIPP   | 1990-07-08 | ST_MAN     |  8200.00 |           0.00 |    100 |     50 |
|    196 | Alana       | Walsh       | AWALSH   | 1987-09-21 | SH_CLERK   |  3100.00 |           0.00 |    124 |     50 |
|    147 | Alberto     | Errazuriz   | AERRAZUR | 1987-08-03 | SA_MAN     | 12000.00 |           0.30 |    100 |     80 |
|    103 | Alexander   | Hunold      | AHUNOLD  | 1976-06-20 | IT_PROG    |  9000.00 |           0.00 |    102 |     60 |
|    115 | Alexander   | Khoo        | AKHOO    | 1983-07-02 | PU_CLERK   |  3100.00 |           0.00 |    114 |     30 |
|    185 | Alexis      | Bull        | ABULL    | 1987-09-10 | SH_CLERK   |  4100.00 |           0.00 |    121 |     50 |
|    158 | Allan       | McEwen      | AMCEWEN  | 1987-08-14 | SA_REP     |  9000.00 |           0.35 |    146 |     80 |
|    175 | Alyssa      | Hutton      | AHUTTON  | 1996-08-31 | SA_REP     |  8800.00 |           0.25 |    149 |     80 |
|    167 | Amit        | Banda       | ABANDA   | 1987-08-23 | SA_REP     |  6200.00 |           0.10 |    147 |     80 |
|    187 | Anthony     | Cabrio      | ACABRIO  | 2007-09-12 | SH_CLERK   |  3000.00 |           0.00 |    121 |     50 |
|    193 | Britney     | Everett     | BEVERETT | 1987-09-18 | SH_CLERK   |  3900.00 |           0.00 |    123 |     50 |
|    104 | Bruce       | Ernst       | BERNST   | 1987-06-21 | IT_PROG    |  6000.00 |           0.00 |    103 |     60 |
|    179 | Charles     | Johnson     | CJOHNSON | 1999-09-04 | SA_REP     |  6200.00 |           0.10 |    149 |     80 |
|    153 | Christopher | Olsen       | COLSEN   | 1987-08-09 | SA_REP     |  8000.00 |           0.20 |    145 |     80 |
|    162 | Clara       | Vishney     | CVISHNEY | 1987-08-18 | SA_REP     | 10500.00 |           0.25 |    147 |     80 |
|    142 | Curtis      | Davies      | CDAVIES  | 1986-07-29 | ST_CLERK   |  3100.00 |           0.00 |    124 |     50 |
|    109 | Daniel      | Faviet      | DFAVIET  | 1992-06-26 | FI_ACCOUNT |  9000.00 |           0.00 |    108 |    100 |
|    163 | Danielle    | Greene      | DGREENE  | 1987-08-19 | SA_REP     |  9500.00 |           0.15 |    147 |     80 |
|    105 | David       | Austin      | DAUSTIN  | 1987-06-22 | IT_PROG    |  4800.00 |           0.00 |    103 |     60 |
|    151 | David       | Bernstein   | DBERNSTE | 2013-08-07 | SA_REP     |  9500.00 |           0.25 |    145 |     80 |
|    165 | David       | Lee         | DLEE     | 1987-08-21 | SA_REP     |  6800.00 |           0.10 |    147 |     80 |
|    114 | Den         | Raphaely    | DRAPHEAL | 1987-07-01 | PU_MAN     | 11000.00 |           0.00 |    100 |     30 |
|    107 | Diana       | Lorentz     | DLORENTZ | 1987-06-24 | IT_PROG    |  4200.00 |           0.00 |    103 |     60 |
|    198 | Donald      | OConnell    | DOCONNEL | 1997-09-23 | SH_CLERK   |  2600.00 |           0.00 |    124 |     50 |
|    199 | Douglas     | Grant       | DGRANT   | 1987-09-24 | SH_CLERK   |  2600.00 |           0.00 |    124 |     50 |
|    149 | Eleni       | Zlotkey     | EZLOTKEY | 1987-08-05 | SA_MAN     | 10500.00 |           0.20 |    100 |     80 |
|    172 | Elizabeth   | Bates       | EBATES   | 1987-08-28 | SA_REP     |  7300.00 |           0.15 |    148 |     80 |
|    174 | Ellen       | Abel        | EABEL    | 1987-08-30 | SA_REP     | 11000.00 |           0.30 |    149 |     80 |
|    148 | Gerald      | Cambrault   | GCAMBRAU | 2015-08-04 | SA_MAN     | 11000.00 |           0.30 |    100 |     80 |
|    183 | Girard      | Geoni       | GGEONI   | 1987-09-08 | SH_CLERK   |  2800.00 |           0.00 |    120 |     50 |
|    118 | Guy         | Himuro      | GHIMURO  | 1995-07-05 | PU_CLERK   |  2600.00 |           0.00 |    114 |     30 |
|    169 | Harrison    | Bloom       | HBLOOM   | 1999-08-25 | SA_REP     | 10000.00 |           0.20 |    148 |     80 |
|    136 | Hazel       | Philtanker  | HPHILTAN | 1990-07-23 | ST_CLERK   |  2200.00 |           0.00 |    122 |     50 |
|    204 | Hermann     | Baer        | HBAER    | 1987-09-29 | PR_REP     | 10000.00 |           0.00 |    101 |     70 |
|    126 | Irene       | Mikkilineni | IMIKKILI | 1987-07-13 | ST_CLERK   |  2700.00 |           0.00 |    120 |     50 |
|    111 | Ismael      | Sciarra     | ISCIARRA | 1987-06-28 | FI_ACCOUNT |  7700.00 |           0.00 |    108 |    100 |
|    177 | Jack        | Livingston  | JLIVINGS | 1987-09-02 | SA_REP     |  8400.00 |           0.20 |    149 |     80 |
|    127 | James       | Landry      | JLANDRY  | 1978-07-14 | ST_CLERK   |  2400.00 |           0.00 |    120 |     50 |
|    131 | James       | Marlow      | JAMRLOW  | 1987-07-18 | ST_CLERK   |  2500.00 |           0.00 |    121 |     50 |
|    156 | Janette     | King        | JKING    | 1987-08-12 | SA_REP     | 10000.00 |           0.35 |    146 |     80 |
|    133 | Jason       | Mallin      | JMALLIN  | 1985-07-20 | ST_CLERK   |  3300.00 |           0.00 |    122 |     50 |
|    181 | Jean        | Fleaur      | JFLEAUR  | 1987-09-06 | SH_CLERK   |  3100.00 |           0.00 |    120 |     50 |
|    189 | Jennifer    | Dilly       | JDILLY   | 1987-09-14 | SH_CLERK   |  3600.00 |           0.00 |    122 |     50 |
|    200 | Jennifer    | Whalen      | JWHALEN  | 1988-09-25 | AD_ASST    |  4400.00 |           0.00 |    101 |     10 |
|    139 | John        | Seo         | JSEO     | 1989-07-26 | ST_CLERK   |  2700.00 |           0.00 |    123 |     50 |
|    145 | John        | Russell     | JRUSSEL  | 1991-08-01 | SA_MAN     | 14000.00 |           0.40 |    100 |     80 |
|    110 | John        | Chen        | JCHEN    | 1987-06-27 | FI_ACCOUNT |  8200.00 |           0.00 |    108 |    100 |
|    176 | Jonathon    | Taylor      | JTAYLOR  | 1987-09-01 | SA_REP     |  8600.00 |           0.20 |    149 |     80 |
|    112 | Jose Manuel | Urman       | JMURMAN  | 1981-06-29 | FI_ACCOUNT |  7800.00 |           0.00 |    108 |    100 |
|    140 | Joshua      | Patel       | JPATEL   | 2011-07-27 | ST_CLERK   |  2500.00 |           0.00 |    123 |     50 |
|    125 | Julia       | Nayer       | JNAYER   | 1987-07-12 | ST_CLERK   |  3200.00 |           0.00 |    120 |     50 |
|    186 | Julia       | Dellinger   | JDELLING | 1987-09-11 | SH_CLERK   |  3400.00 |           0.00 |    121 |     50 |
|    119 | Karen       | Colmenares  | KCOLMENA | 1987-07-06 | PU_CLERK   |  2500.00 |           0.00 |    114 |     30 |
|    146 | Karen       | Partners    | KPARTNER | 2019-08-02 | SA_MAN     | 13500.00 |           0.30 |    100 |     80 |
|    188 | Kelly       | Chung       | KCHUNG   | 1987-09-13 | SH_CLERK   |  3800.00 |           0.00 |    122 |     50 |
|    124 | Kevin       | Mourgos     | KMOURGOS | 1997-07-11 | ST_MAN     |  5800.00 |           0.00 |    100 |     50 |
|    197 | Kevin       | Feeney      | KFEENEY  | 1987-09-22 | SH_CLERK   |  3000.00 |           0.00 |    124 |     50 |
|    135 | Ki          | Gee         | KGEE     | 1987-07-22 | ST_CLERK   |  2400.00 |           0.00 |    122 |     50 |
|    129 | Laura       | Bissot      | LBISSOT  | 1987-07-16 | ST_CLERK   |  3300.00 |           0.00 |    121 |     50 |
|    102 | Lex         | De Haan     | LDEHAAN  | 1987-06-19 | AD_VP      | 17000.00 |           0.00 |    100 |     90 |
|    159 | Lindsey     | Smith       | LSMITH   | 1987-08-15 | SA_REP     |  8000.00 |           0.30 |    146 |     80 |
|    168 | Lisa        | Ozer        | LOZER    | 1987-08-24 | SA_REP     | 11500.00 |           0.25 |    148 |     80 |
|    160 | Louise      | Doran       | LDORAN   | 2003-08-16 | SA_REP     |  7500.00 |           0.30 |    146 |     80 |
|    113 | Luis        | Popp        | LPOPP    | 1987-06-30 | FI_ACCOUNT |  6900.00 |           0.00 |    108 |    100 |
|    182 | Martha      | Sullivan    | MSULLIVA | 1987-09-07 | SH_CLERK   |  2500.00 |           0.00 |    120 |     50 |
|    164 | Mattea      | Marvins     | MMARVINS | 2007-08-20 | SA_REP     |  7200.00 |           0.10 |    147 |     80 |
|    120 | Matthew     | Weiss       | MWEISS   | 1987-07-07 | ST_MAN     |  8000.00 |           0.00 |    100 |     50 |
|    201 | Michael     | Hartstein   | MHARTSTE | 1987-09-26 | MK_MAN     | 13000.00 |           0.00 |    100 |     20 |
|    134 | Michael     | Rogers      | MROGERS  | 1987-07-21 | ST_CLERK   |  2900.00 |           0.00 |    122 |     50 |
|    130 | Mozhe       | Atkinson    | MATKINSO | 1983-07-17 | ST_CLERK   |  2800.00 |           0.00 |    121 |     50 |
|    108 | Nancy       | Greenberg   | NGREENBE | 1987-06-25 | FI_MGR     | 12000.00 |           0.00 |    101 |    100 |
|    184 | Nandita     | Sarchand    | NSARCHAN | 2012-09-09 | SH_CLERK   |  4200.00 |           0.00 |    121 |     50 |
|    154 | Nanette     | Cambrault   | NCAMBRAU | 1987-08-10 | SA_REP     |  7500.00 |           0.20 |    145 |     80 |
|    101 | Neena       | Kochhar     | NKOCHHAR | 1987-06-18 | AD_VP      | 17000.00 |           0.00 |    100 |     90 |
|    155 | Oliver      | Tuvault     | OTUVAULT | 1987-08-11 | SA_REP     |  7000.00 |           0.15 |    145 |     80 |
|    202 | Pat         | Fay         | PFAY     | 1987-09-27 | MK_REP     |  6000.00 |           0.00 |    201 |     20 |
|    157 | Patrick     | Sully       | PSULLY   | 2002-08-13 | SA_REP     |  9500.00 |           0.35 |    146 |     80 |
|    122 | Payam       | Kaufling    | PKAUFLIN | 1987-07-09 | ST_MAN     |  7900.00 |           0.00 |    100 |     50 |
|    152 | Peter       | Hall        | PHALL    | 1987-08-08 | SA_REP     |  9000.00 |           0.25 |    145 |     80 |
|    144 | Peter       | Vargas      | PVARGAS  | 1998-07-31 | ST_CLERK   |  2500.00 |           0.00 |    124 |     50 |
|    150 | Peter       | Tucker      | PTUCKER  | 1987-08-06 | SA_REP     | 10000.00 |           0.30 |    145 |     80 |
|    191 | Randall     | Perkins     | RPERKINS | 1987-09-16 | SH_CLERK   |  2500.00 |           0.00 |    122 |     50 |
|    143 | Randall     | Matos       | RMATOS   | 1987-07-30 | ST_CLERK   |  2600.00 |           0.00 |    124 |     50 |
|    137 | Renske      | Ladwig      | RLADWIG  | 2000-07-24 | ST_CLERK   |  3600.00 |           0.00 |    123 |     50 |
|    194 | Samuel      | McCain      | SMCCAIN  | 2000-09-19 | SH_CLERK   |  3200.00 |           0.00 |    123 |     50 |
|    192 | Sarah       | Bell        | SBELL    | 1987-09-17 | SH_CLERK   |  4000.00 |           0.00 |    123 |     50 |
|    161 | Sarath      | Sewall      | SSEWALL  | 1987-08-17 | SA_REP     |  7000.00 |           0.25 |    146 |     80 |
|    123 | Shanta      | Vollman     | SVOLLMAN | 1987-07-10 | ST_MAN     |  6500.00 |           0.00 |    100 |     50 |
|    205 | Shelley     | Higgins     | SHIGGINS | 1987-09-30 | AC_MGR     | 12000.00 |           0.00 |    101 |    110 |
|    116 | Shelli      | Baida       | SBAIDA   | 1987-07-03 | PU_CLERK   |  2900.00 |           0.00 |    114 |     30 |
|    117 | Sigal       | Tobias      | STOBIAS  | 1987-07-04 | PU_CLERK   |  2800.00 |           0.00 |    114 |     30 |
|    138 | Stephen     | Stiles      | SSTILES  | 1987-07-25 | ST_CLERK   |  3200.00 |           0.00 |    123 |     50 |
|    128 | Steven      | Markle      | SMARKLE  | 1987-07-15 | ST_CLERK   |  2200.00 |           0.00 |    120 |     50 |
|    100 | Steven      | King        | SKING    | 1998-06-17 | AD_PRES    | 24000.00 |           0.00 |      0 |     90 |
|    166 | Sundar      | Ande        | SANDE    | 1987-08-22 | SA_REP     |  6400.00 |           0.10 |    147 |     80 |
|    173 | Sundita     | Kumar       | SKUMAR   | 1987-08-29 | SA_REP     |  6100.00 |           0.10 |    148 |     80 |
|    203 | Susan       | Mavris      | SMAVRIS  | 1989-09-28 | HR_REP     |  6500.00 |           0.00 |    101 |     40 |
|    170 | Tayler      | Fox         | TFOX     | 1987-08-26 | SA_REP     |  9600.00 |           0.20 |    148 |     80 |
|    190 | Timothy     | Gates       | TGATES   | 1987-09-15 | SH_CLERK   |  2900.00 |           0.00 |    122 |     50 |
|    132 | TJ          | Olson       | TJOLSON  | 1987-07-19 | ST_CLERK   |  2100.00 |           0.00 |    121 |     50 |
|    141 | Trenna      | Rajs        | TRAJS    | 1987-07-28 | ST_CLERK   |  3500.00 |           0.00 |    124 |     50 |
|    106 | Valli       | Pataballa   | VPATABAL | 1980-06-23 | IT_PROG    |  4800.00 |           0.00 |    103 |     60 |
|    195 | Vance       | Jones       | VJONES   | 1996-09-20 | SH_CLERK   |  2800.00 |           0.00 |    123 |     50 |
|    171 | William     | Smith       | WSMITH   | 1987-08-27 | SA_REP     |  7400.00 |           0.15 |    148 |     80 |
|    206 | William     | Gietz       | WGIETZ   | 1997-10-01 | AC_ACCOUNT |  8300.00 |           0.00 |    205 |    110 |
|    180 | Winston     | Taylor      | WTAYLOR  | 1987-09-05 | SH_CLERK   |  3200.00 |           0.00 |    120 |     50 |
+--------+-------------+-------------+----------+------------+------------+----------+----------------+--------+--------+
106 rows in set (0.03 sec)

mysql> select * from myemp order by hire_date;
+--------+-------------+-------------+----------+------------+------------+----------+----------------+--------+--------+
| EMP_ID | FIRST_NAME  | LAST_NAME   | EMAIL    | HIRE_DATE  | JOB_ID     | SALARY   | COMMISSION_PCT | MGR_ID | DEP_ID |
+--------+-------------+-------------+----------+------------+------------+----------+----------------+--------+--------+
|    103 | Alexander   | Hunold      | AHUNOLD  | 1976-06-20 | IT_PROG    |  9000.00 |           0.00 |    102 |     60 |
|    127 | James       | Landry      | JLANDRY  | 1978-07-14 | ST_CLERK   |  2400.00 |           0.00 |    120 |     50 |
|    106 | Valli       | Pataballa   | VPATABAL | 1980-06-23 | IT_PROG    |  4800.00 |           0.00 |    103 |     60 |
|    112 | Jose Manuel | Urman       | JMURMAN  | 1981-06-29 | FI_ACCOUNT |  7800.00 |           0.00 |    108 |    100 |
|    115 | Alexander   | Khoo        | AKHOO    | 1983-07-02 | PU_CLERK   |  3100.00 |           0.00 |    114 |     30 |
|    130 | Mozhe       | Atkinson    | MATKINSO | 1983-07-17 | ST_CLERK   |  2800.00 |           0.00 |    121 |     50 |
|    133 | Jason       | Mallin      | JMALLIN  | 1985-07-20 | ST_CLERK   |  3300.00 |           0.00 |    122 |     50 |
|    142 | Curtis      | Davies      | CDAVIES  | 1986-07-29 | ST_CLERK   |  3100.00 |           0.00 |    124 |     50 |
|    101 | Neena       | Kochhar     | NKOCHHAR | 1987-06-18 | AD_VP      | 17000.00 |           0.00 |    100 |     90 |
|    102 | Lex         | De Haan     | LDEHAAN  | 1987-06-19 | AD_VP      | 17000.00 |           0.00 |    100 |     90 |
|    104 | Bruce       | Ernst       | BERNST   | 1987-06-21 | IT_PROG    |  6000.00 |           0.00 |    103 |     60 |
|    105 | David       | Austin      | DAUSTIN  | 1987-06-22 | IT_PROG    |  4800.00 |           0.00 |    103 |     60 |
|    107 | Diana       | Lorentz     | DLORENTZ | 1987-06-24 | IT_PROG    |  4200.00 |           0.00 |    103 |     60 |
|    108 | Nancy       | Greenberg   | NGREENBE | 1987-06-25 | FI_MGR     | 12000.00 |           0.00 |    101 |    100 |
|    110 | John        | Chen        | JCHEN    | 1987-06-27 | FI_ACCOUNT |  8200.00 |           0.00 |    108 |    100 |
|    111 | Ismael      | Sciarra     | ISCIARRA | 1987-06-28 | FI_ACCOUNT |  7700.00 |           0.00 |    108 |    100 |
|    113 | Luis        | Popp        | LPOPP    | 1987-06-30 | FI_ACCOUNT |  6900.00 |           0.00 |    108 |    100 |
|    114 | Den         | Raphaely    | DRAPHEAL | 1987-07-01 | PU_MAN     | 11000.00 |           0.00 |    100 |     30 |
|    116 | Shelli      | Baida       | SBAIDA   | 1987-07-03 | PU_CLERK   |  2900.00 |           0.00 |    114 |     30 |
|    117 | Sigal       | Tobias      | STOBIAS  | 1987-07-04 | PU_CLERK   |  2800.00 |           0.00 |    114 |     30 |
|    119 | Karen       | Colmenares  | KCOLMENA | 1987-07-06 | PU_CLERK   |  2500.00 |           0.00 |    114 |     30 |
|    120 | Matthew     | Weiss       | MWEISS   | 1987-07-07 | ST_MAN     |  8000.00 |           0.00 |    100 |     50 |
|    122 | Payam       | Kaufling    | PKAUFLIN | 1987-07-09 | ST_MAN     |  7900.00 |           0.00 |    100 |     50 |
|    123 | Shanta      | Vollman     | SVOLLMAN | 1987-07-10 | ST_MAN     |  6500.00 |           0.00 |    100 |     50 |
|    125 | Julia       | Nayer       | JNAYER   | 1987-07-12 | ST_CLERK   |  3200.00 |           0.00 |    120 |     50 |
|    126 | Irene       | Mikkilineni | IMIKKILI | 1987-07-13 | ST_CLERK   |  2700.00 |           0.00 |    120 |     50 |
|    128 | Steven      | Markle      | SMARKLE  | 1987-07-15 | ST_CLERK   |  2200.00 |           0.00 |    120 |     50 |
|    129 | Laura       | Bissot      | LBISSOT  | 1987-07-16 | ST_CLERK   |  3300.00 |           0.00 |    121 |     50 |
|    131 | James       | Marlow      | JAMRLOW  | 1987-07-18 | ST_CLERK   |  2500.00 |           0.00 |    121 |     50 |
|    132 | TJ          | Olson       | TJOLSON  | 1987-07-19 | ST_CLERK   |  2100.00 |           0.00 |    121 |     50 |
|    134 | Michael     | Rogers      | MROGERS  | 1987-07-21 | ST_CLERK   |  2900.00 |           0.00 |    122 |     50 |
|    135 | Ki          | Gee         | KGEE     | 1987-07-22 | ST_CLERK   |  2400.00 |           0.00 |    122 |     50 |
|    138 | Stephen     | Stiles      | SSTILES  | 1987-07-25 | ST_CLERK   |  3200.00 |           0.00 |    123 |     50 |
|    141 | Trenna      | Rajs        | TRAJS    | 1987-07-28 | ST_CLERK   |  3500.00 |           0.00 |    124 |     50 |
|    143 | Randall     | Matos       | RMATOS   | 1987-07-30 | ST_CLERK   |  2600.00 |           0.00 |    124 |     50 |
|    147 | Alberto     | Errazuriz   | AERRAZUR | 1987-08-03 | SA_MAN     | 12000.00 |           0.30 |    100 |     80 |
|    149 | Eleni       | Zlotkey     | EZLOTKEY | 1987-08-05 | SA_MAN     | 10500.00 |           0.20 |    100 |     80 |
|    150 | Peter       | Tucker      | PTUCKER  | 1987-08-06 | SA_REP     | 10000.00 |           0.30 |    145 |     80 |
|    152 | Peter       | Hall        | PHALL    | 1987-08-08 | SA_REP     |  9000.00 |           0.25 |    145 |     80 |
|    153 | Christopher | Olsen       | COLSEN   | 1987-08-09 | SA_REP     |  8000.00 |           0.20 |    145 |     80 |
|    154 | Nanette     | Cambrault   | NCAMBRAU | 1987-08-10 | SA_REP     |  7500.00 |           0.20 |    145 |     80 |
|    155 | Oliver      | Tuvault     | OTUVAULT | 1987-08-11 | SA_REP     |  7000.00 |           0.15 |    145 |     80 |
|    156 | Janette     | King        | JKING    | 1987-08-12 | SA_REP     | 10000.00 |           0.35 |    146 |     80 |
|    158 | Allan       | McEwen      | AMCEWEN  | 1987-08-14 | SA_REP     |  9000.00 |           0.35 |    146 |     80 |
|    159 | Lindsey     | Smith       | LSMITH   | 1987-08-15 | SA_REP     |  8000.00 |           0.30 |    146 |     80 |
|    161 | Sarath      | Sewall      | SSEWALL  | 1987-08-17 | SA_REP     |  7000.00 |           0.25 |    146 |     80 |
|    162 | Clara       | Vishney     | CVISHNEY | 1987-08-18 | SA_REP     | 10500.00 |           0.25 |    147 |     80 |
|    163 | Danielle    | Greene      | DGREENE  | 1987-08-19 | SA_REP     |  9500.00 |           0.15 |    147 |     80 |
|    165 | David       | Lee         | DLEE     | 1987-08-21 | SA_REP     |  6800.00 |           0.10 |    147 |     80 |
|    166 | Sundar      | Ande        | SANDE    | 1987-08-22 | SA_REP     |  6400.00 |           0.10 |    147 |     80 |
|    167 | Amit        | Banda       | ABANDA   | 1987-08-23 | SA_REP     |  6200.00 |           0.10 |    147 |     80 |
|    168 | Lisa        | Ozer        | LOZER    | 1987-08-24 | SA_REP     | 11500.00 |           0.25 |    148 |     80 |
|    170 | Tayler      | Fox         | TFOX     | 1987-08-26 | SA_REP     |  9600.00 |           0.20 |    148 |     80 |
|    171 | William     | Smith       | WSMITH   | 1987-08-27 | SA_REP     |  7400.00 |           0.15 |    148 |     80 |
|    172 | Elizabeth   | Bates       | EBATES   | 1987-08-28 | SA_REP     |  7300.00 |           0.15 |    148 |     80 |
|    173 | Sundita     | Kumar       | SKUMAR   | 1987-08-29 | SA_REP     |  6100.00 |           0.10 |    148 |     80 |
|    174 | Ellen       | Abel        | EABEL    | 1987-08-30 | SA_REP     | 11000.00 |           0.30 |    149 |     80 |
|    176 | Jonathon    | Taylor      | JTAYLOR  | 1987-09-01 | SA_REP     |  8600.00 |           0.20 |    149 |     80 |
|    177 | Jack        | Livingston  | JLIVINGS | 1987-09-02 | SA_REP     |  8400.00 |           0.20 |    149 |     80 |
|    180 | Winston     | Taylor      | WTAYLOR  | 1987-09-05 | SH_CLERK   |  3200.00 |           0.00 |    120 |     50 |
|    181 | Jean        | Fleaur      | JFLEAUR  | 1987-09-06 | SH_CLERK   |  3100.00 |           0.00 |    120 |     50 |
|    182 | Martha      | Sullivan    | MSULLIVA | 1987-09-07 | SH_CLERK   |  2500.00 |           0.00 |    120 |     50 |
|    183 | Girard      | Geoni       | GGEONI   | 1987-09-08 | SH_CLERK   |  2800.00 |           0.00 |    120 |     50 |
|    185 | Alexis      | Bull        | ABULL    | 1987-09-10 | SH_CLERK   |  4100.00 |           0.00 |    121 |     50 |
|    186 | Julia       | Dellinger   | JDELLING | 1987-09-11 | SH_CLERK   |  3400.00 |           0.00 |    121 |     50 |
|    188 | Kelly       | Chung       | KCHUNG   | 1987-09-13 | SH_CLERK   |  3800.00 |           0.00 |    122 |     50 |
|    189 | Jennifer    | Dilly       | JDILLY   | 1987-09-14 | SH_CLERK   |  3600.00 |           0.00 |    122 |     50 |
|    190 | Timothy     | Gates       | TGATES   | 1987-09-15 | SH_CLERK   |  2900.00 |           0.00 |    122 |     50 |
|    191 | Randall     | Perkins     | RPERKINS | 1987-09-16 | SH_CLERK   |  2500.00 |           0.00 |    122 |     50 |
|    192 | Sarah       | Bell        | SBELL    | 1987-09-17 | SH_CLERK   |  4000.00 |           0.00 |    123 |     50 |
|    193 | Britney     | Everett     | BEVERETT | 1987-09-18 | SH_CLERK   |  3900.00 |           0.00 |    123 |     50 |
|    196 | Alana       | Walsh       | AWALSH   | 1987-09-21 | SH_CLERK   |  3100.00 |           0.00 |    124 |     50 |
|    197 | Kevin       | Feeney      | KFEENEY  | 1987-09-22 | SH_CLERK   |  3000.00 |           0.00 |    124 |     50 |
|    199 | Douglas     | Grant       | DGRANT   | 1987-09-24 | SH_CLERK   |  2600.00 |           0.00 |    124 |     50 |
|    201 | Michael     | Hartstein   | MHARTSTE | 1987-09-26 | MK_MAN     | 13000.00 |           0.00 |    100 |     20 |
|    202 | Pat         | Fay         | PFAY     | 1987-09-27 | MK_REP     |  6000.00 |           0.00 |    201 |     20 |
|    204 | Hermann     | Baer        | HBAER    | 1987-09-29 | PR_REP     | 10000.00 |           0.00 |    101 |     70 |
|    205 | Shelley     | Higgins     | SHIGGINS | 1987-09-30 | AC_MGR     | 12000.00 |           0.00 |    101 |    110 |
|    200 | Jennifer    | Whalen      | JWHALEN  | 1988-09-25 | AD_ASST    |  4400.00 |           0.00 |    101 |     10 |
|    139 | John        | Seo         | JSEO     | 1989-07-26 | ST_CLERK   |  2700.00 |           0.00 |    123 |     50 |
|    203 | Susan       | Mavris      | SMAVRIS  | 1989-09-28 | HR_REP     |  6500.00 |           0.00 |    101 |     40 |
|    121 | Adam        | Fripp       | AFRIPP   | 1990-07-08 | ST_MAN     |  8200.00 |           0.00 |    100 |     50 |
|    136 | Hazel       | Philtanker  | HPHILTAN | 1990-07-23 | ST_CLERK   |  2200.00 |           0.00 |    122 |     50 |
|    145 | John        | Russell     | JRUSSEL  | 1991-08-01 | SA_MAN     | 14000.00 |           0.40 |    100 |     80 |
|    109 | Daniel      | Faviet      | DFAVIET  | 1992-06-26 | FI_ACCOUNT |  9000.00 |           0.00 |    108 |    100 |
|    118 | Guy         | Himuro      | GHIMURO  | 1995-07-05 | PU_CLERK   |  2600.00 |           0.00 |    114 |     30 |
|    175 | Alyssa      | Hutton      | AHUTTON  | 1996-08-31 | SA_REP     |  8800.00 |           0.25 |    149 |     80 |
|    195 | Vance       | Jones       | VJONES   | 1996-09-20 | SH_CLERK   |  2800.00 |           0.00 |    123 |     50 |
|    124 | Kevin       | Mourgos     | KMOURGOS | 1997-07-11 | ST_MAN     |  5800.00 |           0.00 |    100 |     50 |
|    198 | Donald      | OConnell    | DOCONNEL | 1997-09-23 | SH_CLERK   |  2600.00 |           0.00 |    124 |     50 |
|    206 | William     | Gietz       | WGIETZ   | 1997-10-01 | AC_ACCOUNT |  8300.00 |           0.00 |    205 |    110 |
|    100 | Steven      | King        | SKING    | 1998-06-17 | AD_PRES    | 24000.00 |           0.00 |      0 |     90 |
|    144 | Peter       | Vargas      | PVARGAS  | 1998-07-31 | ST_CLERK   |  2500.00 |           0.00 |    124 |     50 |
|    169 | Harrison    | Bloom       | HBLOOM   | 1999-08-25 | SA_REP     | 10000.00 |           0.20 |    148 |     80 |
|    179 | Charles     | Johnson     | CJOHNSON | 1999-09-04 | SA_REP     |  6200.00 |           0.10 |    149 |     80 |
|    137 | Renske      | Ladwig      | RLADWIG  | 2000-07-24 | ST_CLERK   |  3600.00 |           0.00 |    123 |     50 |
|    194 | Samuel      | McCain      | SMCCAIN  | 2000-09-19 | SH_CLERK   |  3200.00 |           0.00 |    123 |     50 |
|    157 | Patrick     | Sully       | PSULLY   | 2002-08-13 | SA_REP     |  9500.00 |           0.35 |    146 |     80 |
|    160 | Louise      | Doran       | LDORAN   | 2003-08-16 | SA_REP     |  7500.00 |           0.30 |    146 |     80 |
|    164 | Mattea      | Marvins     | MMARVINS | 2007-08-20 | SA_REP     |  7200.00 |           0.10 |    147 |     80 |
|    187 | Anthony     | Cabrio      | ACABRIO  | 2007-09-12 | SH_CLERK   |  3000.00 |           0.00 |    121 |     50 |
|    140 | Joshua      | Patel       | JPATEL   | 2011-07-27 | ST_CLERK   |  2500.00 |           0.00 |    123 |     50 |
|    184 | Nandita     | Sarchand    | NSARCHAN | 2012-09-09 | SH_CLERK   |  4200.00 |           0.00 |    121 |     50 |
|    151 | David       | Bernstein   | DBERNSTE | 2013-08-07 | SA_REP     |  9500.00 |           0.25 |    145 |     80 |
|    148 | Gerald      | Cambrault   | GCAMBRAU | 2015-08-04 | SA_MAN     | 11000.00 |           0.30 |    100 |     80 |
|    146 | Karen       | Partners    | KPARTNER | 2019-08-02 | SA_MAN     | 13500.00 |           0.30 |    100 |     80 |
+--------+-------------+-------------+----------+------------+------------+----------+----------------+--------+--------+
106 rows in set (2.57 sec)

mysql> select * from myemp order by hire_date desc;
+--------+-------------+-------------+----------+------------+------------+----------+----------------+--------+--------+
| EMP_ID | FIRST_NAME  | LAST_NAME   | EMAIL    | HIRE_DATE  | JOB_ID     | SALARY   | COMMISSION_PCT | MGR_ID | DEP_ID |
+--------+-------------+-------------+----------+------------+------------+----------+----------------+--------+--------+
|    146 | Karen       | Partners    | KPARTNER | 2019-08-02 | SA_MAN     | 13500.00 |           0.30 |    100 |     80 |
|    148 | Gerald      | Cambrault   | GCAMBRAU | 2015-08-04 | SA_MAN     | 11000.00 |           0.30 |    100 |     80 |
|    151 | David       | Bernstein   | DBERNSTE | 2013-08-07 | SA_REP     |  9500.00 |           0.25 |    145 |     80 |
|    184 | Nandita     | Sarchand    | NSARCHAN | 2012-09-09 | SH_CLERK   |  4200.00 |           0.00 |    121 |     50 |
|    140 | Joshua      | Patel       | JPATEL   | 2011-07-27 | ST_CLERK   |  2500.00 |           0.00 |    123 |     50 |
|    187 | Anthony     | Cabrio      | ACABRIO  | 2007-09-12 | SH_CLERK   |  3000.00 |           0.00 |    121 |     50 |
|    164 | Mattea      | Marvins     | MMARVINS | 2007-08-20 | SA_REP     |  7200.00 |           0.10 |    147 |     80 |
|    160 | Louise      | Doran       | LDORAN   | 2003-08-16 | SA_REP     |  7500.00 |           0.30 |    146 |     80 |
|    157 | Patrick     | Sully       | PSULLY   | 2002-08-13 | SA_REP     |  9500.00 |           0.35 |    146 |     80 |
|    194 | Samuel      | McCain      | SMCCAIN  | 2000-09-19 | SH_CLERK   |  3200.00 |           0.00 |    123 |     50 |
|    137 | Renske      | Ladwig      | RLADWIG  | 2000-07-24 | ST_CLERK   |  3600.00 |           0.00 |    123 |     50 |
|    179 | Charles     | Johnson     | CJOHNSON | 1999-09-04 | SA_REP     |  6200.00 |           0.10 |    149 |     80 |
|    169 | Harrison    | Bloom       | HBLOOM   | 1999-08-25 | SA_REP     | 10000.00 |           0.20 |    148 |     80 |
|    144 | Peter       | Vargas      | PVARGAS  | 1998-07-31 | ST_CLERK   |  2500.00 |           0.00 |    124 |     50 |
|    100 | Steven      | King        | SKING    | 1998-06-17 | AD_PRES    | 24000.00 |           0.00 |      0 |     90 |
|    206 | William     | Gietz       | WGIETZ   | 1997-10-01 | AC_ACCOUNT |  8300.00 |           0.00 |    205 |    110 |
|    198 | Donald      | OConnell    | DOCONNEL | 1997-09-23 | SH_CLERK   |  2600.00 |           0.00 |    124 |     50 |
|    124 | Kevin       | Mourgos     | KMOURGOS | 1997-07-11 | ST_MAN     |  5800.00 |           0.00 |    100 |     50 |
|    195 | Vance       | Jones       | VJONES   | 1996-09-20 | SH_CLERK   |  2800.00 |           0.00 |    123 |     50 |
|    175 | Alyssa      | Hutton      | AHUTTON  | 1996-08-31 | SA_REP     |  8800.00 |           0.25 |    149 |     80 |
|    118 | Guy         | Himuro      | GHIMURO  | 1995-07-05 | PU_CLERK   |  2600.00 |           0.00 |    114 |     30 |
|    109 | Daniel      | Faviet      | DFAVIET  | 1992-06-26 | FI_ACCOUNT |  9000.00 |           0.00 |    108 |    100 |
|    145 | John        | Russell     | JRUSSEL  | 1991-08-01 | SA_MAN     | 14000.00 |           0.40 |    100 |     80 |
|    136 | Hazel       | Philtanker  | HPHILTAN | 1990-07-23 | ST_CLERK   |  2200.00 |           0.00 |    122 |     50 |
|    121 | Adam        | Fripp       | AFRIPP   | 1990-07-08 | ST_MAN     |  8200.00 |           0.00 |    100 |     50 |
|    203 | Susan       | Mavris      | SMAVRIS  | 1989-09-28 | HR_REP     |  6500.00 |           0.00 |    101 |     40 |
|    139 | John        | Seo         | JSEO     | 1989-07-26 | ST_CLERK   |  2700.00 |           0.00 |    123 |     50 |
|    200 | Jennifer    | Whalen      | JWHALEN  | 1988-09-25 | AD_ASST    |  4400.00 |           0.00 |    101 |     10 |
|    205 | Shelley     | Higgins     | SHIGGINS | 1987-09-30 | AC_MGR     | 12000.00 |           0.00 |    101 |    110 |
|    204 | Hermann     | Baer        | HBAER    | 1987-09-29 | PR_REP     | 10000.00 |           0.00 |    101 |     70 |
|    202 | Pat         | Fay         | PFAY     | 1987-09-27 | MK_REP     |  6000.00 |           0.00 |    201 |     20 |
|    201 | Michael     | Hartstein   | MHARTSTE | 1987-09-26 | MK_MAN     | 13000.00 |           0.00 |    100 |     20 |
|    199 | Douglas     | Grant       | DGRANT   | 1987-09-24 | SH_CLERK   |  2600.00 |           0.00 |    124 |     50 |
|    197 | Kevin       | Feeney      | KFEENEY  | 1987-09-22 | SH_CLERK   |  3000.00 |           0.00 |    124 |     50 |
|    196 | Alana       | Walsh       | AWALSH   | 1987-09-21 | SH_CLERK   |  3100.00 |           0.00 |    124 |     50 |
|    193 | Britney     | Everett     | BEVERETT | 1987-09-18 | SH_CLERK   |  3900.00 |           0.00 |    123 |     50 |
|    192 | Sarah       | Bell        | SBELL    | 1987-09-17 | SH_CLERK   |  4000.00 |           0.00 |    123 |     50 |
|    191 | Randall     | Perkins     | RPERKINS | 1987-09-16 | SH_CLERK   |  2500.00 |           0.00 |    122 |     50 |
|    190 | Timothy     | Gates       | TGATES   | 1987-09-15 | SH_CLERK   |  2900.00 |           0.00 |    122 |     50 |
|    189 | Jennifer    | Dilly       | JDILLY   | 1987-09-14 | SH_CLERK   |  3600.00 |           0.00 |    122 |     50 |
|    188 | Kelly       | Chung       | KCHUNG   | 1987-09-13 | SH_CLERK   |  3800.00 |           0.00 |    122 |     50 |
|    186 | Julia       | Dellinger   | JDELLING | 1987-09-11 | SH_CLERK   |  3400.00 |           0.00 |    121 |     50 |
|    185 | Alexis      | Bull        | ABULL    | 1987-09-10 | SH_CLERK   |  4100.00 |           0.00 |    121 |     50 |
|    183 | Girard      | Geoni       | GGEONI   | 1987-09-08 | SH_CLERK   |  2800.00 |           0.00 |    120 |     50 |
|    182 | Martha      | Sullivan    | MSULLIVA | 1987-09-07 | SH_CLERK   |  2500.00 |           0.00 |    120 |     50 |
|    181 | Jean        | Fleaur      | JFLEAUR  | 1987-09-06 | SH_CLERK   |  3100.00 |           0.00 |    120 |     50 |
|    180 | Winston     | Taylor      | WTAYLOR  | 1987-09-05 | SH_CLERK   |  3200.00 |           0.00 |    120 |     50 |
|    177 | Jack        | Livingston  | JLIVINGS | 1987-09-02 | SA_REP     |  8400.00 |           0.20 |    149 |     80 |
|    176 | Jonathon    | Taylor      | JTAYLOR  | 1987-09-01 | SA_REP     |  8600.00 |           0.20 |    149 |     80 |
|    174 | Ellen       | Abel        | EABEL    | 1987-08-30 | SA_REP     | 11000.00 |           0.30 |    149 |     80 |
|    173 | Sundita     | Kumar       | SKUMAR   | 1987-08-29 | SA_REP     |  6100.00 |           0.10 |    148 |     80 |
|    172 | Elizabeth   | Bates       | EBATES   | 1987-08-28 | SA_REP     |  7300.00 |           0.15 |    148 |     80 |
|    171 | William     | Smith       | WSMITH   | 1987-08-27 | SA_REP     |  7400.00 |           0.15 |    148 |     80 |
|    170 | Tayler      | Fox         | TFOX     | 1987-08-26 | SA_REP     |  9600.00 |           0.20 |    148 |     80 |
|    168 | Lisa        | Ozer        | LOZER    | 1987-08-24 | SA_REP     | 11500.00 |           0.25 |    148 |     80 |
|    167 | Amit        | Banda       | ABANDA   | 1987-08-23 | SA_REP     |  6200.00 |           0.10 |    147 |     80 |
|    166 | Sundar      | Ande        | SANDE    | 1987-08-22 | SA_REP     |  6400.00 |           0.10 |    147 |     80 |
|    165 | David       | Lee         | DLEE     | 1987-08-21 | SA_REP     |  6800.00 |           0.10 |    147 |     80 |
|    163 | Danielle    | Greene      | DGREENE  | 1987-08-19 | SA_REP     |  9500.00 |           0.15 |    147 |     80 |
|    162 | Clara       | Vishney     | CVISHNEY | 1987-08-18 | SA_REP     | 10500.00 |           0.25 |    147 |     80 |
|    161 | Sarath      | Sewall      | SSEWALL  | 1987-08-17 | SA_REP     |  7000.00 |           0.25 |    146 |     80 |
|    159 | Lindsey     | Smith       | LSMITH   | 1987-08-15 | SA_REP     |  8000.00 |           0.30 |    146 |     80 |
|    158 | Allan       | McEwen      | AMCEWEN  | 1987-08-14 | SA_REP     |  9000.00 |           0.35 |    146 |     80 |
|    156 | Janette     | King        | JKING    | 1987-08-12 | SA_REP     | 10000.00 |           0.35 |    146 |     80 |
|    155 | Oliver      | Tuvault     | OTUVAULT | 1987-08-11 | SA_REP     |  7000.00 |           0.15 |    145 |     80 |
|    154 | Nanette     | Cambrault   | NCAMBRAU | 1987-08-10 | SA_REP     |  7500.00 |           0.20 |    145 |     80 |
|    153 | Christopher | Olsen       | COLSEN   | 1987-08-09 | SA_REP     |  8000.00 |           0.20 |    145 |     80 |
|    152 | Peter       | Hall        | PHALL    | 1987-08-08 | SA_REP     |  9000.00 |           0.25 |    145 |     80 |
|    150 | Peter       | Tucker      | PTUCKER  | 1987-08-06 | SA_REP     | 10000.00 |           0.30 |    145 |     80 |
|    149 | Eleni       | Zlotkey     | EZLOTKEY | 1987-08-05 | SA_MAN     | 10500.00 |           0.20 |    100 |     80 |
|    147 | Alberto     | Errazuriz   | AERRAZUR | 1987-08-03 | SA_MAN     | 12000.00 |           0.30 |    100 |     80 |
|    143 | Randall     | Matos       | RMATOS   | 1987-07-30 | ST_CLERK   |  2600.00 |           0.00 |    124 |     50 |
|    141 | Trenna      | Rajs        | TRAJS    | 1987-07-28 | ST_CLERK   |  3500.00 |           0.00 |    124 |     50 |
|    138 | Stephen     | Stiles      | SSTILES  | 1987-07-25 | ST_CLERK   |  3200.00 |           0.00 |    123 |     50 |
|    135 | Ki          | Gee         | KGEE     | 1987-07-22 | ST_CLERK   |  2400.00 |           0.00 |    122 |     50 |
|    134 | Michael     | Rogers      | MROGERS  | 1987-07-21 | ST_CLERK   |  2900.00 |           0.00 |    122 |     50 |
|    132 | TJ          | Olson       | TJOLSON  | 1987-07-19 | ST_CLERK   |  2100.00 |           0.00 |    121 |     50 |
|    131 | James       | Marlow      | JAMRLOW  | 1987-07-18 | ST_CLERK   |  2500.00 |           0.00 |    121 |     50 |
|    129 | Laura       | Bissot      | LBISSOT  | 1987-07-16 | ST_CLERK   |  3300.00 |           0.00 |    121 |     50 |
|    128 | Steven      | Markle      | SMARKLE  | 1987-07-15 | ST_CLERK   |  2200.00 |           0.00 |    120 |     50 |
|    126 | Irene       | Mikkilineni | IMIKKILI | 1987-07-13 | ST_CLERK   |  2700.00 |           0.00 |    120 |     50 |
|    125 | Julia       | Nayer       | JNAYER   | 1987-07-12 | ST_CLERK   |  3200.00 |           0.00 |    120 |     50 |
|    123 | Shanta      | Vollman     | SVOLLMAN | 1987-07-10 | ST_MAN     |  6500.00 |           0.00 |    100 |     50 |
|    122 | Payam       | Kaufling    | PKAUFLIN | 1987-07-09 | ST_MAN     |  7900.00 |           0.00 |    100 |     50 |
|    120 | Matthew     | Weiss       | MWEISS   | 1987-07-07 | ST_MAN     |  8000.00 |           0.00 |    100 |     50 |
|    119 | Karen       | Colmenares  | KCOLMENA | 1987-07-06 | PU_CLERK   |  2500.00 |           0.00 |    114 |     30 |
|    117 | Sigal       | Tobias      | STOBIAS  | 1987-07-04 | PU_CLERK   |  2800.00 |           0.00 |    114 |     30 |
|    116 | Shelli      | Baida       | SBAIDA   | 1987-07-03 | PU_CLERK   |  2900.00 |           0.00 |    114 |     30 |
|    114 | Den         | Raphaely    | DRAPHEAL | 1987-07-01 | PU_MAN     | 11000.00 |           0.00 |    100 |     30 |
|    113 | Luis        | Popp        | LPOPP    | 1987-06-30 | FI_ACCOUNT |  6900.00 |           0.00 |    108 |    100 |
|    111 | Ismael      | Sciarra     | ISCIARRA | 1987-06-28 | FI_ACCOUNT |  7700.00 |           0.00 |    108 |    100 |
|    110 | John        | Chen        | JCHEN    | 1987-06-27 | FI_ACCOUNT |  8200.00 |           0.00 |    108 |    100 |
|    108 | Nancy       | Greenberg   | NGREENBE | 1987-06-25 | FI_MGR     | 12000.00 |           0.00 |    101 |    100 |
|    107 | Diana       | Lorentz     | DLORENTZ | 1987-06-24 | IT_PROG    |  4200.00 |           0.00 |    103 |     60 |
|    105 | David       | Austin      | DAUSTIN  | 1987-06-22 | IT_PROG    |  4800.00 |           0.00 |    103 |     60 |
|    104 | Bruce       | Ernst       | BERNST   | 1987-06-21 | IT_PROG    |  6000.00 |           0.00 |    103 |     60 |
|    102 | Lex         | De Haan     | LDEHAAN  | 1987-06-19 | AD_VP      | 17000.00 |           0.00 |    100 |     90 |
|    101 | Neena       | Kochhar     | NKOCHHAR | 1987-06-18 | AD_VP      | 17000.00 |           0.00 |    100 |     90 |
|    142 | Curtis      | Davies      | CDAVIES  | 1986-07-29 | ST_CLERK   |  3100.00 |           0.00 |    124 |     50 |
|    133 | Jason       | Mallin      | JMALLIN  | 1985-07-20 | ST_CLERK   |  3300.00 |           0.00 |    122 |     50 |
|    130 | Mozhe       | Atkinson    | MATKINSO | 1983-07-17 | ST_CLERK   |  2800.00 |           0.00 |    121 |     50 |
|    115 | Alexander   | Khoo        | AKHOO    | 1983-07-02 | PU_CLERK   |  3100.00 |           0.00 |    114 |     30 |
|    112 | Jose Manuel | Urman       | JMURMAN  | 1981-06-29 | FI_ACCOUNT |  7800.00 |           0.00 |    108 |    100 |
|    106 | Valli       | Pataballa   | VPATABAL | 1980-06-23 | IT_PROG    |  4800.00 |           0.00 |    103 |     60 |
|    127 | James       | Landry      | JLANDRY  | 1978-07-14 | ST_CLERK   |  2400.00 |           0.00 |    120 |     50 |
|    103 | Alexander   | Hunold      | AHUNOLD  | 1976-06-20 | IT_PROG    |  9000.00 |           0.00 |    102 |     60 |
+--------+-------------+-------------+----------+------------+------------+----------+----------------+--------+--------+
106 rows in set (0.93 sec)

mysql> select * from myemp order by dep_id,mgr_id;
+--------+-------------+-------------+----------+------------+------------+----------+----------------+--------+--------+
| EMP_ID | FIRST_NAME  | LAST_NAME   | EMAIL    | HIRE_DATE  | JOB_ID     | SALARY   | COMMISSION_PCT | MGR_ID | DEP_ID |
+--------+-------------+-------------+----------+------------+------------+----------+----------------+--------+--------+
|    200 | Jennifer    | Whalen      | JWHALEN  | 1988-09-25 | AD_ASST    |  4400.00 |           0.00 |    101 |     10 |
|    201 | Michael     | Hartstein   | MHARTSTE | 1987-09-26 | MK_MAN     | 13000.00 |           0.00 |    100 |     20 |
|    202 | Pat         | Fay         | PFAY     | 1987-09-27 | MK_REP     |  6000.00 |           0.00 |    201 |     20 |
|    114 | Den         | Raphaely    | DRAPHEAL | 1987-07-01 | PU_MAN     | 11000.00 |           0.00 |    100 |     30 |
|    115 | Alexander   | Khoo        | AKHOO    | 1983-07-02 | PU_CLERK   |  3100.00 |           0.00 |    114 |     30 |
|    116 | Shelli      | Baida       | SBAIDA   | 1987-07-03 | PU_CLERK   |  2900.00 |           0.00 |    114 |     30 |
|    117 | Sigal       | Tobias      | STOBIAS  | 1987-07-04 | PU_CLERK   |  2800.00 |           0.00 |    114 |     30 |
|    118 | Guy         | Himuro      | GHIMURO  | 1995-07-05 | PU_CLERK   |  2600.00 |           0.00 |    114 |     30 |
|    119 | Karen       | Colmenares  | KCOLMENA | 1987-07-06 | PU_CLERK   |  2500.00 |           0.00 |    114 |     30 |
|    203 | Susan       | Mavris      | SMAVRIS  | 1989-09-28 | HR_REP     |  6500.00 |           0.00 |    101 |     40 |
|    120 | Matthew     | Weiss       | MWEISS   | 1987-07-07 | ST_MAN     |  8000.00 |           0.00 |    100 |     50 |
|    121 | Adam        | Fripp       | AFRIPP   | 1990-07-08 | ST_MAN     |  8200.00 |           0.00 |    100 |     50 |
|    122 | Payam       | Kaufling    | PKAUFLIN | 1987-07-09 | ST_MAN     |  7900.00 |           0.00 |    100 |     50 |
|    123 | Shanta      | Vollman     | SVOLLMAN | 1987-07-10 | ST_MAN     |  6500.00 |           0.00 |    100 |     50 |
|    124 | Kevin       | Mourgos     | KMOURGOS | 1997-07-11 | ST_MAN     |  5800.00 |           0.00 |    100 |     50 |
|    125 | Julia       | Nayer       | JNAYER   | 1987-07-12 | ST_CLERK   |  3200.00 |           0.00 |    120 |     50 |
|    126 | Irene       | Mikkilineni | IMIKKILI | 1987-07-13 | ST_CLERK   |  2700.00 |           0.00 |    120 |     50 |
|    127 | James       | Landry      | JLANDRY  | 1978-07-14 | ST_CLERK   |  2400.00 |           0.00 |    120 |     50 |
|    128 | Steven      | Markle      | SMARKLE  | 1987-07-15 | ST_CLERK   |  2200.00 |           0.00 |    120 |     50 |
|    180 | Winston     | Taylor      | WTAYLOR  | 1987-09-05 | SH_CLERK   |  3200.00 |           0.00 |    120 |     50 |
|    181 | Jean        | Fleaur      | JFLEAUR  | 1987-09-06 | SH_CLERK   |  3100.00 |           0.00 |    120 |     50 |
|    182 | Martha      | Sullivan    | MSULLIVA | 1987-09-07 | SH_CLERK   |  2500.00 |           0.00 |    120 |     50 |
|    183 | Girard      | Geoni       | GGEONI   | 1987-09-08 | SH_CLERK   |  2800.00 |           0.00 |    120 |     50 |
|    129 | Laura       | Bissot      | LBISSOT  | 1987-07-16 | ST_CLERK   |  3300.00 |           0.00 |    121 |     50 |
|    130 | Mozhe       | Atkinson    | MATKINSO | 1983-07-17 | ST_CLERK   |  2800.00 |           0.00 |    121 |     50 |
|    131 | James       | Marlow      | JAMRLOW  | 1987-07-18 | ST_CLERK   |  2500.00 |           0.00 |    121 |     50 |
|    132 | TJ          | Olson       | TJOLSON  | 1987-07-19 | ST_CLERK   |  2100.00 |           0.00 |    121 |     50 |
|    184 | Nandita     | Sarchand    | NSARCHAN | 2012-09-09 | SH_CLERK   |  4200.00 |           0.00 |    121 |     50 |
|    185 | Alexis      | Bull        | ABULL    | 1987-09-10 | SH_CLERK   |  4100.00 |           0.00 |    121 |     50 |
|    186 | Julia       | Dellinger   | JDELLING | 1987-09-11 | SH_CLERK   |  3400.00 |           0.00 |    121 |     50 |
|    187 | Anthony     | Cabrio      | ACABRIO  | 2007-09-12 | SH_CLERK   |  3000.00 |           0.00 |    121 |     50 |
|    133 | Jason       | Mallin      | JMALLIN  | 1985-07-20 | ST_CLERK   |  3300.00 |           0.00 |    122 |     50 |
|    134 | Michael     | Rogers      | MROGERS  | 1987-07-21 | ST_CLERK   |  2900.00 |           0.00 |    122 |     50 |
|    135 | Ki          | Gee         | KGEE     | 1987-07-22 | ST_CLERK   |  2400.00 |           0.00 |    122 |     50 |
|    136 | Hazel       | Philtanker  | HPHILTAN | 1990-07-23 | ST_CLERK   |  2200.00 |           0.00 |    122 |     50 |
|    188 | Kelly       | Chung       | KCHUNG   | 1987-09-13 | SH_CLERK   |  3800.00 |           0.00 |    122 |     50 |
|    189 | Jennifer    | Dilly       | JDILLY   | 1987-09-14 | SH_CLERK   |  3600.00 |           0.00 |    122 |     50 |
|    190 | Timothy     | Gates       | TGATES   | 1987-09-15 | SH_CLERK   |  2900.00 |           0.00 |    122 |     50 |
|    191 | Randall     | Perkins     | RPERKINS | 1987-09-16 | SH_CLERK   |  2500.00 |           0.00 |    122 |     50 |
|    137 | Renske      | Ladwig      | RLADWIG  | 2000-07-24 | ST_CLERK   |  3600.00 |           0.00 |    123 |     50 |
|    138 | Stephen     | Stiles      | SSTILES  | 1987-07-25 | ST_CLERK   |  3200.00 |           0.00 |    123 |     50 |
|    139 | John        | Seo         | JSEO     | 1989-07-26 | ST_CLERK   |  2700.00 |           0.00 |    123 |     50 |
|    140 | Joshua      | Patel       | JPATEL   | 2011-07-27 | ST_CLERK   |  2500.00 |           0.00 |    123 |     50 |
|    192 | Sarah       | Bell        | SBELL    | 1987-09-17 | SH_CLERK   |  4000.00 |           0.00 |    123 |     50 |
|    193 | Britney     | Everett     | BEVERETT | 1987-09-18 | SH_CLERK   |  3900.00 |           0.00 |    123 |     50 |
|    194 | Samuel      | McCain      | SMCCAIN  | 2000-09-19 | SH_CLERK   |  3200.00 |           0.00 |    123 |     50 |
|    195 | Vance       | Jones       | VJONES   | 1996-09-20 | SH_CLERK   |  2800.00 |           0.00 |    123 |     50 |
|    141 | Trenna      | Rajs        | TRAJS    | 1987-07-28 | ST_CLERK   |  3500.00 |           0.00 |    124 |     50 |
|    142 | Curtis      | Davies      | CDAVIES  | 1986-07-29 | ST_CLERK   |  3100.00 |           0.00 |    124 |     50 |
|    143 | Randall     | Matos       | RMATOS   | 1987-07-30 | ST_CLERK   |  2600.00 |           0.00 |    124 |     50 |
|    144 | Peter       | Vargas      | PVARGAS  | 1998-07-31 | ST_CLERK   |  2500.00 |           0.00 |    124 |     50 |
|    196 | Alana       | Walsh       | AWALSH   | 1987-09-21 | SH_CLERK   |  3100.00 |           0.00 |    124 |     50 |
|    197 | Kevin       | Feeney      | KFEENEY  | 1987-09-22 | SH_CLERK   |  3000.00 |           0.00 |    124 |     50 |
|    198 | Donald      | OConnell    | DOCONNEL | 1997-09-23 | SH_CLERK   |  2600.00 |           0.00 |    124 |     50 |
|    199 | Douglas     | Grant       | DGRANT   | 1987-09-24 | SH_CLERK   |  2600.00 |           0.00 |    124 |     50 |
|    103 | Alexander   | Hunold      | AHUNOLD  | 1976-06-20 | IT_PROG    |  9000.00 |           0.00 |    102 |     60 |
|    104 | Bruce       | Ernst       | BERNST   | 1987-06-21 | IT_PROG    |  6000.00 |           0.00 |    103 |     60 |
|    105 | David       | Austin      | DAUSTIN  | 1987-06-22 | IT_PROG    |  4800.00 |           0.00 |    103 |     60 |
|    106 | Valli       | Pataballa   | VPATABAL | 1980-06-23 | IT_PROG    |  4800.00 |           0.00 |    103 |     60 |
|    107 | Diana       | Lorentz     | DLORENTZ | 1987-06-24 | IT_PROG    |  4200.00 |           0.00 |    103 |     60 |
|    204 | Hermann     | Baer        | HBAER    | 1987-09-29 | PR_REP     | 10000.00 |           0.00 |    101 |     70 |
|    145 | John        | Russell     | JRUSSEL  | 1991-08-01 | SA_MAN     | 14000.00 |           0.40 |    100 |     80 |
|    146 | Karen       | Partners    | KPARTNER | 2019-08-02 | SA_MAN     | 13500.00 |           0.30 |    100 |     80 |
|    147 | Alberto     | Errazuriz   | AERRAZUR | 1987-08-03 | SA_MAN     | 12000.00 |           0.30 |    100 |     80 |
|    148 | Gerald      | Cambrault   | GCAMBRAU | 2015-08-04 | SA_MAN     | 11000.00 |           0.30 |    100 |     80 |
|    149 | Eleni       | Zlotkey     | EZLOTKEY | 1987-08-05 | SA_MAN     | 10500.00 |           0.20 |    100 |     80 |
|    150 | Peter       | Tucker      | PTUCKER  | 1987-08-06 | SA_REP     | 10000.00 |           0.30 |    145 |     80 |
|    151 | David       | Bernstein   | DBERNSTE | 2013-08-07 | SA_REP     |  9500.00 |           0.25 |    145 |     80 |
|    152 | Peter       | Hall        | PHALL    | 1987-08-08 | SA_REP     |  9000.00 |           0.25 |    145 |     80 |
|    153 | Christopher | Olsen       | COLSEN   | 1987-08-09 | SA_REP     |  8000.00 |           0.20 |    145 |     80 |
|    154 | Nanette     | Cambrault   | NCAMBRAU | 1987-08-10 | SA_REP     |  7500.00 |           0.20 |    145 |     80 |
|    155 | Oliver      | Tuvault     | OTUVAULT | 1987-08-11 | SA_REP     |  7000.00 |           0.15 |    145 |     80 |
|    156 | Janette     | King        | JKING    | 1987-08-12 | SA_REP     | 10000.00 |           0.35 |    146 |     80 |
|    157 | Patrick     | Sully       | PSULLY   | 2002-08-13 | SA_REP     |  9500.00 |           0.35 |    146 |     80 |
|    158 | Allan       | McEwen      | AMCEWEN  | 1987-08-14 | SA_REP     |  9000.00 |           0.35 |    146 |     80 |
|    159 | Lindsey     | Smith       | LSMITH   | 1987-08-15 | SA_REP     |  8000.00 |           0.30 |    146 |     80 |
|    160 | Louise      | Doran       | LDORAN   | 2003-08-16 | SA_REP     |  7500.00 |           0.30 |    146 |     80 |
|    161 | Sarath      | Sewall      | SSEWALL  | 1987-08-17 | SA_REP     |  7000.00 |           0.25 |    146 |     80 |
|    162 | Clara       | Vishney     | CVISHNEY | 1987-08-18 | SA_REP     | 10500.00 |           0.25 |    147 |     80 |
|    163 | Danielle    | Greene      | DGREENE  | 1987-08-19 | SA_REP     |  9500.00 |           0.15 |    147 |     80 |
|    164 | Mattea      | Marvins     | MMARVINS | 2007-08-20 | SA_REP     |  7200.00 |           0.10 |    147 |     80 |
|    165 | David       | Lee         | DLEE     | 1987-08-21 | SA_REP     |  6800.00 |           0.10 |    147 |     80 |
|    166 | Sundar      | Ande        | SANDE    | 1987-08-22 | SA_REP     |  6400.00 |           0.10 |    147 |     80 |
|    167 | Amit        | Banda       | ABANDA   | 1987-08-23 | SA_REP     |  6200.00 |           0.10 |    147 |     80 |
|    168 | Lisa        | Ozer        | LOZER    | 1987-08-24 | SA_REP     | 11500.00 |           0.25 |    148 |     80 |
|    169 | Harrison    | Bloom       | HBLOOM   | 1999-08-25 | SA_REP     | 10000.00 |           0.20 |    148 |     80 |
|    170 | Tayler      | Fox         | TFOX     | 1987-08-26 | SA_REP     |  9600.00 |           0.20 |    148 |     80 |
|    171 | William     | Smith       | WSMITH   | 1987-08-27 | SA_REP     |  7400.00 |           0.15 |    148 |     80 |
|    172 | Elizabeth   | Bates       | EBATES   | 1987-08-28 | SA_REP     |  7300.00 |           0.15 |    148 |     80 |
|    173 | Sundita     | Kumar       | SKUMAR   | 1987-08-29 | SA_REP     |  6100.00 |           0.10 |    148 |     80 |
|    174 | Ellen       | Abel        | EABEL    | 1987-08-30 | SA_REP     | 11000.00 |           0.30 |    149 |     80 |
|    175 | Alyssa      | Hutton      | AHUTTON  | 1996-08-31 | SA_REP     |  8800.00 |           0.25 |    149 |     80 |
|    176 | Jonathon    | Taylor      | JTAYLOR  | 1987-09-01 | SA_REP     |  8600.00 |           0.20 |    149 |     80 |
|    177 | Jack        | Livingston  | JLIVINGS | 1987-09-02 | SA_REP     |  8400.00 |           0.20 |    149 |     80 |
|    179 | Charles     | Johnson     | CJOHNSON | 1999-09-04 | SA_REP     |  6200.00 |           0.10 |    149 |     80 |
|    100 | Steven      | King        | SKING    | 1998-06-17 | AD_PRES    | 24000.00 |           0.00 |      0 |     90 |
|    101 | Neena       | Kochhar     | NKOCHHAR | 1987-06-18 | AD_VP      | 17000.00 |           0.00 |    100 |     90 |
|    102 | Lex         | De Haan     | LDEHAAN  | 1987-06-19 | AD_VP      | 17000.00 |           0.00 |    100 |     90 |
|    108 | Nancy       | Greenberg   | NGREENBE | 1987-06-25 | FI_MGR     | 12000.00 |           0.00 |    101 |    100 |
|    109 | Daniel      | Faviet      | DFAVIET  | 1992-06-26 | FI_ACCOUNT |  9000.00 |           0.00 |    108 |    100 |
|    110 | John        | Chen        | JCHEN    | 1987-06-27 | FI_ACCOUNT |  8200.00 |           0.00 |    108 |    100 |
|    111 | Ismael      | Sciarra     | ISCIARRA | 1987-06-28 | FI_ACCOUNT |  7700.00 |           0.00 |    108 |    100 |
|    112 | Jose Manuel | Urman       | JMURMAN  | 1981-06-29 | FI_ACCOUNT |  7800.00 |           0.00 |    108 |    100 |
|    113 | Luis        | Popp        | LPOPP    | 1987-06-30 | FI_ACCOUNT |  6900.00 |           0.00 |    108 |    100 |
|    205 | Shelley     | Higgins     | SHIGGINS | 1987-09-30 | AC_MGR     | 12000.00 |           0.00 |    101 |    110 |
|    206 | William     | Gietz       | WGIETZ   | 1997-10-01 | AC_ACCOUNT |  8300.00 |           0.00 |    205 |    110 |
+--------+-------------+-------------+----------+------------+------------+----------+----------------+--------+--------+
106 rows in set (1.43 sec)

mysql> select dep_id,mgr_id from myemp order by dep_id,mgr_id;
+--------+--------+
| dep_id | mgr_id |
+--------+--------+
|     10 |    101 |
|     20 |    100 |
|     20 |    201 |
|     30 |    100 |
|     30 |    114 |
|     30 |    114 |
|     30 |    114 |
|     30 |    114 |
|     30 |    114 |
|     40 |    101 |
|     50 |    100 |
|     50 |    100 |
|     50 |    100 |
|     50 |    100 |
|     50 |    100 |
|     50 |    120 |
|     50 |    120 |
|     50 |    120 |
|     50 |    120 |
|     50 |    120 |
|     50 |    120 |
|     50 |    120 |
|     50 |    120 |
|     50 |    121 |
|     50 |    121 |
|     50 |    121 |
|     50 |    121 |
|     50 |    121 |
|     50 |    121 |
|     50 |    121 |
|     50 |    121 |
|     50 |    122 |
|     50 |    122 |
|     50 |    122 |
|     50 |    122 |
|     50 |    122 |
|     50 |    122 |
|     50 |    122 |
|     50 |    122 |
|     50 |    123 |
|     50 |    123 |
|     50 |    123 |
|     50 |    123 |
|     50 |    123 |
|     50 |    123 |
|     50 |    123 |
|     50 |    123 |
|     50 |    124 |
|     50 |    124 |
|     50 |    124 |
|     50 |    124 |
|     50 |    124 |
|     50 |    124 |
|     50 |    124 |
|     50 |    124 |
|     60 |    102 |
|     60 |    103 |
|     60 |    103 |
|     60 |    103 |
|     60 |    103 |
|     70 |    101 |
|     80 |    100 |
|     80 |    100 |
|     80 |    100 |
|     80 |    100 |
|     80 |    100 |
|     80 |    145 |
|     80 |    145 |
|     80 |    145 |
|     80 |    145 |
|     80 |    145 |
|     80 |    145 |
|     80 |    146 |
|     80 |    146 |
|     80 |    146 |
|     80 |    146 |
|     80 |    146 |
|     80 |    146 |
|     80 |    147 |
|     80 |    147 |
|     80 |    147 |
|     80 |    147 |
|     80 |    147 |
|     80 |    147 |
|     80 |    148 |
|     80 |    148 |
|     80 |    148 |
|     80 |    148 |
|     80 |    148 |
|     80 |    148 |
|     80 |    149 |
|     80 |    149 |
|     80 |    149 |
|     80 |    149 |
|     80 |    149 |
|     90 |      0 |
|     90 |    100 |
|     90 |    100 |
|    100 |    101 |
|    100 |    108 |
|    100 |    108 |
|    100 |    108 |
|    100 |    108 |
|    100 |    108 |
|    110 |    101 |
|    110 |    205 |
+--------+--------+
106 rows in set (0.75 sec)

mysql> select dep_id,mgr_id from myemp order by dep_id,mgr_id desc;
+--------+--------+
| dep_id | mgr_id |
+--------+--------+
|     10 |    101 |
|     20 |    201 |
|     20 |    100 |
|     30 |    114 |
|     30 |    114 |
|     30 |    114 |
|     30 |    114 |
|     30 |    114 |
|     30 |    100 |
|     40 |    101 |
|     50 |    124 |
|     50 |    124 |
|     50 |    124 |
|     50 |    124 |
|     50 |    124 |
|     50 |    124 |
|     50 |    124 |
|     50 |    124 |
|     50 |    123 |
|     50 |    123 |
|     50 |    123 |
|     50 |    123 |
|     50 |    123 |
|     50 |    123 |
|     50 |    123 |
|     50 |    123 |
|     50 |    122 |
|     50 |    122 |
|     50 |    122 |
|     50 |    122 |
|     50 |    122 |
|     50 |    122 |
|     50 |    122 |
|     50 |    122 |
|     50 |    121 |
|     50 |    121 |
|     50 |    121 |
|     50 |    121 |
|     50 |    121 |
|     50 |    121 |
|     50 |    121 |
|     50 |    121 |
|     50 |    120 |
|     50 |    120 |
|     50 |    120 |
|     50 |    120 |
|     50 |    120 |
|     50 |    120 |
|     50 |    120 |
|     50 |    120 |
|     50 |    100 |
|     50 |    100 |
|     50 |    100 |
|     50 |    100 |
|     50 |    100 |
|     60 |    103 |
|     60 |    103 |
|     60 |    103 |
|     60 |    103 |
|     60 |    102 |
|     70 |    101 |
|     80 |    149 |
|     80 |    149 |
|     80 |    149 |
|     80 |    149 |
|     80 |    149 |
|     80 |    148 |
|     80 |    148 |
|     80 |    148 |
|     80 |    148 |
|     80 |    148 |
|     80 |    148 |
|     80 |    147 |
|     80 |    147 |
|     80 |    147 |
|     80 |    147 |
|     80 |    147 |
|     80 |    147 |
|     80 |    146 |
|     80 |    146 |
|     80 |    146 |
|     80 |    146 |
|     80 |    146 |
|     80 |    146 |
|     80 |    145 |
|     80 |    145 |
|     80 |    145 |
|     80 |    145 |
|     80 |    145 |
|     80 |    145 |
|     80 |    100 |
|     80 |    100 |
|     80 |    100 |
|     80 |    100 |
|     80 |    100 |
|     90 |    100 |
|     90 |    100 |
|     90 |      0 |
|    100 |    108 |
|    100 |    108 |
|    100 |    108 |
|    100 |    108 |
|    100 |    108 |
|    100 |    101 |
|    110 |    205 |
|    110 |    101 |
+--------+--------+
106 rows in set (0.00 sec)

mysql> select * from myemp order by first_name:
    ->
    -> select * from myemp order by first_name;
ERROR 1064 (42000): You have an error in your SQL syntax; check the manual that corresponds to your MySQL server version for the right syntax to use near ':

select * from myemp order by first_name' at line 1
mysql> select * from myemp order by first_name;
+--------+-------------+-------------+----------+------------+------------+----------+----------------+--------+--------+
| EMP_ID | FIRST_NAME  | LAST_NAME   | EMAIL    | HIRE_DATE  | JOB_ID     | SALARY   | COMMISSION_PCT | MGR_ID | DEP_ID |
+--------+-------------+-------------+----------+------------+------------+----------+----------------+--------+--------+
|    121 | Adam        | Fripp       | AFRIPP   | 1990-07-08 | ST_MAN     |  8200.00 |           0.00 |    100 |     50 |
|    196 | Alana       | Walsh       | AWALSH   | 1987-09-21 | SH_CLERK   |  3100.00 |           0.00 |    124 |     50 |
|    147 | Alberto     | Errazuriz   | AERRAZUR | 1987-08-03 | SA_MAN     | 12000.00 |           0.30 |    100 |     80 |
|    103 | Alexander   | Hunold      | AHUNOLD  | 1976-06-20 | IT_PROG    |  9000.00 |           0.00 |    102 |     60 |
|    115 | Alexander   | Khoo        | AKHOO    | 1983-07-02 | PU_CLERK   |  3100.00 |           0.00 |    114 |     30 |
|    185 | Alexis      | Bull        | ABULL    | 1987-09-10 | SH_CLERK   |  4100.00 |           0.00 |    121 |     50 |
|    158 | Allan       | McEwen      | AMCEWEN  | 1987-08-14 | SA_REP     |  9000.00 |           0.35 |    146 |     80 |
|    175 | Alyssa      | Hutton      | AHUTTON  | 1996-08-31 | SA_REP     |  8800.00 |           0.25 |    149 |     80 |
|    167 | Amit        | Banda       | ABANDA   | 1987-08-23 | SA_REP     |  6200.00 |           0.10 |    147 |     80 |
|    187 | Anthony     | Cabrio      | ACABRIO  | 2007-09-12 | SH_CLERK   |  3000.00 |           0.00 |    121 |     50 |
|    193 | Britney     | Everett     | BEVERETT | 1987-09-18 | SH_CLERK   |  3900.00 |           0.00 |    123 |     50 |
|    104 | Bruce       | Ernst       | BERNST   | 1987-06-21 | IT_PROG    |  6000.00 |           0.00 |    103 |     60 |
|    179 | Charles     | Johnson     | CJOHNSON | 1999-09-04 | SA_REP     |  6200.00 |           0.10 |    149 |     80 |
|    153 | Christopher | Olsen       | COLSEN   | 1987-08-09 | SA_REP     |  8000.00 |           0.20 |    145 |     80 |
|    162 | Clara       | Vishney     | CVISHNEY | 1987-08-18 | SA_REP     | 10500.00 |           0.25 |    147 |     80 |
|    142 | Curtis      | Davies      | CDAVIES  | 1986-07-29 | ST_CLERK   |  3100.00 |           0.00 |    124 |     50 |
|    109 | Daniel      | Faviet      | DFAVIET  | 1992-06-26 | FI_ACCOUNT |  9000.00 |           0.00 |    108 |    100 |
|    163 | Danielle    | Greene      | DGREENE  | 1987-08-19 | SA_REP     |  9500.00 |           0.15 |    147 |     80 |
|    105 | David       | Austin      | DAUSTIN  | 1987-06-22 | IT_PROG    |  4800.00 |           0.00 |    103 |     60 |
|    151 | David       | Bernstein   | DBERNSTE | 2013-08-07 | SA_REP     |  9500.00 |           0.25 |    145 |     80 |
|    165 | David       | Lee         | DLEE     | 1987-08-21 | SA_REP     |  6800.00 |           0.10 |    147 |     80 |
|    114 | Den         | Raphaely    | DRAPHEAL | 1987-07-01 | PU_MAN     | 11000.00 |           0.00 |    100 |     30 |
|    107 | Diana       | Lorentz     | DLORENTZ | 1987-06-24 | IT_PROG    |  4200.00 |           0.00 |    103 |     60 |
|    198 | Donald      | OConnell    | DOCONNEL | 1997-09-23 | SH_CLERK   |  2600.00 |           0.00 |    124 |     50 |
|    199 | Douglas     | Grant       | DGRANT   | 1987-09-24 | SH_CLERK   |  2600.00 |           0.00 |    124 |     50 |
|    149 | Eleni       | Zlotkey     | EZLOTKEY | 1987-08-05 | SA_MAN     | 10500.00 |           0.20 |    100 |     80 |
|    172 | Elizabeth   | Bates       | EBATES   | 1987-08-28 | SA_REP     |  7300.00 |           0.15 |    148 |     80 |
|    174 | Ellen       | Abel        | EABEL    | 1987-08-30 | SA_REP     | 11000.00 |           0.30 |    149 |     80 |
|    148 | Gerald      | Cambrault   | GCAMBRAU | 2015-08-04 | SA_MAN     | 11000.00 |           0.30 |    100 |     80 |
|    183 | Girard      | Geoni       | GGEONI   | 1987-09-08 | SH_CLERK   |  2800.00 |           0.00 |    120 |     50 |
|    118 | Guy         | Himuro      | GHIMURO  | 1995-07-05 | PU_CLERK   |  2600.00 |           0.00 |    114 |     30 |
|    169 | Harrison    | Bloom       | HBLOOM   | 1999-08-25 | SA_REP     | 10000.00 |           0.20 |    148 |     80 |
|    136 | Hazel       | Philtanker  | HPHILTAN | 1990-07-23 | ST_CLERK   |  2200.00 |           0.00 |    122 |     50 |
|    204 | Hermann     | Baer        | HBAER    | 1987-09-29 | PR_REP     | 10000.00 |           0.00 |    101 |     70 |
|    126 | Irene       | Mikkilineni | IMIKKILI | 1987-07-13 | ST_CLERK   |  2700.00 |           0.00 |    120 |     50 |
|    111 | Ismael      | Sciarra     | ISCIARRA | 1987-06-28 | FI_ACCOUNT |  7700.00 |           0.00 |    108 |    100 |
|    177 | Jack        | Livingston  | JLIVINGS | 1987-09-02 | SA_REP     |  8400.00 |           0.20 |    149 |     80 |
|    127 | James       | Landry      | JLANDRY  | 1978-07-14 | ST_CLERK   |  2400.00 |           0.00 |    120 |     50 |
|    131 | James       | Marlow      | JAMRLOW  | 1987-07-18 | ST_CLERK   |  2500.00 |           0.00 |    121 |     50 |
|    156 | Janette     | King        | JKING    | 1987-08-12 | SA_REP     | 10000.00 |           0.35 |    146 |     80 |
|    133 | Jason       | Mallin      | JMALLIN  | 1985-07-20 | ST_CLERK   |  3300.00 |           0.00 |    122 |     50 |
|    181 | Jean        | Fleaur      | JFLEAUR  | 1987-09-06 | SH_CLERK   |  3100.00 |           0.00 |    120 |     50 |
|    189 | Jennifer    | Dilly       | JDILLY   | 1987-09-14 | SH_CLERK   |  3600.00 |           0.00 |    122 |     50 |
|    200 | Jennifer    | Whalen      | JWHALEN  | 1988-09-25 | AD_ASST    |  4400.00 |           0.00 |    101 |     10 |
|    139 | John        | Seo         | JSEO     | 1989-07-26 | ST_CLERK   |  2700.00 |           0.00 |    123 |     50 |
|    145 | John        | Russell     | JRUSSEL  | 1991-08-01 | SA_MAN     | 14000.00 |           0.40 |    100 |     80 |
|    110 | John        | Chen        | JCHEN    | 1987-06-27 | FI_ACCOUNT |  8200.00 |           0.00 |    108 |    100 |
|    176 | Jonathon    | Taylor      | JTAYLOR  | 1987-09-01 | SA_REP     |  8600.00 |           0.20 |    149 |     80 |
|    112 | Jose Manuel | Urman       | JMURMAN  | 1981-06-29 | FI_ACCOUNT |  7800.00 |           0.00 |    108 |    100 |
|    140 | Joshua      | Patel       | JPATEL   | 2011-07-27 | ST_CLERK   |  2500.00 |           0.00 |    123 |     50 |
|    125 | Julia       | Nayer       | JNAYER   | 1987-07-12 | ST_CLERK   |  3200.00 |           0.00 |    120 |     50 |
|    186 | Julia       | Dellinger   | JDELLING | 1987-09-11 | SH_CLERK   |  3400.00 |           0.00 |    121 |     50 |
|    119 | Karen       | Colmenares  | KCOLMENA | 1987-07-06 | PU_CLERK   |  2500.00 |           0.00 |    114 |     30 |
|    146 | Karen       | Partners    | KPARTNER | 2019-08-02 | SA_MAN     | 13500.00 |           0.30 |    100 |     80 |
|    188 | Kelly       | Chung       | KCHUNG   | 1987-09-13 | SH_CLERK   |  3800.00 |           0.00 |    122 |     50 |
|    124 | Kevin       | Mourgos     | KMOURGOS | 1997-07-11 | ST_MAN     |  5800.00 |           0.00 |    100 |     50 |
|    197 | Kevin       | Feeney      | KFEENEY  | 1987-09-22 | SH_CLERK   |  3000.00 |           0.00 |    124 |     50 |
|    135 | Ki          | Gee         | KGEE     | 1987-07-22 | ST_CLERK   |  2400.00 |           0.00 |    122 |     50 |
|    129 | Laura       | Bissot      | LBISSOT  | 1987-07-16 | ST_CLERK   |  3300.00 |           0.00 |    121 |     50 |
|    102 | Lex         | De Haan     | LDEHAAN  | 1987-06-19 | AD_VP      | 17000.00 |           0.00 |    100 |     90 |
|    159 | Lindsey     | Smith       | LSMITH   | 1987-08-15 | SA_REP     |  8000.00 |           0.30 |    146 |     80 |
|    168 | Lisa        | Ozer        | LOZER    | 1987-08-24 | SA_REP     | 11500.00 |           0.25 |    148 |     80 |
|    160 | Louise      | Doran       | LDORAN   | 2003-08-16 | SA_REP     |  7500.00 |           0.30 |    146 |     80 |
|    113 | Luis        | Popp        | LPOPP    | 1987-06-30 | FI_ACCOUNT |  6900.00 |           0.00 |    108 |    100 |
|    182 | Martha      | Sullivan    | MSULLIVA | 1987-09-07 | SH_CLERK   |  2500.00 |           0.00 |    120 |     50 |
|    164 | Mattea      | Marvins     | MMARVINS | 2007-08-20 | SA_REP     |  7200.00 |           0.10 |    147 |     80 |
|    120 | Matthew     | Weiss       | MWEISS   | 1987-07-07 | ST_MAN     |  8000.00 |           0.00 |    100 |     50 |
|    201 | Michael     | Hartstein   | MHARTSTE | 1987-09-26 | MK_MAN     | 13000.00 |           0.00 |    100 |     20 |
|    134 | Michael     | Rogers      | MROGERS  | 1987-07-21 | ST_CLERK   |  2900.00 |           0.00 |    122 |     50 |
|    130 | Mozhe       | Atkinson    | MATKINSO | 1983-07-17 | ST_CLERK   |  2800.00 |           0.00 |    121 |     50 |
|    108 | Nancy       | Greenberg   | NGREENBE | 1987-06-25 | FI_MGR     | 12000.00 |           0.00 |    101 |    100 |
|    184 | Nandita     | Sarchand    | NSARCHAN | 2012-09-09 | SH_CLERK   |  4200.00 |           0.00 |    121 |     50 |
|    154 | Nanette     | Cambrault   | NCAMBRAU | 1987-08-10 | SA_REP     |  7500.00 |           0.20 |    145 |     80 |
|    101 | Neena       | Kochhar     | NKOCHHAR | 1987-06-18 | AD_VP      | 17000.00 |           0.00 |    100 |     90 |
|    155 | Oliver      | Tuvault     | OTUVAULT | 1987-08-11 | SA_REP     |  7000.00 |           0.15 |    145 |     80 |
|    202 | Pat         | Fay         | PFAY     | 1987-09-27 | MK_REP     |  6000.00 |           0.00 |    201 |     20 |
|    157 | Patrick     | Sully       | PSULLY   | 2002-08-13 | SA_REP     |  9500.00 |           0.35 |    146 |     80 |
|    122 | Payam       | Kaufling    | PKAUFLIN | 1987-07-09 | ST_MAN     |  7900.00 |           0.00 |    100 |     50 |
|    152 | Peter       | Hall        | PHALL    | 1987-08-08 | SA_REP     |  9000.00 |           0.25 |    145 |     80 |
|    144 | Peter       | Vargas      | PVARGAS  | 1998-07-31 | ST_CLERK   |  2500.00 |           0.00 |    124 |     50 |
|    150 | Peter       | Tucker      | PTUCKER  | 1987-08-06 | SA_REP     | 10000.00 |           0.30 |    145 |     80 |
|    191 | Randall     | Perkins     | RPERKINS | 1987-09-16 | SH_CLERK   |  2500.00 |           0.00 |    122 |     50 |
|    143 | Randall     | Matos       | RMATOS   | 1987-07-30 | ST_CLERK   |  2600.00 |           0.00 |    124 |     50 |
|    137 | Renske      | Ladwig      | RLADWIG  | 2000-07-24 | ST_CLERK   |  3600.00 |           0.00 |    123 |     50 |
|    194 | Samuel      | McCain      | SMCCAIN  | 2000-09-19 | SH_CLERK   |  3200.00 |           0.00 |    123 |     50 |
|    192 | Sarah       | Bell        | SBELL    | 1987-09-17 | SH_CLERK   |  4000.00 |           0.00 |    123 |     50 |
|    161 | Sarath      | Sewall      | SSEWALL  | 1987-08-17 | SA_REP     |  7000.00 |           0.25 |    146 |     80 |
|    123 | Shanta      | Vollman     | SVOLLMAN | 1987-07-10 | ST_MAN     |  6500.00 |           0.00 |    100 |     50 |
|    205 | Shelley     | Higgins     | SHIGGINS | 1987-09-30 | AC_MGR     | 12000.00 |           0.00 |    101 |    110 |
|    116 | Shelli      | Baida       | SBAIDA   | 1987-07-03 | PU_CLERK   |  2900.00 |           0.00 |    114 |     30 |
|    117 | Sigal       | Tobias      | STOBIAS  | 1987-07-04 | PU_CLERK   |  2800.00 |           0.00 |    114 |     30 |
|    138 | Stephen     | Stiles      | SSTILES  | 1987-07-25 | ST_CLERK   |  3200.00 |           0.00 |    123 |     50 |
|    128 | Steven      | Markle      | SMARKLE  | 1987-07-15 | ST_CLERK   |  2200.00 |           0.00 |    120 |     50 |
|    100 | Steven      | King        | SKING    | 1998-06-17 | AD_PRES    | 24000.00 |           0.00 |      0 |     90 |
|    166 | Sundar      | Ande        | SANDE    | 1987-08-22 | SA_REP     |  6400.00 |           0.10 |    147 |     80 |
|    173 | Sundita     | Kumar       | SKUMAR   | 1987-08-29 | SA_REP     |  6100.00 |           0.10 |    148 |     80 |
|    203 | Susan       | Mavris      | SMAVRIS  | 1989-09-28 | HR_REP     |  6500.00 |           0.00 |    101 |     40 |
|    170 | Tayler      | Fox         | TFOX     | 1987-08-26 | SA_REP     |  9600.00 |           0.20 |    148 |     80 |
|    190 | Timothy     | Gates       | TGATES   | 1987-09-15 | SH_CLERK   |  2900.00 |           0.00 |    122 |     50 |
|    132 | TJ          | Olson       | TJOLSON  | 1987-07-19 | ST_CLERK   |  2100.00 |           0.00 |    121 |     50 |
|    141 | Trenna      | Rajs        | TRAJS    | 1987-07-28 | ST_CLERK   |  3500.00 |           0.00 |    124 |     50 |
|    106 | Valli       | Pataballa   | VPATABAL | 1980-06-23 | IT_PROG    |  4800.00 |           0.00 |    103 |     60 |
|    195 | Vance       | Jones       | VJONES   | 1996-09-20 | SH_CLERK   |  2800.00 |           0.00 |    123 |     50 |
|    171 | William     | Smith       | WSMITH   | 1987-08-27 | SA_REP     |  7400.00 |           0.15 |    148 |     80 |
|    206 | William     | Gietz       | WGIETZ   | 1997-10-01 | AC_ACCOUNT |  8300.00 |           0.00 |    205 |    110 |
|    180 | Winston     | Taylor      | WTAYLOR  | 1987-09-05 | SH_CLERK   |  3200.00 |           0.00 |    120 |     50 |
+--------+-------------+-------------+----------+------------+------------+----------+----------------+--------+--------+
106 rows in set (0.00 sec)

mysql> select * from myemp where dep_id=60;
+--------+------------+-----------+----------+------------+---------+---------+----------------+--------+--------+
| EMP_ID | FIRST_NAME | LAST_NAME | EMAIL    | HIRE_DATE  | JOB_ID  | SALARY  | COMMISSION_PCT | MGR_ID | DEP_ID |
+--------+------------+-----------+----------+------------+---------+---------+----------------+--------+--------+
|    103 | Alexander  | Hunold    | AHUNOLD  | 1976-06-20 | IT_PROG | 9000.00 |           0.00 |    102 |     60 |
|    104 | Bruce      | Ernst     | BERNST   | 1987-06-21 | IT_PROG | 6000.00 |           0.00 |    103 |     60 |
|    105 | David      | Austin    | DAUSTIN  | 1987-06-22 | IT_PROG | 4800.00 |           0.00 |    103 |     60 |
|    106 | Valli      | Pataballa | VPATABAL | 1980-06-23 | IT_PROG | 4800.00 |           0.00 |    103 |     60 |
|    107 | Diana      | Lorentz   | DLORENTZ | 1987-06-24 | IT_PROG | 4200.00 |           0.00 |    103 |     60 |
+--------+------------+-----------+----------+------------+---------+---------+----------------+--------+--------+
5 rows in set (0.13 sec)

mysql> select * from myemp where dep_id!=60;
+--------+-------------+-------------+----------+------------+------------+----------+----------------+--------+--------+
| EMP_ID | FIRST_NAME  | LAST_NAME   | EMAIL    | HIRE_DATE  | JOB_ID     | SALARY   | COMMISSION_PCT | MGR_ID | DEP_ID |
+--------+-------------+-------------+----------+------------+------------+----------+----------------+--------+--------+
|    100 | Steven      | King        | SKING    | 1998-06-17 | AD_PRES    | 24000.00 |           0.00 |      0 |     90 |
|    101 | Neena       | Kochhar     | NKOCHHAR | 1987-06-18 | AD_VP      | 17000.00 |           0.00 |    100 |     90 |
|    102 | Lex         | De Haan     | LDEHAAN  | 1987-06-19 | AD_VP      | 17000.00 |           0.00 |    100 |     90 |
|    108 | Nancy       | Greenberg   | NGREENBE | 1987-06-25 | FI_MGR     | 12000.00 |           0.00 |    101 |    100 |
|    109 | Daniel      | Faviet      | DFAVIET  | 1992-06-26 | FI_ACCOUNT |  9000.00 |           0.00 |    108 |    100 |
|    110 | John        | Chen        | JCHEN    | 1987-06-27 | FI_ACCOUNT |  8200.00 |           0.00 |    108 |    100 |
|    111 | Ismael      | Sciarra     | ISCIARRA | 1987-06-28 | FI_ACCOUNT |  7700.00 |           0.00 |    108 |    100 |
|    112 | Jose Manuel | Urman       | JMURMAN  | 1981-06-29 | FI_ACCOUNT |  7800.00 |           0.00 |    108 |    100 |
|    113 | Luis        | Popp        | LPOPP    | 1987-06-30 | FI_ACCOUNT |  6900.00 |           0.00 |    108 |    100 |
|    114 | Den         | Raphaely    | DRAPHEAL | 1987-07-01 | PU_MAN     | 11000.00 |           0.00 |    100 |     30 |
|    115 | Alexander   | Khoo        | AKHOO    | 1983-07-02 | PU_CLERK   |  3100.00 |           0.00 |    114 |     30 |
|    116 | Shelli      | Baida       | SBAIDA   | 1987-07-03 | PU_CLERK   |  2900.00 |           0.00 |    114 |     30 |
|    117 | Sigal       | Tobias      | STOBIAS  | 1987-07-04 | PU_CLERK   |  2800.00 |           0.00 |    114 |     30 |
|    118 | Guy         | Himuro      | GHIMURO  | 1995-07-05 | PU_CLERK   |  2600.00 |           0.00 |    114 |     30 |
|    119 | Karen       | Colmenares  | KCOLMENA | 1987-07-06 | PU_CLERK   |  2500.00 |           0.00 |    114 |     30 |
|    120 | Matthew     | Weiss       | MWEISS   | 1987-07-07 | ST_MAN     |  8000.00 |           0.00 |    100 |     50 |
|    121 | Adam        | Fripp       | AFRIPP   | 1990-07-08 | ST_MAN     |  8200.00 |           0.00 |    100 |     50 |
|    122 | Payam       | Kaufling    | PKAUFLIN | 1987-07-09 | ST_MAN     |  7900.00 |           0.00 |    100 |     50 |
|    123 | Shanta      | Vollman     | SVOLLMAN | 1987-07-10 | ST_MAN     |  6500.00 |           0.00 |    100 |     50 |
|    124 | Kevin       | Mourgos     | KMOURGOS | 1997-07-11 | ST_MAN     |  5800.00 |           0.00 |    100 |     50 |
|    125 | Julia       | Nayer       | JNAYER   | 1987-07-12 | ST_CLERK   |  3200.00 |           0.00 |    120 |     50 |
|    126 | Irene       | Mikkilineni | IMIKKILI | 1987-07-13 | ST_CLERK   |  2700.00 |           0.00 |    120 |     50 |
|    127 | James       | Landry      | JLANDRY  | 1978-07-14 | ST_CLERK   |  2400.00 |           0.00 |    120 |     50 |
|    128 | Steven      | Markle      | SMARKLE  | 1987-07-15 | ST_CLERK   |  2200.00 |           0.00 |    120 |     50 |
|    129 | Laura       | Bissot      | LBISSOT  | 1987-07-16 | ST_CLERK   |  3300.00 |           0.00 |    121 |     50 |
|    130 | Mozhe       | Atkinson    | MATKINSO | 1983-07-17 | ST_CLERK   |  2800.00 |           0.00 |    121 |     50 |
|    131 | James       | Marlow      | JAMRLOW  | 1987-07-18 | ST_CLERK   |  2500.00 |           0.00 |    121 |     50 |
|    132 | TJ          | Olson       | TJOLSON  | 1987-07-19 | ST_CLERK   |  2100.00 |           0.00 |    121 |     50 |
|    133 | Jason       | Mallin      | JMALLIN  | 1985-07-20 | ST_CLERK   |  3300.00 |           0.00 |    122 |     50 |
|    134 | Michael     | Rogers      | MROGERS  | 1987-07-21 | ST_CLERK   |  2900.00 |           0.00 |    122 |     50 |
|    135 | Ki          | Gee         | KGEE     | 1987-07-22 | ST_CLERK   |  2400.00 |           0.00 |    122 |     50 |
|    136 | Hazel       | Philtanker  | HPHILTAN | 1990-07-23 | ST_CLERK   |  2200.00 |           0.00 |    122 |     50 |
|    137 | Renske      | Ladwig      | RLADWIG  | 2000-07-24 | ST_CLERK   |  3600.00 |           0.00 |    123 |     50 |
|    138 | Stephen     | Stiles      | SSTILES  | 1987-07-25 | ST_CLERK   |  3200.00 |           0.00 |    123 |     50 |
|    139 | John        | Seo         | JSEO     | 1989-07-26 | ST_CLERK   |  2700.00 |           0.00 |    123 |     50 |
|    140 | Joshua      | Patel       | JPATEL   | 2011-07-27 | ST_CLERK   |  2500.00 |           0.00 |    123 |     50 |
|    141 | Trenna      | Rajs        | TRAJS    | 1987-07-28 | ST_CLERK   |  3500.00 |           0.00 |    124 |     50 |
|    142 | Curtis      | Davies      | CDAVIES  | 1986-07-29 | ST_CLERK   |  3100.00 |           0.00 |    124 |     50 |
|    143 | Randall     | Matos       | RMATOS   | 1987-07-30 | ST_CLERK   |  2600.00 |           0.00 |    124 |     50 |
|    144 | Peter       | Vargas      | PVARGAS  | 1998-07-31 | ST_CLERK   |  2500.00 |           0.00 |    124 |     50 |
|    145 | John        | Russell     | JRUSSEL  | 1991-08-01 | SA_MAN     | 14000.00 |           0.40 |    100 |     80 |
|    146 | Karen       | Partners    | KPARTNER | 2019-08-02 | SA_MAN     | 13500.00 |           0.30 |    100 |     80 |
|    147 | Alberto     | Errazuriz   | AERRAZUR | 1987-08-03 | SA_MAN     | 12000.00 |           0.30 |    100 |     80 |
|    148 | Gerald      | Cambrault   | GCAMBRAU | 2015-08-04 | SA_MAN     | 11000.00 |           0.30 |    100 |     80 |
|    149 | Eleni       | Zlotkey     | EZLOTKEY | 1987-08-05 | SA_MAN     | 10500.00 |           0.20 |    100 |     80 |
|    150 | Peter       | Tucker      | PTUCKER  | 1987-08-06 | SA_REP     | 10000.00 |           0.30 |    145 |     80 |
|    151 | David       | Bernstein   | DBERNSTE | 2013-08-07 | SA_REP     |  9500.00 |           0.25 |    145 |     80 |
|    152 | Peter       | Hall        | PHALL    | 1987-08-08 | SA_REP     |  9000.00 |           0.25 |    145 |     80 |
|    153 | Christopher | Olsen       | COLSEN   | 1987-08-09 | SA_REP     |  8000.00 |           0.20 |    145 |     80 |
|    154 | Nanette     | Cambrault   | NCAMBRAU | 1987-08-10 | SA_REP     |  7500.00 |           0.20 |    145 |     80 |
|    155 | Oliver      | Tuvault     | OTUVAULT | 1987-08-11 | SA_REP     |  7000.00 |           0.15 |    145 |     80 |
|    156 | Janette     | King        | JKING    | 1987-08-12 | SA_REP     | 10000.00 |           0.35 |    146 |     80 |
|    157 | Patrick     | Sully       | PSULLY   | 2002-08-13 | SA_REP     |  9500.00 |           0.35 |    146 |     80 |
|    158 | Allan       | McEwen      | AMCEWEN  | 1987-08-14 | SA_REP     |  9000.00 |           0.35 |    146 |     80 |
|    159 | Lindsey     | Smith       | LSMITH   | 1987-08-15 | SA_REP     |  8000.00 |           0.30 |    146 |     80 |
|    160 | Louise      | Doran       | LDORAN   | 2003-08-16 | SA_REP     |  7500.00 |           0.30 |    146 |     80 |
|    161 | Sarath      | Sewall      | SSEWALL  | 1987-08-17 | SA_REP     |  7000.00 |           0.25 |    146 |     80 |
|    162 | Clara       | Vishney     | CVISHNEY | 1987-08-18 | SA_REP     | 10500.00 |           0.25 |    147 |     80 |
|    163 | Danielle    | Greene      | DGREENE  | 1987-08-19 | SA_REP     |  9500.00 |           0.15 |    147 |     80 |
|    164 | Mattea      | Marvins     | MMARVINS | 2007-08-20 | SA_REP     |  7200.00 |           0.10 |    147 |     80 |
|    165 | David       | Lee         | DLEE     | 1987-08-21 | SA_REP     |  6800.00 |           0.10 |    147 |     80 |
|    166 | Sundar      | Ande        | SANDE    | 1987-08-22 | SA_REP     |  6400.00 |           0.10 |    147 |     80 |
|    167 | Amit        | Banda       | ABANDA   | 1987-08-23 | SA_REP     |  6200.00 |           0.10 |    147 |     80 |
|    168 | Lisa        | Ozer        | LOZER    | 1987-08-24 | SA_REP     | 11500.00 |           0.25 |    148 |     80 |
|    169 | Harrison    | Bloom       | HBLOOM   | 1999-08-25 | SA_REP     | 10000.00 |           0.20 |    148 |     80 |
|    170 | Tayler      | Fox         | TFOX     | 1987-08-26 | SA_REP     |  9600.00 |           0.20 |    148 |     80 |
|    171 | William     | Smith       | WSMITH   | 1987-08-27 | SA_REP     |  7400.00 |           0.15 |    148 |     80 |
|    172 | Elizabeth   | Bates       | EBATES   | 1987-08-28 | SA_REP     |  7300.00 |           0.15 |    148 |     80 |
|    173 | Sundita     | Kumar       | SKUMAR   | 1987-08-29 | SA_REP     |  6100.00 |           0.10 |    148 |     80 |
|    174 | Ellen       | Abel        | EABEL    | 1987-08-30 | SA_REP     | 11000.00 |           0.30 |    149 |     80 |
|    175 | Alyssa      | Hutton      | AHUTTON  | 1996-08-31 | SA_REP     |  8800.00 |           0.25 |    149 |     80 |
|    176 | Jonathon    | Taylor      | JTAYLOR  | 1987-09-01 | SA_REP     |  8600.00 |           0.20 |    149 |     80 |
|    177 | Jack        | Livingston  | JLIVINGS | 1987-09-02 | SA_REP     |  8400.00 |           0.20 |    149 |     80 |
|    179 | Charles     | Johnson     | CJOHNSON | 1999-09-04 | SA_REP     |  6200.00 |           0.10 |    149 |     80 |
|    180 | Winston     | Taylor      | WTAYLOR  | 1987-09-05 | SH_CLERK   |  3200.00 |           0.00 |    120 |     50 |
|    181 | Jean        | Fleaur      | JFLEAUR  | 1987-09-06 | SH_CLERK   |  3100.00 |           0.00 |    120 |     50 |
|    182 | Martha      | Sullivan    | MSULLIVA | 1987-09-07 | SH_CLERK   |  2500.00 |           0.00 |    120 |     50 |
|    183 | Girard      | Geoni       | GGEONI   | 1987-09-08 | SH_CLERK   |  2800.00 |           0.00 |    120 |     50 |
|    184 | Nandita     | Sarchand    | NSARCHAN | 2012-09-09 | SH_CLERK   |  4200.00 |           0.00 |    121 |     50 |
|    185 | Alexis      | Bull        | ABULL    | 1987-09-10 | SH_CLERK   |  4100.00 |           0.00 |    121 |     50 |
|    186 | Julia       | Dellinger   | JDELLING | 1987-09-11 | SH_CLERK   |  3400.00 |           0.00 |    121 |     50 |
|    187 | Anthony     | Cabrio      | ACABRIO  | 2007-09-12 | SH_CLERK   |  3000.00 |           0.00 |    121 |     50 |
|    188 | Kelly       | Chung       | KCHUNG   | 1987-09-13 | SH_CLERK   |  3800.00 |           0.00 |    122 |     50 |
|    189 | Jennifer    | Dilly       | JDILLY   | 1987-09-14 | SH_CLERK   |  3600.00 |           0.00 |    122 |     50 |
|    190 | Timothy     | Gates       | TGATES   | 1987-09-15 | SH_CLERK   |  2900.00 |           0.00 |    122 |     50 |
|    191 | Randall     | Perkins     | RPERKINS | 1987-09-16 | SH_CLERK   |  2500.00 |           0.00 |    122 |     50 |
|    192 | Sarah       | Bell        | SBELL    | 1987-09-17 | SH_CLERK   |  4000.00 |           0.00 |    123 |     50 |
|    193 | Britney     | Everett     | BEVERETT | 1987-09-18 | SH_CLERK   |  3900.00 |           0.00 |    123 |     50 |
|    194 | Samuel      | McCain      | SMCCAIN  | 2000-09-19 | SH_CLERK   |  3200.00 |           0.00 |    123 |     50 |
|    195 | Vance       | Jones       | VJONES   | 1996-09-20 | SH_CLERK   |  2800.00 |           0.00 |    123 |     50 |
|    196 | Alana       | Walsh       | AWALSH   | 1987-09-21 | SH_CLERK   |  3100.00 |           0.00 |    124 |     50 |
|    197 | Kevin       | Feeney      | KFEENEY  | 1987-09-22 | SH_CLERK   |  3000.00 |           0.00 |    124 |     50 |
|    198 | Donald      | OConnell    | DOCONNEL | 1997-09-23 | SH_CLERK   |  2600.00 |           0.00 |    124 |     50 |
|    199 | Douglas     | Grant       | DGRANT   | 1987-09-24 | SH_CLERK   |  2600.00 |           0.00 |    124 |     50 |
|    200 | Jennifer    | Whalen      | JWHALEN  | 1988-09-25 | AD_ASST    |  4400.00 |           0.00 |    101 |     10 |
|    201 | Michael     | Hartstein   | MHARTSTE | 1987-09-26 | MK_MAN     | 13000.00 |           0.00 |    100 |     20 |
|    202 | Pat         | Fay         | PFAY     | 1987-09-27 | MK_REP     |  6000.00 |           0.00 |    201 |     20 |
|    203 | Susan       | Mavris      | SMAVRIS  | 1989-09-28 | HR_REP     |  6500.00 |           0.00 |    101 |     40 |
|    204 | Hermann     | Baer        | HBAER    | 1987-09-29 | PR_REP     | 10000.00 |           0.00 |    101 |     70 |
|    205 | Shelley     | Higgins     | SHIGGINS | 1987-09-30 | AC_MGR     | 12000.00 |           0.00 |    101 |    110 |
|    206 | William     | Gietz       | WGIETZ   | 1997-10-01 | AC_ACCOUNT |  8300.00 |           0.00 |    205 |    110 |
+--------+-------------+-------------+----------+------------+------------+----------+----------------+--------+--------+
101 rows in set (0.00 sec)

mysql> select * from my emp where salary>10000;
ERROR 1146 (42S02): Table 'practicedb.my' doesn't exist
mysql> select * from myemp where salary>10000 order by salary;
+--------+------------+-----------+----------+------------+---------+----------+----------------+--------+--------+
| EMP_ID | FIRST_NAME | LAST_NAME | EMAIL    | HIRE_DATE  | JOB_ID  | SALARY   | COMMISSION_PCT | MGR_ID | DEP_ID |
+--------+------------+-----------+----------+------------+---------+----------+----------------+--------+--------+
|    149 | Eleni      | Zlotkey   | EZLOTKEY | 1987-08-05 | SA_MAN  | 10500.00 |           0.20 |    100 |     80 |
|    162 | Clara      | Vishney   | CVISHNEY | 1987-08-18 | SA_REP  | 10500.00 |           0.25 |    147 |     80 |
|    114 | Den        | Raphaely  | DRAPHEAL | 1987-07-01 | PU_MAN  | 11000.00 |           0.00 |    100 |     30 |
|    148 | Gerald     | Cambrault | GCAMBRAU | 2015-08-04 | SA_MAN  | 11000.00 |           0.30 |    100 |     80 |
|    174 | Ellen      | Abel      | EABEL    | 1987-08-30 | SA_REP  | 11000.00 |           0.30 |    149 |     80 |
|    168 | Lisa       | Ozer      | LOZER    | 1987-08-24 | SA_REP  | 11500.00 |           0.25 |    148 |     80 |
|    108 | Nancy      | Greenberg | NGREENBE | 1987-06-25 | FI_MGR  | 12000.00 |           0.00 |    101 |    100 |
|    147 | Alberto    | Errazuriz | AERRAZUR | 1987-08-03 | SA_MAN  | 12000.00 |           0.30 |    100 |     80 |
|    205 | Shelley    | Higgins   | SHIGGINS | 1987-09-30 | AC_MGR  | 12000.00 |           0.00 |    101 |    110 |
|    201 | Michael    | Hartstein | MHARTSTE | 1987-09-26 | MK_MAN  | 13000.00 |           0.00 |    100 |     20 |
|    146 | Karen      | Partners  | KPARTNER | 2019-08-02 | SA_MAN  | 13500.00 |           0.30 |    100 |     80 |
|    145 | John       | Russell   | JRUSSEL  | 1991-08-01 | SA_MAN  | 14000.00 |           0.40 |    100 |     80 |
|    101 | Neena      | Kochhar   | NKOCHHAR | 1987-06-18 | AD_VP   | 17000.00 |           0.00 |    100 |     90 |
|    102 | Lex        | De Haan   | LDEHAAN  | 1987-06-19 | AD_VP   | 17000.00 |           0.00 |    100 |     90 |
|    100 | Steven     | King      | SKING    | 1998-06-17 | AD_PRES | 24000.00 |           0.00 |      0 |     90 |
+--------+------------+-----------+----------+------------+---------+----------+----------------+--------+--------+
15 rows in set (0.00 sec)

mysql> select * from myemp where salary between 10000 and 15000;
+--------+------------+-----------+----------+------------+--------+----------+----------------+--------+--------+
| EMP_ID | FIRST_NAME | LAST_NAME | EMAIL    | HIRE_DATE  | JOB_ID | SALARY   | COMMISSION_PCT | MGR_ID | DEP_ID |
+--------+------------+-----------+----------+------------+--------+----------+----------------+--------+--------+
|    108 | Nancy      | Greenberg | NGREENBE | 1987-06-25 | FI_MGR | 12000.00 |           0.00 |    101 |    100 |
|    114 | Den        | Raphaely  | DRAPHEAL | 1987-07-01 | PU_MAN | 11000.00 |           0.00 |    100 |     30 |
|    145 | John       | Russell   | JRUSSEL  | 1991-08-01 | SA_MAN | 14000.00 |           0.40 |    100 |     80 |
|    146 | Karen      | Partners  | KPARTNER | 2019-08-02 | SA_MAN | 13500.00 |           0.30 |    100 |     80 |
|    147 | Alberto    | Errazuriz | AERRAZUR | 1987-08-03 | SA_MAN | 12000.00 |           0.30 |    100 |     80 |
|    148 | Gerald     | Cambrault | GCAMBRAU | 2015-08-04 | SA_MAN | 11000.00 |           0.30 |    100 |     80 |
|    149 | Eleni      | Zlotkey   | EZLOTKEY | 1987-08-05 | SA_MAN | 10500.00 |           0.20 |    100 |     80 |
|    150 | Peter      | Tucker    | PTUCKER  | 1987-08-06 | SA_REP | 10000.00 |           0.30 |    145 |     80 |
|    156 | Janette    | King      | JKING    | 1987-08-12 | SA_REP | 10000.00 |           0.35 |    146 |     80 |
|    162 | Clara      | Vishney   | CVISHNEY | 1987-08-18 | SA_REP | 10500.00 |           0.25 |    147 |     80 |
|    168 | Lisa       | Ozer      | LOZER    | 1987-08-24 | SA_REP | 11500.00 |           0.25 |    148 |     80 |
|    169 | Harrison   | Bloom     | HBLOOM   | 1999-08-25 | SA_REP | 10000.00 |           0.20 |    148 |     80 |
|    174 | Ellen      | Abel      | EABEL    | 1987-08-30 | SA_REP | 11000.00 |           0.30 |    149 |     80 |
|    201 | Michael    | Hartstein | MHARTSTE | 1987-09-26 | MK_MAN | 13000.00 |           0.00 |    100 |     20 |
|    204 | Hermann    | Baer      | HBAER    | 1987-09-29 | PR_REP | 10000.00 |           0.00 |    101 |     70 |
|    205 | Shelley    | Higgins   | SHIGGINS | 1987-09-30 | AC_MGR | 12000.00 |           0.00 |    101 |    110 |
+--------+------------+-----------+----------+------------+--------+----------+----------------+--------+--------+
16 rows in set (0.05 sec)

mysql> select * from myemp where hire_date>2000;
+--------+-------------+-------------+----------+------------+------------+----------+----------------+--------+--------+
| EMP_ID | FIRST_NAME  | LAST_NAME   | EMAIL    | HIRE_DATE  | JOB_ID     | SALARY   | COMMISSION_PCT | MGR_ID | DEP_ID |
+--------+-------------+-------------+----------+------------+------------+----------+----------------+--------+--------+
|    100 | Steven      | King        | SKING    | 1998-06-17 | AD_PRES    | 24000.00 |           0.00 |      0 |     90 |
|    101 | Neena       | Kochhar     | NKOCHHAR | 1987-06-18 | AD_VP      | 17000.00 |           0.00 |    100 |     90 |
|    102 | Lex         | De Haan     | LDEHAAN  | 1987-06-19 | AD_VP      | 17000.00 |           0.00 |    100 |     90 |
|    103 | Alexander   | Hunold      | AHUNOLD  | 1976-06-20 | IT_PROG    |  9000.00 |           0.00 |    102 |     60 |
|    104 | Bruce       | Ernst       | BERNST   | 1987-06-21 | IT_PROG    |  6000.00 |           0.00 |    103 |     60 |
|    105 | David       | Austin      | DAUSTIN  | 1987-06-22 | IT_PROG    |  4800.00 |           0.00 |    103 |     60 |
|    106 | Valli       | Pataballa   | VPATABAL | 1980-06-23 | IT_PROG    |  4800.00 |           0.00 |    103 |     60 |
|    107 | Diana       | Lorentz     | DLORENTZ | 1987-06-24 | IT_PROG    |  4200.00 |           0.00 |    103 |     60 |
|    108 | Nancy       | Greenberg   | NGREENBE | 1987-06-25 | FI_MGR     | 12000.00 |           0.00 |    101 |    100 |
|    109 | Daniel      | Faviet      | DFAVIET  | 1992-06-26 | FI_ACCOUNT |  9000.00 |           0.00 |    108 |    100 |
|    110 | John        | Chen        | JCHEN    | 1987-06-27 | FI_ACCOUNT |  8200.00 |           0.00 |    108 |    100 |
|    111 | Ismael      | Sciarra     | ISCIARRA | 1987-06-28 | FI_ACCOUNT |  7700.00 |           0.00 |    108 |    100 |
|    112 | Jose Manuel | Urman       | JMURMAN  | 1981-06-29 | FI_ACCOUNT |  7800.00 |           0.00 |    108 |    100 |
|    113 | Luis        | Popp        | LPOPP    | 1987-06-30 | FI_ACCOUNT |  6900.00 |           0.00 |    108 |    100 |
|    114 | Den         | Raphaely    | DRAPHEAL | 1987-07-01 | PU_MAN     | 11000.00 |           0.00 |    100 |     30 |
|    115 | Alexander   | Khoo        | AKHOO    | 1983-07-02 | PU_CLERK   |  3100.00 |           0.00 |    114 |     30 |
|    116 | Shelli      | Baida       | SBAIDA   | 1987-07-03 | PU_CLERK   |  2900.00 |           0.00 |    114 |     30 |
|    117 | Sigal       | Tobias      | STOBIAS  | 1987-07-04 | PU_CLERK   |  2800.00 |           0.00 |    114 |     30 |
|    118 | Guy         | Himuro      | GHIMURO  | 1995-07-05 | PU_CLERK   |  2600.00 |           0.00 |    114 |     30 |
|    119 | Karen       | Colmenares  | KCOLMENA | 1987-07-06 | PU_CLERK   |  2500.00 |           0.00 |    114 |     30 |
|    120 | Matthew     | Weiss       | MWEISS   | 1987-07-07 | ST_MAN     |  8000.00 |           0.00 |    100 |     50 |
|    121 | Adam        | Fripp       | AFRIPP   | 1990-07-08 | ST_MAN     |  8200.00 |           0.00 |    100 |     50 |
|    122 | Payam       | Kaufling    | PKAUFLIN | 1987-07-09 | ST_MAN     |  7900.00 |           0.00 |    100 |     50 |
|    123 | Shanta      | Vollman     | SVOLLMAN | 1987-07-10 | ST_MAN     |  6500.00 |           0.00 |    100 |     50 |
|    124 | Kevin       | Mourgos     | KMOURGOS | 1997-07-11 | ST_MAN     |  5800.00 |           0.00 |    100 |     50 |
|    125 | Julia       | Nayer       | JNAYER   | 1987-07-12 | ST_CLERK   |  3200.00 |           0.00 |    120 |     50 |
|    126 | Irene       | Mikkilineni | IMIKKILI | 1987-07-13 | ST_CLERK   |  2700.00 |           0.00 |    120 |     50 |
|    127 | James       | Landry      | JLANDRY  | 1978-07-14 | ST_CLERK   |  2400.00 |           0.00 |    120 |     50 |
|    128 | Steven      | Markle      | SMARKLE  | 1987-07-15 | ST_CLERK   |  2200.00 |           0.00 |    120 |     50 |
|    129 | Laura       | Bissot      | LBISSOT  | 1987-07-16 | ST_CLERK   |  3300.00 |           0.00 |    121 |     50 |
|    130 | Mozhe       | Atkinson    | MATKINSO | 1983-07-17 | ST_CLERK   |  2800.00 |           0.00 |    121 |     50 |
|    131 | James       | Marlow      | JAMRLOW  | 1987-07-18 | ST_CLERK   |  2500.00 |           0.00 |    121 |     50 |
|    132 | TJ          | Olson       | TJOLSON  | 1987-07-19 | ST_CLERK   |  2100.00 |           0.00 |    121 |     50 |
|    133 | Jason       | Mallin      | JMALLIN  | 1985-07-20 | ST_CLERK   |  3300.00 |           0.00 |    122 |     50 |
|    134 | Michael     | Rogers      | MROGERS  | 1987-07-21 | ST_CLERK   |  2900.00 |           0.00 |    122 |     50 |
|    135 | Ki          | Gee         | KGEE     | 1987-07-22 | ST_CLERK   |  2400.00 |           0.00 |    122 |     50 |
|    136 | Hazel       | Philtanker  | HPHILTAN | 1990-07-23 | ST_CLERK   |  2200.00 |           0.00 |    122 |     50 |
|    137 | Renske      | Ladwig      | RLADWIG  | 2000-07-24 | ST_CLERK   |  3600.00 |           0.00 |    123 |     50 |
|    138 | Stephen     | Stiles      | SSTILES  | 1987-07-25 | ST_CLERK   |  3200.00 |           0.00 |    123 |     50 |
|    139 | John        | Seo         | JSEO     | 1989-07-26 | ST_CLERK   |  2700.00 |           0.00 |    123 |     50 |
|    140 | Joshua      | Patel       | JPATEL   | 2011-07-27 | ST_CLERK   |  2500.00 |           0.00 |    123 |     50 |
|    141 | Trenna      | Rajs        | TRAJS    | 1987-07-28 | ST_CLERK   |  3500.00 |           0.00 |    124 |     50 |
|    142 | Curtis      | Davies      | CDAVIES  | 1986-07-29 | ST_CLERK   |  3100.00 |           0.00 |    124 |     50 |
|    143 | Randall     | Matos       | RMATOS   | 1987-07-30 | ST_CLERK   |  2600.00 |           0.00 |    124 |     50 |
|    144 | Peter       | Vargas      | PVARGAS  | 1998-07-31 | ST_CLERK   |  2500.00 |           0.00 |    124 |     50 |
|    145 | John        | Russell     | JRUSSEL  | 1991-08-01 | SA_MAN     | 14000.00 |           0.40 |    100 |     80 |
|    146 | Karen       | Partners    | KPARTNER | 2019-08-02 | SA_MAN     | 13500.00 |           0.30 |    100 |     80 |
|    147 | Alberto     | Errazuriz   | AERRAZUR | 1987-08-03 | SA_MAN     | 12000.00 |           0.30 |    100 |     80 |
|    148 | Gerald      | Cambrault   | GCAMBRAU | 2015-08-04 | SA_MAN     | 11000.00 |           0.30 |    100 |     80 |
|    149 | Eleni       | Zlotkey     | EZLOTKEY | 1987-08-05 | SA_MAN     | 10500.00 |           0.20 |    100 |     80 |
|    150 | Peter       | Tucker      | PTUCKER  | 1987-08-06 | SA_REP     | 10000.00 |           0.30 |    145 |     80 |
|    151 | David       | Bernstein   | DBERNSTE | 2013-08-07 | SA_REP     |  9500.00 |           0.25 |    145 |     80 |
|    152 | Peter       | Hall        | PHALL    | 1987-08-08 | SA_REP     |  9000.00 |           0.25 |    145 |     80 |
|    153 | Christopher | Olsen       | COLSEN   | 1987-08-09 | SA_REP     |  8000.00 |           0.20 |    145 |     80 |
|    154 | Nanette     | Cambrault   | NCAMBRAU | 1987-08-10 | SA_REP     |  7500.00 |           0.20 |    145 |     80 |
|    155 | Oliver      | Tuvault     | OTUVAULT | 1987-08-11 | SA_REP     |  7000.00 |           0.15 |    145 |     80 |
|    156 | Janette     | King        | JKING    | 1987-08-12 | SA_REP     | 10000.00 |           0.35 |    146 |     80 |
|    157 | Patrick     | Sully       | PSULLY   | 2002-08-13 | SA_REP     |  9500.00 |           0.35 |    146 |     80 |
|    158 | Allan       | McEwen      | AMCEWEN  | 1987-08-14 | SA_REP     |  9000.00 |           0.35 |    146 |     80 |
|    159 | Lindsey     | Smith       | LSMITH   | 1987-08-15 | SA_REP     |  8000.00 |           0.30 |    146 |     80 |
|    160 | Louise      | Doran       | LDORAN   | 2003-08-16 | SA_REP     |  7500.00 |           0.30 |    146 |     80 |
|    161 | Sarath      | Sewall      | SSEWALL  | 1987-08-17 | SA_REP     |  7000.00 |           0.25 |    146 |     80 |
|    162 | Clara       | Vishney     | CVISHNEY | 1987-08-18 | SA_REP     | 10500.00 |           0.25 |    147 |     80 |
|    163 | Danielle    | Greene      | DGREENE  | 1987-08-19 | SA_REP     |  9500.00 |           0.15 |    147 |     80 |
|    164 | Mattea      | Marvins     | MMARVINS | 2007-08-20 | SA_REP     |  7200.00 |           0.10 |    147 |     80 |
|    165 | David       | Lee         | DLEE     | 1987-08-21 | SA_REP     |  6800.00 |           0.10 |    147 |     80 |
|    166 | Sundar      | Ande        | SANDE    | 1987-08-22 | SA_REP     |  6400.00 |           0.10 |    147 |     80 |
|    167 | Amit        | Banda       | ABANDA   | 1987-08-23 | SA_REP     |  6200.00 |           0.10 |    147 |     80 |
|    168 | Lisa        | Ozer        | LOZER    | 1987-08-24 | SA_REP     | 11500.00 |           0.25 |    148 |     80 |
|    169 | Harrison    | Bloom       | HBLOOM   | 1999-08-25 | SA_REP     | 10000.00 |           0.20 |    148 |     80 |
|    170 | Tayler      | Fox         | TFOX     | 1987-08-26 | SA_REP     |  9600.00 |           0.20 |    148 |     80 |
|    171 | William     | Smith       | WSMITH   | 1987-08-27 | SA_REP     |  7400.00 |           0.15 |    148 |     80 |
|    172 | Elizabeth   | Bates       | EBATES   | 1987-08-28 | SA_REP     |  7300.00 |           0.15 |    148 |     80 |
|    173 | Sundita     | Kumar       | SKUMAR   | 1987-08-29 | SA_REP     |  6100.00 |           0.10 |    148 |     80 |
|    174 | Ellen       | Abel        | EABEL    | 1987-08-30 | SA_REP     | 11000.00 |           0.30 |    149 |     80 |
|    175 | Alyssa      | Hutton      | AHUTTON  | 1996-08-31 | SA_REP     |  8800.00 |           0.25 |    149 |     80 |
|    176 | Jonathon    | Taylor      | JTAYLOR  | 1987-09-01 | SA_REP     |  8600.00 |           0.20 |    149 |     80 |
|    177 | Jack        | Livingston  | JLIVINGS | 1987-09-02 | SA_REP     |  8400.00 |           0.20 |    149 |     80 |
|    179 | Charles     | Johnson     | CJOHNSON | 1999-09-04 | SA_REP     |  6200.00 |           0.10 |    149 |     80 |
|    180 | Winston     | Taylor      | WTAYLOR  | 1987-09-05 | SH_CLERK   |  3200.00 |           0.00 |    120 |     50 |
|    181 | Jean        | Fleaur      | JFLEAUR  | 1987-09-06 | SH_CLERK   |  3100.00 |           0.00 |    120 |     50 |
|    182 | Martha      | Sullivan    | MSULLIVA | 1987-09-07 | SH_CLERK   |  2500.00 |           0.00 |    120 |     50 |
|    183 | Girard      | Geoni       | GGEONI   | 1987-09-08 | SH_CLERK   |  2800.00 |           0.00 |    120 |     50 |
|    184 | Nandita     | Sarchand    | NSARCHAN | 2012-09-09 | SH_CLERK   |  4200.00 |           0.00 |    121 |     50 |
|    185 | Alexis      | Bull        | ABULL    | 1987-09-10 | SH_CLERK   |  4100.00 |           0.00 |    121 |     50 |
|    186 | Julia       | Dellinger   | JDELLING | 1987-09-11 | SH_CLERK   |  3400.00 |           0.00 |    121 |     50 |
|    187 | Anthony     | Cabrio      | ACABRIO  | 2007-09-12 | SH_CLERK   |  3000.00 |           0.00 |    121 |     50 |
|    188 | Kelly       | Chung       | KCHUNG   | 1987-09-13 | SH_CLERK   |  3800.00 |           0.00 |    122 |     50 |
|    189 | Jennifer    | Dilly       | JDILLY   | 1987-09-14 | SH_CLERK   |  3600.00 |           0.00 |    122 |     50 |
|    190 | Timothy     | Gates       | TGATES   | 1987-09-15 | SH_CLERK   |  2900.00 |           0.00 |    122 |     50 |
|    191 | Randall     | Perkins     | RPERKINS | 1987-09-16 | SH_CLERK   |  2500.00 |           0.00 |    122 |     50 |
|    192 | Sarah       | Bell        | SBELL    | 1987-09-17 | SH_CLERK   |  4000.00 |           0.00 |    123 |     50 |
|    193 | Britney     | Everett     | BEVERETT | 1987-09-18 | SH_CLERK   |  3900.00 |           0.00 |    123 |     50 |
|    194 | Samuel      | McCain      | SMCCAIN  | 2000-09-19 | SH_CLERK   |  3200.00 |           0.00 |    123 |     50 |
|    195 | Vance       | Jones       | VJONES   | 1996-09-20 | SH_CLERK   |  2800.00 |           0.00 |    123 |     50 |
|    196 | Alana       | Walsh       | AWALSH   | 1987-09-21 | SH_CLERK   |  3100.00 |           0.00 |    124 |     50 |
|    197 | Kevin       | Feeney      | KFEENEY  | 1987-09-22 | SH_CLERK   |  3000.00 |           0.00 |    124 |     50 |
|    198 | Donald      | OConnell    | DOCONNEL | 1997-09-23 | SH_CLERK   |  2600.00 |           0.00 |    124 |     50 |
|    199 | Douglas     | Grant       | DGRANT   | 1987-09-24 | SH_CLERK   |  2600.00 |           0.00 |    124 |     50 |
|    200 | Jennifer    | Whalen      | JWHALEN  | 1988-09-25 | AD_ASST    |  4400.00 |           0.00 |    101 |     10 |
|    201 | Michael     | Hartstein   | MHARTSTE | 1987-09-26 | MK_MAN     | 13000.00 |           0.00 |    100 |     20 |
|    202 | Pat         | Fay         | PFAY     | 1987-09-27 | MK_REP     |  6000.00 |           0.00 |    201 |     20 |
|    203 | Susan       | Mavris      | SMAVRIS  | 1989-09-28 | HR_REP     |  6500.00 |           0.00 |    101 |     40 |
|    204 | Hermann     | Baer        | HBAER    | 1987-09-29 | PR_REP     | 10000.00 |           0.00 |    101 |     70 |
|    205 | Shelley     | Higgins     | SHIGGINS | 1987-09-30 | AC_MGR     | 12000.00 |           0.00 |    101 |    110 |
|    206 | William     | Gietz       | WGIETZ   | 1997-10-01 | AC_ACCOUNT |  8300.00 |           0.00 |    205 |    110 |
+--------+-------------+-------------+----------+------------+------------+----------+----------------+--------+--------+
106 rows in set, 1 warning (0.27 sec)

mysql> select * from myemp where year(hire_date)>2000 order by hire_date;
+--------+------------+-----------+----------+------------+----------+----------+----------------+--------+--------+
| EMP_ID | FIRST_NAME | LAST_NAME | EMAIL    | HIRE_DATE  | JOB_ID   | SALARY   | COMMISSION_PCT | MGR_ID | DEP_ID |
+--------+------------+-----------+----------+------------+----------+----------+----------------+--------+--------+
|    157 | Patrick    | Sully     | PSULLY   | 2002-08-13 | SA_REP   |  9500.00 |           0.35 |    146 |     80 |
|    160 | Louise     | Doran     | LDORAN   | 2003-08-16 | SA_REP   |  7500.00 |           0.30 |    146 |     80 |
|    164 | Mattea     | Marvins   | MMARVINS | 2007-08-20 | SA_REP   |  7200.00 |           0.10 |    147 |     80 |
|    187 | Anthony    | Cabrio    | ACABRIO  | 2007-09-12 | SH_CLERK |  3000.00 |           0.00 |    121 |     50 |
|    140 | Joshua     | Patel     | JPATEL   | 2011-07-27 | ST_CLERK |  2500.00 |           0.00 |    123 |     50 |
|    184 | Nandita    | Sarchand  | NSARCHAN | 2012-09-09 | SH_CLERK |  4200.00 |           0.00 |    121 |     50 |
|    151 | David      | Bernstein | DBERNSTE | 2013-08-07 | SA_REP   |  9500.00 |           0.25 |    145 |     80 |
|    148 | Gerald     | Cambrault | GCAMBRAU | 2015-08-04 | SA_MAN   | 11000.00 |           0.30 |    100 |     80 |
|    146 | Karen      | Partners  | KPARTNER | 2019-08-02 | SA_MAN   | 13500.00 |           0.30 |    100 |     80 |
+--------+------------+-----------+----------+------------+----------+----------+----------------+--------+--------+
9 rows in set (0.15 sec)

mysql> select * from myemp where year(hire_date)>2000 order by hire_date;
+--------+------------+-----------+----------+------------+----------+----------+----------------+--------+--------+
| EMP_ID | FIRST_NAME | LAST_NAME | EMAIL    | HIRE_DATE  | JOB_ID   | SALARY   | COMMISSION_PCT | MGR_ID | DEP_ID |
+--------+------------+-----------+----------+------------+----------+----------+----------------+--------+--------+
|    157 | Patrick    | Sully     | PSULLY   | 2002-08-13 | SA_REP   |  9500.00 |           0.35 |    146 |     80 |
|    160 | Louise     | Doran     | LDORAN   | 2003-08-16 | SA_REP   |  7500.00 |           0.30 |    146 |     80 |
|    164 | Mattea     | Marvins   | MMARVINS | 2007-08-20 | SA_REP   |  7200.00 |           0.10 |    147 |     80 |
|    187 | Anthony    | Cabrio    | ACABRIO  | 2007-09-12 | SH_CLERK |  3000.00 |           0.00 |    121 |     50 |
|    140 | Joshua     | Patel     | JPATEL   | 2011-07-27 | ST_CLERK |  2500.00 |           0.00 |    123 |     50 |
|    184 | Nandita    | Sarchand  | NSARCHAN | 2012-09-09 | SH_CLERK |  4200.00 |           0.00 |    121 |     50 |
|    151 | David      | Bernstein | DBERNSTE | 2013-08-07 | SA_REP   |  9500.00 |           0.25 |    145 |     80 |
|    148 | Gerald     | Cambrault | GCAMBRAU | 2015-08-04 | SA_MAN   | 11000.00 |           0.30 |    100 |     80 |
|    146 | Karen      | Partners  | KPARTNER | 2019-08-02 | SA_MAN   | 13500.00 |           0.30 |    100 |     80 |
+--------+------------+-----------+----------+------------+----------+----------+----------------+--------+--------+
9 rows in set (0.00 sec)

mysql> SELECT * from myemp WHERE hire_date > "2000-12-31";
+--------+------------+-----------+----------+------------+----------+----------+----------------+--------+--------+
| EMP_ID | FIRST_NAME | LAST_NAME | EMAIL    | HIRE_DATE  | JOB_ID   | SALARY   | COMMISSION_PCT | MGR_ID | DEP_ID |
+--------+------------+-----------+----------+------------+----------+----------+----------------+--------+--------+
|    140 | Joshua     | Patel     | JPATEL   | 2011-07-27 | ST_CLERK |  2500.00 |           0.00 |    123 |     50 |
|    146 | Karen      | Partners  | KPARTNER | 2019-08-02 | SA_MAN   | 13500.00 |           0.30 |    100 |     80 |
|    148 | Gerald     | Cambrault | GCAMBRAU | 2015-08-04 | SA_MAN   | 11000.00 |           0.30 |    100 |     80 |
|    151 | David      | Bernstein | DBERNSTE | 2013-08-07 | SA_REP   |  9500.00 |           0.25 |    145 |     80 |
|    157 | Patrick    | Sully     | PSULLY   | 2002-08-13 | SA_REP   |  9500.00 |           0.35 |    146 |     80 |
|    160 | Louise     | Doran     | LDORAN   | 2003-08-16 | SA_REP   |  7500.00 |           0.30 |    146 |     80 |
|    164 | Mattea     | Marvins   | MMARVINS | 2007-08-20 | SA_REP   |  7200.00 |           0.10 |    147 |     80 |
|    184 | Nandita    | Sarchand  | NSARCHAN | 2012-09-09 | SH_CLERK |  4200.00 |           0.00 |    121 |     50 |
|    187 | Anthony    | Cabrio    | ACABRIO  | 2007-09-12 | SH_CLERK |  3000.00 |           0.00 |    121 |     50 |
+--------+------------+-----------+----------+------------+----------+----------+----------------+--------+--------+
9 rows in set (2.40 sec)

mysql>
mysql> select * from myemp where salary >10000 and dep_id=80;
+--------+------------+-----------+----------+------------+--------+----------+----------------+--------+--------+
| EMP_ID | FIRST_NAME | LAST_NAME | EMAIL    | HIRE_DATE  | JOB_ID | SALARY   | COMMISSION_PCT | MGR_ID | DEP_ID |
+--------+------------+-----------+----------+------------+--------+----------+----------------+--------+--------+
|    145 | John       | Russell   | JRUSSEL  | 1991-08-01 | SA_MAN | 14000.00 |           0.40 |    100 |     80 |
|    146 | Karen      | Partners  | KPARTNER | 2019-08-02 | SA_MAN | 13500.00 |           0.30 |    100 |     80 |
|    147 | Alberto    | Errazuriz | AERRAZUR | 1987-08-03 | SA_MAN | 12000.00 |           0.30 |    100 |     80 |
|    148 | Gerald     | Cambrault | GCAMBRAU | 2015-08-04 | SA_MAN | 11000.00 |           0.30 |    100 |     80 |
|    149 | Eleni      | Zlotkey   | EZLOTKEY | 1987-08-05 | SA_MAN | 10500.00 |           0.20 |    100 |     80 |
|    162 | Clara      | Vishney   | CVISHNEY | 1987-08-18 | SA_REP | 10500.00 |           0.25 |    147 |     80 |
|    168 | Lisa       | Ozer      | LOZER    | 1987-08-24 | SA_REP | 11500.00 |           0.25 |    148 |     80 |
|    174 | Ellen      | Abel      | EABEL    | 1987-08-30 | SA_REP | 11000.00 |           0.30 |    149 |     80 |
+--------+------------+-----------+----------+------------+--------+----------+----------------+--------+--------+
8 rows in set (0.05 sec)

mysql> select * from myemp where salary>10000 or dep_id=80;
+--------+-------------+------------+----------+------------+---------+----------+----------------+--------+--------+
| EMP_ID | FIRST_NAME  | LAST_NAME  | EMAIL    | HIRE_DATE  | JOB_ID  | SALARY   | COMMISSION_PCT | MGR_ID | DEP_ID |
+--------+-------------+------------+----------+------------+---------+----------+----------------+--------+--------+
|    100 | Steven      | King       | SKING    | 1998-06-17 | AD_PRES | 24000.00 |           0.00 |      0 |     90 |
|    101 | Neena       | Kochhar    | NKOCHHAR | 1987-06-18 | AD_VP   | 17000.00 |           0.00 |    100 |     90 |
|    102 | Lex         | De Haan    | LDEHAAN  | 1987-06-19 | AD_VP   | 17000.00 |           0.00 |    100 |     90 |
|    108 | Nancy       | Greenberg  | NGREENBE | 1987-06-25 | FI_MGR  | 12000.00 |           0.00 |    101 |    100 |
|    114 | Den         | Raphaely   | DRAPHEAL | 1987-07-01 | PU_MAN  | 11000.00 |           0.00 |    100 |     30 |
|    145 | John        | Russell    | JRUSSEL  | 1991-08-01 | SA_MAN  | 14000.00 |           0.40 |    100 |     80 |
|    146 | Karen       | Partners   | KPARTNER | 2019-08-02 | SA_MAN  | 13500.00 |           0.30 |    100 |     80 |
|    147 | Alberto     | Errazuriz  | AERRAZUR | 1987-08-03 | SA_MAN  | 12000.00 |           0.30 |    100 |     80 |
|    148 | Gerald      | Cambrault  | GCAMBRAU | 2015-08-04 | SA_MAN  | 11000.00 |           0.30 |    100 |     80 |
|    149 | Eleni       | Zlotkey    | EZLOTKEY | 1987-08-05 | SA_MAN  | 10500.00 |           0.20 |    100 |     80 |
|    150 | Peter       | Tucker     | PTUCKER  | 1987-08-06 | SA_REP  | 10000.00 |           0.30 |    145 |     80 |
|    151 | David       | Bernstein  | DBERNSTE | 2013-08-07 | SA_REP  |  9500.00 |           0.25 |    145 |     80 |
|    152 | Peter       | Hall       | PHALL    | 1987-08-08 | SA_REP  |  9000.00 |           0.25 |    145 |     80 |
|    153 | Christopher | Olsen      | COLSEN   | 1987-08-09 | SA_REP  |  8000.00 |           0.20 |    145 |     80 |
|    154 | Nanette     | Cambrault  | NCAMBRAU | 1987-08-10 | SA_REP  |  7500.00 |           0.20 |    145 |     80 |
|    155 | Oliver      | Tuvault    | OTUVAULT | 1987-08-11 | SA_REP  |  7000.00 |           0.15 |    145 |     80 |
|    156 | Janette     | King       | JKING    | 1987-08-12 | SA_REP  | 10000.00 |           0.35 |    146 |     80 |
|    157 | Patrick     | Sully      | PSULLY   | 2002-08-13 | SA_REP  |  9500.00 |           0.35 |    146 |     80 |
|    158 | Allan       | McEwen     | AMCEWEN  | 1987-08-14 | SA_REP  |  9000.00 |           0.35 |    146 |     80 |
|    159 | Lindsey     | Smith      | LSMITH   | 1987-08-15 | SA_REP  |  8000.00 |           0.30 |    146 |     80 |
|    160 | Louise      | Doran      | LDORAN   | 2003-08-16 | SA_REP  |  7500.00 |           0.30 |    146 |     80 |
|    161 | Sarath      | Sewall     | SSEWALL  | 1987-08-17 | SA_REP  |  7000.00 |           0.25 |    146 |     80 |
|    162 | Clara       | Vishney    | CVISHNEY | 1987-08-18 | SA_REP  | 10500.00 |           0.25 |    147 |     80 |
|    163 | Danielle    | Greene     | DGREENE  | 1987-08-19 | SA_REP  |  9500.00 |           0.15 |    147 |     80 |
|    164 | Mattea      | Marvins    | MMARVINS | 2007-08-20 | SA_REP  |  7200.00 |           0.10 |    147 |     80 |
|    165 | David       | Lee        | DLEE     | 1987-08-21 | SA_REP  |  6800.00 |           0.10 |    147 |     80 |
|    166 | Sundar      | Ande       | SANDE    | 1987-08-22 | SA_REP  |  6400.00 |           0.10 |    147 |     80 |
|    167 | Amit        | Banda      | ABANDA   | 1987-08-23 | SA_REP  |  6200.00 |           0.10 |    147 |     80 |
|    168 | Lisa        | Ozer       | LOZER    | 1987-08-24 | SA_REP  | 11500.00 |           0.25 |    148 |     80 |
|    169 | Harrison    | Bloom      | HBLOOM   | 1999-08-25 | SA_REP  | 10000.00 |           0.20 |    148 |     80 |
|    170 | Tayler      | Fox        | TFOX     | 1987-08-26 | SA_REP  |  9600.00 |           0.20 |    148 |     80 |
|    171 | William     | Smith      | WSMITH   | 1987-08-27 | SA_REP  |  7400.00 |           0.15 |    148 |     80 |
|    172 | Elizabeth   | Bates      | EBATES   | 1987-08-28 | SA_REP  |  7300.00 |           0.15 |    148 |     80 |
|    173 | Sundita     | Kumar      | SKUMAR   | 1987-08-29 | SA_REP  |  6100.00 |           0.10 |    148 |     80 |
|    174 | Ellen       | Abel       | EABEL    | 1987-08-30 | SA_REP  | 11000.00 |           0.30 |    149 |     80 |
|    175 | Alyssa      | Hutton     | AHUTTON  | 1996-08-31 | SA_REP  |  8800.00 |           0.25 |    149 |     80 |
|    176 | Jonathon    | Taylor     | JTAYLOR  | 1987-09-01 | SA_REP  |  8600.00 |           0.20 |    149 |     80 |
|    177 | Jack        | Livingston | JLIVINGS | 1987-09-02 | SA_REP  |  8400.00 |           0.20 |    149 |     80 |
|    179 | Charles     | Johnson    | CJOHNSON | 1999-09-04 | SA_REP  |  6200.00 |           0.10 |    149 |     80 |
|    201 | Michael     | Hartstein  | MHARTSTE | 1987-09-26 | MK_MAN  | 13000.00 |           0.00 |    100 |     20 |
|    205 | Shelley     | Higgins    | SHIGGINS | 1987-09-30 | AC_MGR  | 12000.00 |           0.00 |    101 |    110 |
+--------+-------------+------------+----------+------------+---------+----------+----------------+--------+--------+
41 rows in set (0.00 sec)

mysql> select * from myemp where salary not between 10000 and 15000;
+--------+-------------+-------------+----------+------------+------------+----------+----------------+--------+--------+
| EMP_ID | FIRST_NAME  | LAST_NAME   | EMAIL    | HIRE_DATE  | JOB_ID     | SALARY   | COMMISSION_PCT | MGR_ID | DEP_ID |
+--------+-------------+-------------+----------+------------+------------+----------+----------------+--------+--------+
|    100 | Steven      | King        | SKING    | 1998-06-17 | AD_PRES    | 24000.00 |           0.00 |      0 |     90 |
|    101 | Neena       | Kochhar     | NKOCHHAR | 1987-06-18 | AD_VP      | 17000.00 |           0.00 |    100 |     90 |
|    102 | Lex         | De Haan     | LDEHAAN  | 1987-06-19 | AD_VP      | 17000.00 |           0.00 |    100 |     90 |
|    103 | Alexander   | Hunold      | AHUNOLD  | 1976-06-20 | IT_PROG    |  9000.00 |           0.00 |    102 |     60 |
|    104 | Bruce       | Ernst       | BERNST   | 1987-06-21 | IT_PROG    |  6000.00 |           0.00 |    103 |     60 |
|    105 | David       | Austin      | DAUSTIN  | 1987-06-22 | IT_PROG    |  4800.00 |           0.00 |    103 |     60 |
|    106 | Valli       | Pataballa   | VPATABAL | 1980-06-23 | IT_PROG    |  4800.00 |           0.00 |    103 |     60 |
|    107 | Diana       | Lorentz     | DLORENTZ | 1987-06-24 | IT_PROG    |  4200.00 |           0.00 |    103 |     60 |
|    109 | Daniel      | Faviet      | DFAVIET  | 1992-06-26 | FI_ACCOUNT |  9000.00 |           0.00 |    108 |    100 |
|    110 | John        | Chen        | JCHEN    | 1987-06-27 | FI_ACCOUNT |  8200.00 |           0.00 |    108 |    100 |
|    111 | Ismael      | Sciarra     | ISCIARRA | 1987-06-28 | FI_ACCOUNT |  7700.00 |           0.00 |    108 |    100 |
|    112 | Jose Manuel | Urman       | JMURMAN  | 1981-06-29 | FI_ACCOUNT |  7800.00 |           0.00 |    108 |    100 |
|    113 | Luis        | Popp        | LPOPP    | 1987-06-30 | FI_ACCOUNT |  6900.00 |           0.00 |    108 |    100 |
|    115 | Alexander   | Khoo        | AKHOO    | 1983-07-02 | PU_CLERK   |  3100.00 |           0.00 |    114 |     30 |
|    116 | Shelli      | Baida       | SBAIDA   | 1987-07-03 | PU_CLERK   |  2900.00 |           0.00 |    114 |     30 |
|    117 | Sigal       | Tobias      | STOBIAS  | 1987-07-04 | PU_CLERK   |  2800.00 |           0.00 |    114 |     30 |
|    118 | Guy         | Himuro      | GHIMURO  | 1995-07-05 | PU_CLERK   |  2600.00 |           0.00 |    114 |     30 |
|    119 | Karen       | Colmenares  | KCOLMENA | 1987-07-06 | PU_CLERK   |  2500.00 |           0.00 |    114 |     30 |
|    120 | Matthew     | Weiss       | MWEISS   | 1987-07-07 | ST_MAN     |  8000.00 |           0.00 |    100 |     50 |
|    121 | Adam        | Fripp       | AFRIPP   | 1990-07-08 | ST_MAN     |  8200.00 |           0.00 |    100 |     50 |
|    122 | Payam       | Kaufling    | PKAUFLIN | 1987-07-09 | ST_MAN     |  7900.00 |           0.00 |    100 |     50 |
|    123 | Shanta      | Vollman     | SVOLLMAN | 1987-07-10 | ST_MAN     |  6500.00 |           0.00 |    100 |     50 |
|    124 | Kevin       | Mourgos     | KMOURGOS | 1997-07-11 | ST_MAN     |  5800.00 |           0.00 |    100 |     50 |
|    125 | Julia       | Nayer       | JNAYER   | 1987-07-12 | ST_CLERK   |  3200.00 |           0.00 |    120 |     50 |
|    126 | Irene       | Mikkilineni | IMIKKILI | 1987-07-13 | ST_CLERK   |  2700.00 |           0.00 |    120 |     50 |
|    127 | James       | Landry      | JLANDRY  | 1978-07-14 | ST_CLERK   |  2400.00 |           0.00 |    120 |     50 |
|    128 | Steven      | Markle      | SMARKLE  | 1987-07-15 | ST_CLERK   |  2200.00 |           0.00 |    120 |     50 |
|    129 | Laura       | Bissot      | LBISSOT  | 1987-07-16 | ST_CLERK   |  3300.00 |           0.00 |    121 |     50 |
|    130 | Mozhe       | Atkinson    | MATKINSO | 1983-07-17 | ST_CLERK   |  2800.00 |           0.00 |    121 |     50 |
|    131 | James       | Marlow      | JAMRLOW  | 1987-07-18 | ST_CLERK   |  2500.00 |           0.00 |    121 |     50 |
|    132 | TJ          | Olson       | TJOLSON  | 1987-07-19 | ST_CLERK   |  2100.00 |           0.00 |    121 |     50 |
|    133 | Jason       | Mallin      | JMALLIN  | 1985-07-20 | ST_CLERK   |  3300.00 |           0.00 |    122 |     50 |
|    134 | Michael     | Rogers      | MROGERS  | 1987-07-21 | ST_CLERK   |  2900.00 |           0.00 |    122 |     50 |
|    135 | Ki          | Gee         | KGEE     | 1987-07-22 | ST_CLERK   |  2400.00 |           0.00 |    122 |     50 |
|    136 | Hazel       | Philtanker  | HPHILTAN | 1990-07-23 | ST_CLERK   |  2200.00 |           0.00 |    122 |     50 |
|    137 | Renske      | Ladwig      | RLADWIG  | 2000-07-24 | ST_CLERK   |  3600.00 |           0.00 |    123 |     50 |
|    138 | Stephen     | Stiles      | SSTILES  | 1987-07-25 | ST_CLERK   |  3200.00 |           0.00 |    123 |     50 |
|    139 | John        | Seo         | JSEO     | 1989-07-26 | ST_CLERK   |  2700.00 |           0.00 |    123 |     50 |
|    140 | Joshua      | Patel       | JPATEL   | 2011-07-27 | ST_CLERK   |  2500.00 |           0.00 |    123 |     50 |
|    141 | Trenna      | Rajs        | TRAJS    | 1987-07-28 | ST_CLERK   |  3500.00 |           0.00 |    124 |     50 |
|    142 | Curtis      | Davies      | CDAVIES  | 1986-07-29 | ST_CLERK   |  3100.00 |           0.00 |    124 |     50 |
|    143 | Randall     | Matos       | RMATOS   | 1987-07-30 | ST_CLERK   |  2600.00 |           0.00 |    124 |     50 |
|    144 | Peter       | Vargas      | PVARGAS  | 1998-07-31 | ST_CLERK   |  2500.00 |           0.00 |    124 |     50 |
|    151 | David       | Bernstein   | DBERNSTE | 2013-08-07 | SA_REP     |  9500.00 |           0.25 |    145 |     80 |
|    152 | Peter       | Hall        | PHALL    | 1987-08-08 | SA_REP     |  9000.00 |           0.25 |    145 |     80 |
|    153 | Christopher | Olsen       | COLSEN   | 1987-08-09 | SA_REP     |  8000.00 |           0.20 |    145 |     80 |
|    154 | Nanette     | Cambrault   | NCAMBRAU | 1987-08-10 | SA_REP     |  7500.00 |           0.20 |    145 |     80 |
|    155 | Oliver      | Tuvault     | OTUVAULT | 1987-08-11 | SA_REP     |  7000.00 |           0.15 |    145 |     80 |
|    157 | Patrick     | Sully       | PSULLY   | 2002-08-13 | SA_REP     |  9500.00 |           0.35 |    146 |     80 |
|    158 | Allan       | McEwen      | AMCEWEN  | 1987-08-14 | SA_REP     |  9000.00 |           0.35 |    146 |     80 |
|    159 | Lindsey     | Smith       | LSMITH   | 1987-08-15 | SA_REP     |  8000.00 |           0.30 |    146 |     80 |
|    160 | Louise      | Doran       | LDORAN   | 2003-08-16 | SA_REP     |  7500.00 |           0.30 |    146 |     80 |
|    161 | Sarath      | Sewall      | SSEWALL  | 1987-08-17 | SA_REP     |  7000.00 |           0.25 |    146 |     80 |
|    163 | Danielle    | Greene      | DGREENE  | 1987-08-19 | SA_REP     |  9500.00 |           0.15 |    147 |     80 |
|    164 | Mattea      | Marvins     | MMARVINS | 2007-08-20 | SA_REP     |  7200.00 |           0.10 |    147 |     80 |
|    165 | David       | Lee         | DLEE     | 1987-08-21 | SA_REP     |  6800.00 |           0.10 |    147 |     80 |
|    166 | Sundar      | Ande        | SANDE    | 1987-08-22 | SA_REP     |  6400.00 |           0.10 |    147 |     80 |
|    167 | Amit        | Banda       | ABANDA   | 1987-08-23 | SA_REP     |  6200.00 |           0.10 |    147 |     80 |
|    170 | Tayler      | Fox         | TFOX     | 1987-08-26 | SA_REP     |  9600.00 |           0.20 |    148 |     80 |
|    171 | William     | Smith       | WSMITH   | 1987-08-27 | SA_REP     |  7400.00 |           0.15 |    148 |     80 |
|    172 | Elizabeth   | Bates       | EBATES   | 1987-08-28 | SA_REP     |  7300.00 |           0.15 |    148 |     80 |
|    173 | Sundita     | Kumar       | SKUMAR   | 1987-08-29 | SA_REP     |  6100.00 |           0.10 |    148 |     80 |
|    175 | Alyssa      | Hutton      | AHUTTON  | 1996-08-31 | SA_REP     |  8800.00 |           0.25 |    149 |     80 |
|    176 | Jonathon    | Taylor      | JTAYLOR  | 1987-09-01 | SA_REP     |  8600.00 |           0.20 |    149 |     80 |
|    177 | Jack        | Livingston  | JLIVINGS | 1987-09-02 | SA_REP     |  8400.00 |           0.20 |    149 |     80 |
|    179 | Charles     | Johnson     | CJOHNSON | 1999-09-04 | SA_REP     |  6200.00 |           0.10 |    149 |     80 |
|    180 | Winston     | Taylor      | WTAYLOR  | 1987-09-05 | SH_CLERK   |  3200.00 |           0.00 |    120 |     50 |
|    181 | Jean        | Fleaur      | JFLEAUR  | 1987-09-06 | SH_CLERK   |  3100.00 |           0.00 |    120 |     50 |
|    182 | Martha      | Sullivan    | MSULLIVA | 1987-09-07 | SH_CLERK   |  2500.00 |           0.00 |    120 |     50 |
|    183 | Girard      | Geoni       | GGEONI   | 1987-09-08 | SH_CLERK   |  2800.00 |           0.00 |    120 |     50 |
|    184 | Nandita     | Sarchand    | NSARCHAN | 2012-09-09 | SH_CLERK   |  4200.00 |           0.00 |    121 |     50 |
|    185 | Alexis      | Bull        | ABULL    | 1987-09-10 | SH_CLERK   |  4100.00 |           0.00 |    121 |     50 |
|    186 | Julia       | Dellinger   | JDELLING | 1987-09-11 | SH_CLERK   |  3400.00 |           0.00 |    121 |     50 |
|    187 | Anthony     | Cabrio      | ACABRIO  | 2007-09-12 | SH_CLERK   |  3000.00 |           0.00 |    121 |     50 |
|    188 | Kelly       | Chung       | KCHUNG   | 1987-09-13 | SH_CLERK   |  3800.00 |           0.00 |    122 |     50 |
|    189 | Jennifer    | Dilly       | JDILLY   | 1987-09-14 | SH_CLERK   |  3600.00 |           0.00 |    122 |     50 |
|    190 | Timothy     | Gates       | TGATES   | 1987-09-15 | SH_CLERK   |  2900.00 |           0.00 |    122 |     50 |
|    191 | Randall     | Perkins     | RPERKINS | 1987-09-16 | SH_CLERK   |  2500.00 |           0.00 |    122 |     50 |
|    192 | Sarah       | Bell        | SBELL    | 1987-09-17 | SH_CLERK   |  4000.00 |           0.00 |    123 |     50 |
|    193 | Britney     | Everett     | BEVERETT | 1987-09-18 | SH_CLERK   |  3900.00 |           0.00 |    123 |     50 |
|    194 | Samuel      | McCain      | SMCCAIN  | 2000-09-19 | SH_CLERK   |  3200.00 |           0.00 |    123 |     50 |
|    195 | Vance       | Jones       | VJONES   | 1996-09-20 | SH_CLERK   |  2800.00 |           0.00 |    123 |     50 |
|    196 | Alana       | Walsh       | AWALSH   | 1987-09-21 | SH_CLERK   |  3100.00 |           0.00 |    124 |     50 |
|    197 | Kevin       | Feeney      | KFEENEY  | 1987-09-22 | SH_CLERK   |  3000.00 |           0.00 |    124 |     50 |
|    198 | Donald      | OConnell    | DOCONNEL | 1997-09-23 | SH_CLERK   |  2600.00 |           0.00 |    124 |     50 |
|    199 | Douglas     | Grant       | DGRANT   | 1987-09-24 | SH_CLERK   |  2600.00 |           0.00 |    124 |     50 |
|    200 | Jennifer    | Whalen      | JWHALEN  | 1988-09-25 | AD_ASST    |  4400.00 |           0.00 |    101 |     10 |
|    202 | Pat         | Fay         | PFAY     | 1987-09-27 | MK_REP     |  6000.00 |           0.00 |    201 |     20 |
|    203 | Susan       | Mavris      | SMAVRIS  | 1989-09-28 | HR_REP     |  6500.00 |           0.00 |    101 |     40 |
|    206 | William     | Gietz       | WGIETZ   | 1997-10-01 | AC_ACCOUNT |  8300.00 |           0.00 |    205 |    110 |
+--------+-------------+-------------+----------+------------+------------+----------+----------------+--------+--------+
90 rows in set (1.19 sec)

mysql>  select * from myemp where salary not between 10000 and 15000 order by salary;
+--------+-------------+-------------+----------+------------+------------+----------+----------------+--------+--------+
| EMP_ID | FIRST_NAME  | LAST_NAME   | EMAIL    | HIRE_DATE  | JOB_ID     | SALARY   | COMMISSION_PCT | MGR_ID | DEP_ID |
+--------+-------------+-------------+----------+------------+------------+----------+----------------+--------+--------+
|    132 | TJ          | Olson       | TJOLSON  | 1987-07-19 | ST_CLERK   |  2100.00 |           0.00 |    121 |     50 |
|    136 | Hazel       | Philtanker  | HPHILTAN | 1990-07-23 | ST_CLERK   |  2200.00 |           0.00 |    122 |     50 |
|    128 | Steven      | Markle      | SMARKLE  | 1987-07-15 | ST_CLERK   |  2200.00 |           0.00 |    120 |     50 |
|    135 | Ki          | Gee         | KGEE     | 1987-07-22 | ST_CLERK   |  2400.00 |           0.00 |    122 |     50 |
|    127 | James       | Landry      | JLANDRY  | 1978-07-14 | ST_CLERK   |  2400.00 |           0.00 |    120 |     50 |
|    191 | Randall     | Perkins     | RPERKINS | 1987-09-16 | SH_CLERK   |  2500.00 |           0.00 |    122 |     50 |
|    144 | Peter       | Vargas      | PVARGAS  | 1998-07-31 | ST_CLERK   |  2500.00 |           0.00 |    124 |     50 |
|    140 | Joshua      | Patel       | JPATEL   | 2011-07-27 | ST_CLERK   |  2500.00 |           0.00 |    123 |     50 |
|    131 | James       | Marlow      | JAMRLOW  | 1987-07-18 | ST_CLERK   |  2500.00 |           0.00 |    121 |     50 |
|    119 | Karen       | Colmenares  | KCOLMENA | 1987-07-06 | PU_CLERK   |  2500.00 |           0.00 |    114 |     30 |
|    182 | Martha      | Sullivan    | MSULLIVA | 1987-09-07 | SH_CLERK   |  2500.00 |           0.00 |    120 |     50 |
|    143 | Randall     | Matos       | RMATOS   | 1987-07-30 | ST_CLERK   |  2600.00 |           0.00 |    124 |     50 |
|    118 | Guy         | Himuro      | GHIMURO  | 1995-07-05 | PU_CLERK   |  2600.00 |           0.00 |    114 |     30 |
|    198 | Donald      | OConnell    | DOCONNEL | 1997-09-23 | SH_CLERK   |  2600.00 |           0.00 |    124 |     50 |
|    199 | Douglas     | Grant       | DGRANT   | 1987-09-24 | SH_CLERK   |  2600.00 |           0.00 |    124 |     50 |
|    139 | John        | Seo         | JSEO     | 1989-07-26 | ST_CLERK   |  2700.00 |           0.00 |    123 |     50 |
|    126 | Irene       | Mikkilineni | IMIKKILI | 1987-07-13 | ST_CLERK   |  2700.00 |           0.00 |    120 |     50 |
|    195 | Vance       | Jones       | VJONES   | 1996-09-20 | SH_CLERK   |  2800.00 |           0.00 |    123 |     50 |
|    117 | Sigal       | Tobias      | STOBIAS  | 1987-07-04 | PU_CLERK   |  2800.00 |           0.00 |    114 |     30 |
|    183 | Girard      | Geoni       | GGEONI   | 1987-09-08 | SH_CLERK   |  2800.00 |           0.00 |    120 |     50 |
|    130 | Mozhe       | Atkinson    | MATKINSO | 1983-07-17 | ST_CLERK   |  2800.00 |           0.00 |    121 |     50 |
|    190 | Timothy     | Gates       | TGATES   | 1987-09-15 | SH_CLERK   |  2900.00 |           0.00 |    122 |     50 |
|    134 | Michael     | Rogers      | MROGERS  | 1987-07-21 | ST_CLERK   |  2900.00 |           0.00 |    122 |     50 |
|    116 | Shelli      | Baida       | SBAIDA   | 1987-07-03 | PU_CLERK   |  2900.00 |           0.00 |    114 |     30 |
|    187 | Anthony     | Cabrio      | ACABRIO  | 2007-09-12 | SH_CLERK   |  3000.00 |           0.00 |    121 |     50 |
|    197 | Kevin       | Feeney      | KFEENEY  | 1987-09-22 | SH_CLERK   |  3000.00 |           0.00 |    124 |     50 |
|    142 | Curtis      | Davies      | CDAVIES  | 1986-07-29 | ST_CLERK   |  3100.00 |           0.00 |    124 |     50 |
|    115 | Alexander   | Khoo        | AKHOO    | 1983-07-02 | PU_CLERK   |  3100.00 |           0.00 |    114 |     30 |
|    181 | Jean        | Fleaur      | JFLEAUR  | 1987-09-06 | SH_CLERK   |  3100.00 |           0.00 |    120 |     50 |
|    196 | Alana       | Walsh       | AWALSH   | 1987-09-21 | SH_CLERK   |  3100.00 |           0.00 |    124 |     50 |
|    125 | Julia       | Nayer       | JNAYER   | 1987-07-12 | ST_CLERK   |  3200.00 |           0.00 |    120 |     50 |
|    180 | Winston     | Taylor      | WTAYLOR  | 1987-09-05 | SH_CLERK   |  3200.00 |           0.00 |    120 |     50 |
|    138 | Stephen     | Stiles      | SSTILES  | 1987-07-25 | ST_CLERK   |  3200.00 |           0.00 |    123 |     50 |
|    194 | Samuel      | McCain      | SMCCAIN  | 2000-09-19 | SH_CLERK   |  3200.00 |           0.00 |    123 |     50 |
|    133 | Jason       | Mallin      | JMALLIN  | 1985-07-20 | ST_CLERK   |  3300.00 |           0.00 |    122 |     50 |
|    129 | Laura       | Bissot      | LBISSOT  | 1987-07-16 | ST_CLERK   |  3300.00 |           0.00 |    121 |     50 |
|    186 | Julia       | Dellinger   | JDELLING | 1987-09-11 | SH_CLERK   |  3400.00 |           0.00 |    121 |     50 |
|    141 | Trenna      | Rajs        | TRAJS    | 1987-07-28 | ST_CLERK   |  3500.00 |           0.00 |    124 |     50 |
|    137 | Renske      | Ladwig      | RLADWIG  | 2000-07-24 | ST_CLERK   |  3600.00 |           0.00 |    123 |     50 |
|    189 | Jennifer    | Dilly       | JDILLY   | 1987-09-14 | SH_CLERK   |  3600.00 |           0.00 |    122 |     50 |
|    188 | Kelly       | Chung       | KCHUNG   | 1987-09-13 | SH_CLERK   |  3800.00 |           0.00 |    122 |     50 |
|    193 | Britney     | Everett     | BEVERETT | 1987-09-18 | SH_CLERK   |  3900.00 |           0.00 |    123 |     50 |
|    192 | Sarah       | Bell        | SBELL    | 1987-09-17 | SH_CLERK   |  4000.00 |           0.00 |    123 |     50 |
|    185 | Alexis      | Bull        | ABULL    | 1987-09-10 | SH_CLERK   |  4100.00 |           0.00 |    121 |     50 |
|    107 | Diana       | Lorentz     | DLORENTZ | 1987-06-24 | IT_PROG    |  4200.00 |           0.00 |    103 |     60 |
|    184 | Nandita     | Sarchand    | NSARCHAN | 2012-09-09 | SH_CLERK   |  4200.00 |           0.00 |    121 |     50 |
|    200 | Jennifer    | Whalen      | JWHALEN  | 1988-09-25 | AD_ASST    |  4400.00 |           0.00 |    101 |     10 |
|    105 | David       | Austin      | DAUSTIN  | 1987-06-22 | IT_PROG    |  4800.00 |           0.00 |    103 |     60 |
|    106 | Valli       | Pataballa   | VPATABAL | 1980-06-23 | IT_PROG    |  4800.00 |           0.00 |    103 |     60 |
|    124 | Kevin       | Mourgos     | KMOURGOS | 1997-07-11 | ST_MAN     |  5800.00 |           0.00 |    100 |     50 |
|    104 | Bruce       | Ernst       | BERNST   | 1987-06-21 | IT_PROG    |  6000.00 |           0.00 |    103 |     60 |
|    202 | Pat         | Fay         | PFAY     | 1987-09-27 | MK_REP     |  6000.00 |           0.00 |    201 |     20 |
|    173 | Sundita     | Kumar       | SKUMAR   | 1987-08-29 | SA_REP     |  6100.00 |           0.10 |    148 |     80 |
|    179 | Charles     | Johnson     | CJOHNSON | 1999-09-04 | SA_REP     |  6200.00 |           0.10 |    149 |     80 |
|    167 | Amit        | Banda       | ABANDA   | 1987-08-23 | SA_REP     |  6200.00 |           0.10 |    147 |     80 |
|    166 | Sundar      | Ande        | SANDE    | 1987-08-22 | SA_REP     |  6400.00 |           0.10 |    147 |     80 |
|    123 | Shanta      | Vollman     | SVOLLMAN | 1987-07-10 | ST_MAN     |  6500.00 |           0.00 |    100 |     50 |
|    203 | Susan       | Mavris      | SMAVRIS  | 1989-09-28 | HR_REP     |  6500.00 |           0.00 |    101 |     40 |
|    165 | David       | Lee         | DLEE     | 1987-08-21 | SA_REP     |  6800.00 |           0.10 |    147 |     80 |
|    113 | Luis        | Popp        | LPOPP    | 1987-06-30 | FI_ACCOUNT |  6900.00 |           0.00 |    108 |    100 |
|    161 | Sarath      | Sewall      | SSEWALL  | 1987-08-17 | SA_REP     |  7000.00 |           0.25 |    146 |     80 |
|    155 | Oliver      | Tuvault     | OTUVAULT | 1987-08-11 | SA_REP     |  7000.00 |           0.15 |    145 |     80 |
|    164 | Mattea      | Marvins     | MMARVINS | 2007-08-20 | SA_REP     |  7200.00 |           0.10 |    147 |     80 |
|    172 | Elizabeth   | Bates       | EBATES   | 1987-08-28 | SA_REP     |  7300.00 |           0.15 |    148 |     80 |
|    171 | William     | Smith       | WSMITH   | 1987-08-27 | SA_REP     |  7400.00 |           0.15 |    148 |     80 |
|    160 | Louise      | Doran       | LDORAN   | 2003-08-16 | SA_REP     |  7500.00 |           0.30 |    146 |     80 |
|    154 | Nanette     | Cambrault   | NCAMBRAU | 1987-08-10 | SA_REP     |  7500.00 |           0.20 |    145 |     80 |
|    111 | Ismael      | Sciarra     | ISCIARRA | 1987-06-28 | FI_ACCOUNT |  7700.00 |           0.00 |    108 |    100 |
|    112 | Jose Manuel | Urman       | JMURMAN  | 1981-06-29 | FI_ACCOUNT |  7800.00 |           0.00 |    108 |    100 |
|    122 | Payam       | Kaufling    | PKAUFLIN | 1987-07-09 | ST_MAN     |  7900.00 |           0.00 |    100 |     50 |
|    153 | Christopher | Olsen       | COLSEN   | 1987-08-09 | SA_REP     |  8000.00 |           0.20 |    145 |     80 |
|    159 | Lindsey     | Smith       | LSMITH   | 1987-08-15 | SA_REP     |  8000.00 |           0.30 |    146 |     80 |
|    120 | Matthew     | Weiss       | MWEISS   | 1987-07-07 | ST_MAN     |  8000.00 |           0.00 |    100 |     50 |
|    121 | Adam        | Fripp       | AFRIPP   | 1990-07-08 | ST_MAN     |  8200.00 |           0.00 |    100 |     50 |
|    110 | John        | Chen        | JCHEN    | 1987-06-27 | FI_ACCOUNT |  8200.00 |           0.00 |    108 |    100 |
|    206 | William     | Gietz       | WGIETZ   | 1997-10-01 | AC_ACCOUNT |  8300.00 |           0.00 |    205 |    110 |
|    177 | Jack        | Livingston  | JLIVINGS | 1987-09-02 | SA_REP     |  8400.00 |           0.20 |    149 |     80 |
|    176 | Jonathon    | Taylor      | JTAYLOR  | 1987-09-01 | SA_REP     |  8600.00 |           0.20 |    149 |     80 |
|    175 | Alyssa      | Hutton      | AHUTTON  | 1996-08-31 | SA_REP     |  8800.00 |           0.25 |    149 |     80 |
|    158 | Allan       | McEwen      | AMCEWEN  | 1987-08-14 | SA_REP     |  9000.00 |           0.35 |    146 |     80 |
|    152 | Peter       | Hall        | PHALL    | 1987-08-08 | SA_REP     |  9000.00 |           0.25 |    145 |     80 |
|    103 | Alexander   | Hunold      | AHUNOLD  | 1976-06-20 | IT_PROG    |  9000.00 |           0.00 |    102 |     60 |
|    109 | Daniel      | Faviet      | DFAVIET  | 1992-06-26 | FI_ACCOUNT |  9000.00 |           0.00 |    108 |    100 |
|    157 | Patrick     | Sully       | PSULLY   | 2002-08-13 | SA_REP     |  9500.00 |           0.35 |    146 |     80 |
|    151 | David       | Bernstein   | DBERNSTE | 2013-08-07 | SA_REP     |  9500.00 |           0.25 |    145 |     80 |
|    163 | Danielle    | Greene      | DGREENE  | 1987-08-19 | SA_REP     |  9500.00 |           0.15 |    147 |     80 |
|    170 | Tayler      | Fox         | TFOX     | 1987-08-26 | SA_REP     |  9600.00 |           0.20 |    148 |     80 |
|    101 | Neena       | Kochhar     | NKOCHHAR | 1987-06-18 | AD_VP      | 17000.00 |           0.00 |    100 |     90 |
|    102 | Lex         | De Haan     | LDEHAAN  | 1987-06-19 | AD_VP      | 17000.00 |           0.00 |    100 |     90 |
|    100 | Steven      | King        | SKING    | 1998-06-17 | AD_PRES    | 24000.00 |           0.00 |      0 |     90 |
+--------+-------------+-------------+----------+------------+------------+----------+----------------+--------+--------+
90 rows in set (0.00 sec)

mysql>  select * from myemp where salary not between 10000 and 15000 dep_id=10,20,30;
ERROR 1064 (42000): You have an error in your SQL syntax; check the manual that corresponds to your MySQL server version for the right syntax to use near 'dep_id=10,20,30' at line 1
mysql> select * from myemp where salary not between 10000 and 15000 dep_id=10;
ERROR 1064 (42000): You have an error in your SQL syntax; check the manual that corresponds to your MySQL server version for the right syntax to use near 'dep_id=10' at line 1
mysql> select * from myemp where dep_id=10 or dep_id=50 or dep_id=100;
+--------+-------------+-------------+----------+------------+------------+----------+----------------+--------+--------+
| EMP_ID | FIRST_NAME  | LAST_NAME   | EMAIL    | HIRE_DATE  | JOB_ID     | SALARY   | COMMISSION_PCT | MGR_ID | DEP_ID |
+--------+-------------+-------------+----------+------------+------------+----------+----------------+--------+--------+
|    108 | Nancy       | Greenberg   | NGREENBE | 1987-06-25 | FI_MGR     | 12000.00 |           0.00 |    101 |    100 |
|    109 | Daniel      | Faviet      | DFAVIET  | 1992-06-26 | FI_ACCOUNT |  9000.00 |           0.00 |    108 |    100 |
|    110 | John        | Chen        | JCHEN    | 1987-06-27 | FI_ACCOUNT |  8200.00 |           0.00 |    108 |    100 |
|    111 | Ismael      | Sciarra     | ISCIARRA | 1987-06-28 | FI_ACCOUNT |  7700.00 |           0.00 |    108 |    100 |
|    112 | Jose Manuel | Urman       | JMURMAN  | 1981-06-29 | FI_ACCOUNT |  7800.00 |           0.00 |    108 |    100 |
|    113 | Luis        | Popp        | LPOPP    | 1987-06-30 | FI_ACCOUNT |  6900.00 |           0.00 |    108 |    100 |
|    120 | Matthew     | Weiss       | MWEISS   | 1987-07-07 | ST_MAN     |  8000.00 |           0.00 |    100 |     50 |
|    121 | Adam        | Fripp       | AFRIPP   | 1990-07-08 | ST_MAN     |  8200.00 |           0.00 |    100 |     50 |
|    122 | Payam       | Kaufling    | PKAUFLIN | 1987-07-09 | ST_MAN     |  7900.00 |           0.00 |    100 |     50 |
|    123 | Shanta      | Vollman     | SVOLLMAN | 1987-07-10 | ST_MAN     |  6500.00 |           0.00 |    100 |     50 |
|    124 | Kevin       | Mourgos     | KMOURGOS | 1997-07-11 | ST_MAN     |  5800.00 |           0.00 |    100 |     50 |
|    125 | Julia       | Nayer       | JNAYER   | 1987-07-12 | ST_CLERK   |  3200.00 |           0.00 |    120 |     50 |
|    126 | Irene       | Mikkilineni | IMIKKILI | 1987-07-13 | ST_CLERK   |  2700.00 |           0.00 |    120 |     50 |
|    127 | James       | Landry      | JLANDRY  | 1978-07-14 | ST_CLERK   |  2400.00 |           0.00 |    120 |     50 |
|    128 | Steven      | Markle      | SMARKLE  | 1987-07-15 | ST_CLERK   |  2200.00 |           0.00 |    120 |     50 |
|    129 | Laura       | Bissot      | LBISSOT  | 1987-07-16 | ST_CLERK   |  3300.00 |           0.00 |    121 |     50 |
|    130 | Mozhe       | Atkinson    | MATKINSO | 1983-07-17 | ST_CLERK   |  2800.00 |           0.00 |    121 |     50 |
|    131 | James       | Marlow      | JAMRLOW  | 1987-07-18 | ST_CLERK   |  2500.00 |           0.00 |    121 |     50 |
|    132 | TJ          | Olson       | TJOLSON  | 1987-07-19 | ST_CLERK   |  2100.00 |           0.00 |    121 |     50 |
|    133 | Jason       | Mallin      | JMALLIN  | 1985-07-20 | ST_CLERK   |  3300.00 |           0.00 |    122 |     50 |
|    134 | Michael     | Rogers      | MROGERS  | 1987-07-21 | ST_CLERK   |  2900.00 |           0.00 |    122 |     50 |
|    135 | Ki          | Gee         | KGEE     | 1987-07-22 | ST_CLERK   |  2400.00 |           0.00 |    122 |     50 |
|    136 | Hazel       | Philtanker  | HPHILTAN | 1990-07-23 | ST_CLERK   |  2200.00 |           0.00 |    122 |     50 |
|    137 | Renske      | Ladwig      | RLADWIG  | 2000-07-24 | ST_CLERK   |  3600.00 |           0.00 |    123 |     50 |
|    138 | Stephen     | Stiles      | SSTILES  | 1987-07-25 | ST_CLERK   |  3200.00 |           0.00 |    123 |     50 |
|    139 | John        | Seo         | JSEO     | 1989-07-26 | ST_CLERK   |  2700.00 |           0.00 |    123 |     50 |
|    140 | Joshua      | Patel       | JPATEL   | 2011-07-27 | ST_CLERK   |  2500.00 |           0.00 |    123 |     50 |
|    141 | Trenna      | Rajs        | TRAJS    | 1987-07-28 | ST_CLERK   |  3500.00 |           0.00 |    124 |     50 |
|    142 | Curtis      | Davies      | CDAVIES  | 1986-07-29 | ST_CLERK   |  3100.00 |           0.00 |    124 |     50 |
|    143 | Randall     | Matos       | RMATOS   | 1987-07-30 | ST_CLERK   |  2600.00 |           0.00 |    124 |     50 |
|    144 | Peter       | Vargas      | PVARGAS  | 1998-07-31 | ST_CLERK   |  2500.00 |           0.00 |    124 |     50 |
|    180 | Winston     | Taylor      | WTAYLOR  | 1987-09-05 | SH_CLERK   |  3200.00 |           0.00 |    120 |     50 |
|    181 | Jean        | Fleaur      | JFLEAUR  | 1987-09-06 | SH_CLERK   |  3100.00 |           0.00 |    120 |     50 |
|    182 | Martha      | Sullivan    | MSULLIVA | 1987-09-07 | SH_CLERK   |  2500.00 |           0.00 |    120 |     50 |
|    183 | Girard      | Geoni       | GGEONI   | 1987-09-08 | SH_CLERK   |  2800.00 |           0.00 |    120 |     50 |
|    184 | Nandita     | Sarchand    | NSARCHAN | 2012-09-09 | SH_CLERK   |  4200.00 |           0.00 |    121 |     50 |
|    185 | Alexis      | Bull        | ABULL    | 1987-09-10 | SH_CLERK   |  4100.00 |           0.00 |    121 |     50 |
|    186 | Julia       | Dellinger   | JDELLING | 1987-09-11 | SH_CLERK   |  3400.00 |           0.00 |    121 |     50 |
|    187 | Anthony     | Cabrio      | ACABRIO  | 2007-09-12 | SH_CLERK   |  3000.00 |           0.00 |    121 |     50 |
|    188 | Kelly       | Chung       | KCHUNG   | 1987-09-13 | SH_CLERK   |  3800.00 |           0.00 |    122 |     50 |
|    189 | Jennifer    | Dilly       | JDILLY   | 1987-09-14 | SH_CLERK   |  3600.00 |           0.00 |    122 |     50 |
|    190 | Timothy     | Gates       | TGATES   | 1987-09-15 | SH_CLERK   |  2900.00 |           0.00 |    122 |     50 |
|    191 | Randall     | Perkins     | RPERKINS | 1987-09-16 | SH_CLERK   |  2500.00 |           0.00 |    122 |     50 |
|    192 | Sarah       | Bell        | SBELL    | 1987-09-17 | SH_CLERK   |  4000.00 |           0.00 |    123 |     50 |
|    193 | Britney     | Everett     | BEVERETT | 1987-09-18 | SH_CLERK   |  3900.00 |           0.00 |    123 |     50 |
|    194 | Samuel      | McCain      | SMCCAIN  | 2000-09-19 | SH_CLERK   |  3200.00 |           0.00 |    123 |     50 |
|    195 | Vance       | Jones       | VJONES   | 1996-09-20 | SH_CLERK   |  2800.00 |           0.00 |    123 |     50 |
|    196 | Alana       | Walsh       | AWALSH   | 1987-09-21 | SH_CLERK   |  3100.00 |           0.00 |    124 |     50 |
|    197 | Kevin       | Feeney      | KFEENEY  | 1987-09-22 | SH_CLERK   |  3000.00 |           0.00 |    124 |     50 |
|    198 | Donald      | OConnell    | DOCONNEL | 1997-09-23 | SH_CLERK   |  2600.00 |           0.00 |    124 |     50 |
|    199 | Douglas     | Grant       | DGRANT   | 1987-09-24 | SH_CLERK   |  2600.00 |           0.00 |    124 |     50 |
|    200 | Jennifer    | Whalen      | JWHALEN  | 1988-09-25 | AD_ASST    |  4400.00 |           0.00 |    101 |     10 |
+--------+-------------+-------------+----------+------------+------------+----------+----------------+--------+--------+
52 rows in set (0.00 sec)

mysql> select * from myemp where dep_id in(10,30,100);
+--------+-------------+------------+----------+------------+------------+----------+----------------+--------+--------+
| EMP_ID | FIRST_NAME  | LAST_NAME  | EMAIL    | HIRE_DATE  | JOB_ID     | SALARY   | COMMISSION_PCT | MGR_ID | DEP_ID |
+--------+-------------+------------+----------+------------+------------+----------+----------------+--------+--------+
|    108 | Nancy       | Greenberg  | NGREENBE | 1987-06-25 | FI_MGR     | 12000.00 |           0.00 |    101 |    100 |
|    109 | Daniel      | Faviet     | DFAVIET  | 1992-06-26 | FI_ACCOUNT |  9000.00 |           0.00 |    108 |    100 |
|    110 | John        | Chen       | JCHEN    | 1987-06-27 | FI_ACCOUNT |  8200.00 |           0.00 |    108 |    100 |
|    111 | Ismael      | Sciarra    | ISCIARRA | 1987-06-28 | FI_ACCOUNT |  7700.00 |           0.00 |    108 |    100 |
|    112 | Jose Manuel | Urman      | JMURMAN  | 1981-06-29 | FI_ACCOUNT |  7800.00 |           0.00 |    108 |    100 |
|    113 | Luis        | Popp       | LPOPP    | 1987-06-30 | FI_ACCOUNT |  6900.00 |           0.00 |    108 |    100 |
|    114 | Den         | Raphaely   | DRAPHEAL | 1987-07-01 | PU_MAN     | 11000.00 |           0.00 |    100 |     30 |
|    115 | Alexander   | Khoo       | AKHOO    | 1983-07-02 | PU_CLERK   |  3100.00 |           0.00 |    114 |     30 |
|    116 | Shelli      | Baida      | SBAIDA   | 1987-07-03 | PU_CLERK   |  2900.00 |           0.00 |    114 |     30 |
|    117 | Sigal       | Tobias     | STOBIAS  | 1987-07-04 | PU_CLERK   |  2800.00 |           0.00 |    114 |     30 |
|    118 | Guy         | Himuro     | GHIMURO  | 1995-07-05 | PU_CLERK   |  2600.00 |           0.00 |    114 |     30 |
|    119 | Karen       | Colmenares | KCOLMENA | 1987-07-06 | PU_CLERK   |  2500.00 |           0.00 |    114 |     30 |
|    200 | Jennifer    | Whalen     | JWHALEN  | 1988-09-25 | AD_ASST    |  4400.00 |           0.00 |    101 |     10 |
+--------+-------------+------------+----------+------------+------------+----------+----------------+--------+--------+
13 rows in set (0.19 sec)

mysql>
mysql>
mysql>
mysql>
mysql>
mysql>
mysql>
mysql>
mysql>
mysql>
mysql>
mysql>
mysql>
mysql>
mysql>
mysql>
mysql>
mysql>
mysql>
mysql>
mysql>
mysql>
mysql>
mysql>
mysql>
mysql>
mysql>
mysql>
mysql>
mysql>
mysql>
mysql>
mysql>
mysql>
mysql>
mysql>
mysql>
mysql>
mysql>
mysql> select * from myemp where first_name like "c%";
+--------+-------------+-----------+----------+------------+----------+----------+----------------+--------+--------+
| EMP_ID | FIRST_NAME  | LAST_NAME | EMAIL    | HIRE_DATE  | JOB_ID   | SALARY   | COMMISSION_PCT | MGR_ID | DEP_ID |
+--------+-------------+-----------+----------+------------+----------+----------+----------------+--------+--------+
|    142 | Curtis      | Davies    | CDAVIES  | 1986-07-29 | ST_CLERK |  3100.00 |           0.00 |    124 |     50 |
|    153 | Christopher | Olsen     | COLSEN   | 1987-08-09 | SA_REP   |  8000.00 |           0.20 |    145 |     80 |
|    162 | Clara       | Vishney   | CVISHNEY | 1987-08-18 | SA_REP   | 10500.00 |           0.25 |    147 |     80 |
|    179 | Charles     | Johnson   | CJOHNSON | 1999-09-04 | SA_REP   |  6200.00 |           0.10 |    149 |     80 |
+--------+-------------+-----------+----------+------------+----------+----------+----------------+--------+--------+
4 rows in set (0.05 sec)

mysql> select * from myemp where first_name like "%c";
Empty set (0.03 sec)

mysql> select * from myemp where first_name like "%e";
+--------+------------+-------------+----------+------------+----------+----------+----------------+--------+--------+
| EMP_ID | FIRST_NAME | LAST_NAME   | EMAIL    | HIRE_DATE  | JOB_ID   | SALARY   | COMMISSION_PCT | MGR_ID | DEP_ID |
+--------+------------+-------------+----------+------------+----------+----------+----------------+--------+--------+
|    104 | Bruce      | Ernst       | BERNST   | 1987-06-21 | IT_PROG  |  6000.00 |           0.00 |    103 |     60 |
|    126 | Irene      | Mikkilineni | IMIKKILI | 1987-07-13 | ST_CLERK |  2700.00 |           0.00 |    120 |     50 |
|    130 | Mozhe      | Atkinson    | MATKINSO | 1983-07-17 | ST_CLERK |  2800.00 |           0.00 |    121 |     50 |
|    137 | Renske     | Ladwig      | RLADWIG  | 2000-07-24 | ST_CLERK |  3600.00 |           0.00 |    123 |     50 |
|    154 | Nanette    | Cambrault   | NCAMBRAU | 1987-08-10 | SA_REP   |  7500.00 |           0.20 |    145 |     80 |
|    156 | Janette    | King        | JKING    | 1987-08-12 | SA_REP   | 10000.00 |           0.35 |    146 |     80 |
|    160 | Louise     | Doran       | LDORAN   | 2003-08-16 | SA_REP   |  7500.00 |           0.30 |    146 |     80 |
|    163 | Danielle   | Greene      | DGREENE  | 1987-08-19 | SA_REP   |  9500.00 |           0.15 |    147 |     80 |
|    195 | Vance      | Jones       | VJONES   | 1996-09-20 | SH_CLERK |  2800.00 |           0.00 |    123 |     50 |
+--------+------------+-------------+----------+------------+----------+----------+----------------+--------+--------+
9 rows in set (0.00 sec)

mysql> select * from myemp where first_name like "%c";
Empty set (0.00 sec)

mysql> select * from myemp where first_name like "%c%";
+--------+-------------+------------+----------+------------+----------+----------+----------------+--------+--------+
| EMP_ID | FIRST_NAME  | LAST_NAME  | EMAIL    | HIRE_DATE  | JOB_ID   | SALARY   | COMMISSION_PCT | MGR_ID | DEP_ID |
+--------+-------------+------------+----------+------------+----------+----------+----------------+--------+--------+
|    104 | Bruce       | Ernst      | BERNST   | 1987-06-21 | IT_PROG  |  6000.00 |           0.00 |    103 |     60 |
|    108 | Nancy       | Greenberg  | NGREENBE | 1987-06-25 | FI_MGR   | 12000.00 |           0.00 |    101 |    100 |
|    134 | Michael     | Rogers     | MROGERS  | 1987-07-21 | ST_CLERK |  2900.00 |           0.00 |    122 |     50 |
|    142 | Curtis      | Davies     | CDAVIES  | 1986-07-29 | ST_CLERK |  3100.00 |           0.00 |    124 |     50 |
|    153 | Christopher | Olsen      | COLSEN   | 1987-08-09 | SA_REP   |  8000.00 |           0.20 |    145 |     80 |
|    157 | Patrick     | Sully      | PSULLY   | 2002-08-13 | SA_REP   |  9500.00 |           0.35 |    146 |     80 |
|    162 | Clara       | Vishney    | CVISHNEY | 1987-08-18 | SA_REP   | 10500.00 |           0.25 |    147 |     80 |
|    177 | Jack        | Livingston | JLIVINGS | 1987-09-02 | SA_REP   |  8400.00 |           0.20 |    149 |     80 |
|    179 | Charles     | Johnson    | CJOHNSON | 1999-09-04 | SA_REP   |  6200.00 |           0.10 |    149 |     80 |
|    195 | Vance       | Jones      | VJONES   | 1996-09-20 | SH_CLERK |  2800.00 |           0.00 |    123 |     50 |
|    201 | Michael     | Hartstein  | MHARTSTE | 1987-09-26 | MK_MAN   | 13000.00 |           0.00 |    100 |     20 |
+--------+-------------+------------+----------+------------+----------+----------+----------------+--------+--------+
11 rows in set (0.00 sec)

mysql> select * from myemp where last_name like "%c%";
+--------+------------+------------+----------+------------+------------+----------+----------------+--------+--------+
| EMP_ID | FIRST_NAME | LAST_NAME  | EMAIL    | HIRE_DATE  | JOB_ID     | SALARY   | COMMISSION_PCT | MGR_ID | DEP_ID |
+--------+------------+------------+----------+------------+------------+----------+----------------+--------+--------+
|    101 | Neena      | Kochhar    | NKOCHHAR | 1987-06-18 | AD_VP      | 17000.00 |           0.00 |    100 |     90 |
|    110 | John       | Chen       | JCHEN    | 1987-06-27 | FI_ACCOUNT |  8200.00 |           0.00 |    108 |    100 |
|    111 | Ismael     | Sciarra    | ISCIARRA | 1987-06-28 | FI_ACCOUNT |  7700.00 |           0.00 |    108 |    100 |
|    119 | Karen      | Colmenares | KCOLMENA | 1987-07-06 | PU_CLERK   |  2500.00 |           0.00 |    114 |     30 |
|    148 | Gerald     | Cambrault  | GCAMBRAU | 2015-08-04 | SA_MAN     | 11000.00 |           0.30 |    100 |     80 |
|    150 | Peter      | Tucker     | PTUCKER  | 1987-08-06 | SA_REP     | 10000.00 |           0.30 |    145 |     80 |
|    154 | Nanette    | Cambrault  | NCAMBRAU | 1987-08-10 | SA_REP     |  7500.00 |           0.20 |    145 |     80 |
|    158 | Allan      | McEwen     | AMCEWEN  | 1987-08-14 | SA_REP     |  9000.00 |           0.35 |    146 |     80 |
|    184 | Nandita    | Sarchand   | NSARCHAN | 2012-09-09 | SH_CLERK   |  4200.00 |           0.00 |    121 |     50 |
|    187 | Anthony    | Cabrio     | ACABRIO  | 2007-09-12 | SH_CLERK   |  3000.00 |           0.00 |    121 |     50 |
|    188 | Kelly      | Chung      | KCHUNG   | 1987-09-13 | SH_CLERK   |  3800.00 |           0.00 |    122 |     50 |
|    194 | Samuel     | McCain     | SMCCAIN  | 2000-09-19 | SH_CLERK   |  3200.00 |           0.00 |    123 |     50 |
|    198 | Donald     | OConnell   | DOCONNEL | 1997-09-23 | SH_CLERK   |  2600.00 |           0.00 |    124 |     50 |
+--------+------------+------------+----------+------------+------------+----------+----------------+--------+--------+
13 rows in set (0.00 sec)

mysql> select * from myemp where last_name like "%c%" order by last_name;
+--------+------------+------------+----------+------------+------------+----------+----------------+--------+--------+
| EMP_ID | FIRST_NAME | LAST_NAME  | EMAIL    | HIRE_DATE  | JOB_ID     | SALARY   | COMMISSION_PCT | MGR_ID | DEP_ID |
+--------+------------+------------+----------+------------+------------+----------+----------------+--------+--------+
|    187 | Anthony    | Cabrio     | ACABRIO  | 2007-09-12 | SH_CLERK   |  3000.00 |           0.00 |    121 |     50 |
|    148 | Gerald     | Cambrault  | GCAMBRAU | 2015-08-04 | SA_MAN     | 11000.00 |           0.30 |    100 |     80 |
|    154 | Nanette    | Cambrault  | NCAMBRAU | 1987-08-10 | SA_REP     |  7500.00 |           0.20 |    145 |     80 |
|    110 | John       | Chen       | JCHEN    | 1987-06-27 | FI_ACCOUNT |  8200.00 |           0.00 |    108 |    100 |
|    188 | Kelly      | Chung      | KCHUNG   | 1987-09-13 | SH_CLERK   |  3800.00 |           0.00 |    122 |     50 |
|    119 | Karen      | Colmenares | KCOLMENA | 1987-07-06 | PU_CLERK   |  2500.00 |           0.00 |    114 |     30 |
|    101 | Neena      | Kochhar    | NKOCHHAR | 1987-06-18 | AD_VP      | 17000.00 |           0.00 |    100 |     90 |
|    194 | Samuel     | McCain     | SMCCAIN  | 2000-09-19 | SH_CLERK   |  3200.00 |           0.00 |    123 |     50 |
|    158 | Allan      | McEwen     | AMCEWEN  | 1987-08-14 | SA_REP     |  9000.00 |           0.35 |    146 |     80 |
|    198 | Donald     | OConnell   | DOCONNEL | 1997-09-23 | SH_CLERK   |  2600.00 |           0.00 |    124 |     50 |
|    184 | Nandita    | Sarchand   | NSARCHAN | 2012-09-09 | SH_CLERK   |  4200.00 |           0.00 |    121 |     50 |
|    111 | Ismael     | Sciarra    | ISCIARRA | 1987-06-28 | FI_ACCOUNT |  7700.00 |           0.00 |    108 |    100 |
|    150 | Peter      | Tucker     | PTUCKER  | 1987-08-06 | SA_REP     | 10000.00 |           0.30 |    145 |     80 |
+--------+------------+------------+----------+------------+------------+----------+----------------+--------+--------+
13 rows in set (0.13 sec)

mysql> select * from myemp where first_name like "J-----";
Empty set (0.08 sec)

mysql> select * from myemp where first_name like "J----";
Empty set (0.00 sec)

mysql>  select * from myemp where first_name like "J----";
Empty set (0.00 sec)

mysql>
mysql>  select * from myemp where first_name like "J----";
Empty set (0.00 sec)

mysql> select * from myemp where first_name like "J----";
Empty set (0.08 sec)

mysql> select * from myemp where first_name like "A----";
Empty set (0.00 sec)

mysql> select * from myemp where first_name like "j----";
Empty set (0.00 sec)

mysql>   select * from myemp where first_name like "J----";
Empty set (0.00 sec)

mysql> select sum(salary) from myemp;
+-------------+
| sum(salary) |
+-------------+
|   684400.00 |
+-------------+
1 row in set (0.22 sec)

mysql> select avg(salary),min(salary),max(salary) from myemp;
+-------------+-------------+-------------+
| avg(salary) | min(salary) | max(salary) |
+-------------+-------------+-------------+
| 6456.603774 |     2100.00 |    24000.00 |
+-------------+-------------+-------------+
1 row in set (0.36 sec)

mysql> select count(*) myemp;
+-------+
| myemp |
+-------+
|     1 |
+-------+
1 row in set (0.01 sec)

mysql> select count(*) from myemp;
+----------+
| count(*) |
+----------+
|      106 |
+----------+
1 row in set (0.84 sec)

mysql> select dep_id,sum(salary) from myemp group by dep_id;
+--------+-------------+
| dep_id | sum(salary) |
+--------+-------------+
|     90 |    58000.00 |
|     60 |    28800.00 |
|    100 |    51600.00 |
|     30 |    24900.00 |
|     50 |   156400.00 |
|     80 |   304500.00 |
|     10 |     4400.00 |
|     20 |    19000.00 |
|     40 |     6500.00 |
|     70 |    10000.00 |
|    110 |    20300.00 |
+--------+-------------+
11 rows in set (0.67 sec)

mysql> select dep_id,sum(salary) from myemp group by dep_id order by sum(salary);
+--------+-------------+
| dep_id | sum(salary) |
+--------+-------------+
|     10 |     4400.00 |
|     40 |     6500.00 |
|     70 |    10000.00 |
|     20 |    19000.00 |
|    110 |    20300.00 |
|     30 |    24900.00 |
|     60 |    28800.00 |
|    100 |    51600.00 |
|     90 |    58000.00 |
|     50 |   156400.00 |
|     80 |   304500.00 |
+--------+-------------+
11 rows in set (0.00 sec)

mysql> select dep_id,sum(salary) from myemp group by dep_id order by avg(salary);
+--------+-------------+
| dep_id | sum(salary) |
+--------+-------------+
|     50 |   156400.00 |
|     30 |    24900.00 |
|     10 |     4400.00 |
|     60 |    28800.00 |
|     40 |     6500.00 |
|    100 |    51600.00 |
|     80 |   304500.00 |
|     20 |    19000.00 |
|     70 |    10000.00 |
|    110 |    20300.00 |
|     90 |    58000.00 |
+--------+-------------+
11 rows in set (0.23 sec)

mysql> select count (*) from myemp where dep_id=50;
ERROR 1064 (42000): You have an error in your SQL syntax; check the manual that corresponds to your MySQL server version for the right syntax to use near '*) from myemp where dep_id=50' at line 1
mysql>  select count(*) from myemp where dep_id=50;
+----------+
| count(*) |
+----------+
|       45 |
+----------+
1 row in set (0.00 sec)

mysql>  select count(*) from myemp where salary=10000;
+----------+
| count(*) |
+----------+
|        4 |
+----------+
1 row in set (0.00 sec)

mysql>  select count(*) from myemp where salary>10000;
+----------+
| count(*) |
+----------+
|       15 |
+----------+
1 row in set (0.19 sec)

mysql> select dep_id,count(*) from myemp where salary>10000 group by dep;
ERROR 1054 (42S22): Unknown column 'dep' in 'group statement'
mysql> _id
    ->
    ->
    ->  select dep_id,count(*) from myemp where salary>10000 group by dep_id;
ERROR 1064 (42000): You have an error in your SQL syntax; check the manual that corresponds to your MySQL server version for the right syntax to use near '_id


 select dep_id,count(*) from myemp where salary>10000 group by dep_id' at line 1
mysql> select dep_id,count(*) from myemp where salary>10000 group by dep_id;
+--------+----------+
| dep_id | count(*) |
+--------+----------+
|     90 |        3 |
|    100 |        1 |
|     30 |        1 |
|     80 |        8 |
|     20 |        1 |
|    110 |        1 |
+--------+----------+
6 rows in set (0.00 sec)

mysql> select dep_id,mgr_id,avg(salary) from myemp group by dep_id,mgr_id;
+--------+--------+--------------+
| dep_id | mgr_id | avg(salary)  |
+--------+--------+--------------+
|     90 |      0 | 24000.000000 |
|     90 |    100 | 17000.000000 |
|     60 |    102 |  9000.000000 |
|     60 |    103 |  4950.000000 |
|    100 |    101 | 12000.000000 |
|    100 |    108 |  7920.000000 |
|     30 |    100 | 11000.000000 |
|     30 |    114 |  2780.000000 |
|     50 |    100 |  7280.000000 |
|     50 |    120 |  2762.500000 |
|     50 |    121 |  3175.000000 |
|     50 |    122 |  2950.000000 |
|     50 |    123 |  3237.500000 |
|     50 |    124 |  2875.000000 |
|     80 |    100 | 12200.000000 |
|     80 |    145 |  8500.000000 |
|     80 |    146 |  8500.000000 |
|     80 |    147 |  7766.666667 |
|     80 |    148 |  8650.000000 |
|     80 |    149 |  8600.000000 |
|     10 |    101 |  4400.000000 |
|     20 |    100 | 13000.000000 |
|     20 |    201 |  6000.000000 |
|     40 |    101 |  6500.000000 |
|     70 |    101 | 10000.000000 |
|    110 |    101 | 12000.000000 |
|    110 |    205 |  8300.000000 |
+--------+--------+--------------+
27 rows in set (0.00 sec)

mysql>